Component: ARM Compiler 5.06 update 7 (build 960) Tool: armlink [4d3601]

==============================================================================

Section Cross References

    startup_stm32f103xb.o(RESET) refers to startup_stm32f103xb.o(STACK) for __initial_sp
    startup_stm32f103xb.o(RESET) refers to startup_stm32f103xb.o(.text) for Reset_Handler
    startup_stm32f103xb.o(RESET) refers to stm32f1xx_it.o(i.NMI_Handler) for NMI_Handler
    startup_stm32f103xb.o(RESET) refers to stm32f1xx_it.o(i.HardFault_Handler) for HardFault_Handler
    startup_stm32f103xb.o(RESET) refers to stm32f1xx_it.o(i.MemManage_Handler) for MemManage_Handler
    startup_stm32f103xb.o(RESET) refers to stm32f1xx_it.o(i.BusFault_Handler) for BusFault_Handler
    startup_stm32f103xb.o(RESET) refers to stm32f1xx_it.o(i.UsageFault_Handler) for UsageFault_Handler
    startup_stm32f103xb.o(RESET) refers to stm32f1xx_it.o(i.SVC_Handler) for SVC_Handler
    startup_stm32f103xb.o(RESET) refers to stm32f1xx_it.o(i.DebugMon_Handler) for DebugMon_Handler
    startup_stm32f103xb.o(RESET) refers to stm32f1xx_it.o(i.PendSV_Handler) for PendSV_Handler
    startup_stm32f103xb.o(RESET) refers to stm32f1xx_it.o(i.SysTick_Handler) for SysTick_Handler
    startup_stm32f103xb.o(RESET) refers to atk_max30102.o(i.EXTI9_5_IRQHandler) for EXTI9_5_IRQHandler
    startup_stm32f103xb.o(RESET) refers to usart.o(i.USART1_IRQHandler) for USART1_IRQHandler
    startup_stm32f103xb.o(.text) refers to entry.o(.ARM.Collect$$$$00000000) for __main
    main.o(i.main) refers to stm32f1xx_hal.o(i.HAL_Init) for HAL_Init
    main.o(i.main) refers to sys.o(i.sys_stm32_clock_init) for sys_stm32_clock_init
    main.o(i.main) refers to delay.o(i.delay_init) for delay_init
    main.o(i.main) refers to usart.o(i.usart_init) for usart_init
    main.o(i.main) refers to led.o(i.led_init) for led_init
    main.o(i.main) refers to main.o(i.show_mesg) for show_mesg
    main.o(i.main) refers to demo.o(i.demo_run) for demo_run
    main.o(i.show_mesg) refers to printfa.o(i.__0printf) for __2printf
    stm32f1xx_it.o(i.SysTick_Handler) refers to stm32f1xx_hal.o(i.HAL_IncTick) for HAL_IncTick
    system_stm32f1xx.o(i.SystemCoreClockUpdate) refers to system_stm32f1xx.o(.data) for SystemCoreClock
    system_stm32f1xx.o(i.SystemCoreClockUpdate) refers to system_stm32f1xx.o(.constdata) for AHBPrescTable
    demo.o(i.demo_run) refers to atk_max30102.o(i.atk_max30102_init) for atk_max30102_init
    demo.o(i.demo_run) refers to atk_max30102_math.o(i.max30102_fir_init) for max30102_fir_init
    demo.o(i.demo_run) refers to atk_max30102.o(i.atk_max30102_get_temp) for atk_max30102_get_temp
    demo.o(i.demo_run) refers to f2d.o(.text) for __aeabi_f2d
    demo.o(i.demo_run) refers to printfa.o(i.__0printf) for __2printf
    demo.o(i.demo_run) refers to atk_max30102.o(i.atk_max30102_fifo_read) for atk_max30102_fifo_read
    demo.o(i.demo_run) refers to atk_max30102_math.o(i.red_max30102_fir) for red_max30102_fir
    demo.o(i.demo_run) refers to atk_max30102_math.o(i.ir_max30102_fir) for ir_max30102_fir
    demo.o(i.demo_run) refers to cfrcmple.o(.text) for __aeabi_cfrcmple
    demo.o(i.demo_run) refers to atk_max30102.o(i.atk_max30102_get_heart) for atk_max30102_get_heart
    demo.o(i.demo_run) refers to atk_max30102.o(i.atk_max30102_get_spo2) for atk_max30102_get_spo2
    demo.o(i.demo_run) refers to stm32f1xx_hal_gpio.o(i.HAL_GPIO_TogglePin) for HAL_GPIO_TogglePin
    demo.o(i.demo_run) refers to atk_max30102.o(.data) for g_max30102_int_flag
    demo.o(i.demo_run) refers to demo.o(.data) for g_ir_data
    demo.o(i.demo_run) refers to demo.o(.bss) for ppg_data_cache_red
    stm32f1xx_hal.o(i.HAL_DeInit) refers to stm32f1xx_hal.o(i.HAL_MspDeInit) for HAL_MspDeInit
    stm32f1xx_hal.o(i.HAL_Delay) refers to stm32f1xx_hal.o(i.HAL_GetTick) for HAL_GetTick
    stm32f1xx_hal.o(i.HAL_Delay) refers to stm32f1xx_hal.o(.data) for uwTickFreq
    stm32f1xx_hal.o(i.HAL_GetTick) refers to stm32f1xx_hal.o(.data) for uwTick
    stm32f1xx_hal.o(i.HAL_GetTickFreq) refers to stm32f1xx_hal.o(.data) for uwTickFreq
    stm32f1xx_hal.o(i.HAL_GetTickPrio) refers to stm32f1xx_hal.o(.data) for uwTickPrio
    stm32f1xx_hal.o(i.HAL_IncTick) refers to stm32f1xx_hal.o(.data) for uwTick
    stm32f1xx_hal.o(i.HAL_Init) refers to stm32f1xx_hal_cortex.o(i.HAL_NVIC_SetPriorityGrouping) for HAL_NVIC_SetPriorityGrouping
    stm32f1xx_hal.o(i.HAL_Init) refers to stm32f1xx_hal.o(i.HAL_InitTick) for HAL_InitTick
    stm32f1xx_hal.o(i.HAL_Init) refers to stm32f1xx_hal.o(i.HAL_MspInit) for HAL_MspInit
    stm32f1xx_hal.o(i.HAL_InitTick) refers to stm32f1xx_hal_cortex.o(i.HAL_SYSTICK_Config) for HAL_SYSTICK_Config
    stm32f1xx_hal.o(i.HAL_InitTick) refers to stm32f1xx_hal_cortex.o(i.HAL_NVIC_SetPriority) for HAL_NVIC_SetPriority
    stm32f1xx_hal.o(i.HAL_InitTick) refers to stm32f1xx_hal.o(.data) for uwTickFreq
    stm32f1xx_hal.o(i.HAL_InitTick) refers to system_stm32f1xx.o(.data) for SystemCoreClock
[...]
    Removing stm32f1xx_it.o(.rev16_text), (4 bytes).
    Removing stm32f1xx_it.o(.revsh_text), (4 bytes).
    Removing stm32f1xx_it.o(.rrx_text), (6 bytes).
    Removing system_stm32f1xx.o(.rev16_text), (4 bytes).
    Removing system_stm32f1xx.o(.revsh_text), (4 bytes).
    Removing system_stm32f1xx.o(.rrx_text), (6 bytes).
    Removing system_stm32f1xx.o(i.SystemCoreClockUpdate), (164 bytes).
    Removing system_stm32f1xx.o(i.SystemInit), (2 bytes).
    Removing demo.o(.rev16_text), (4 bytes).
    Removing demo.o(.revsh_text), (4 bytes).
    Removing demo.o(.rrx_text), (6 bytes).
    Removing stm32f1xx_hal.o(.rev16_text), (4 bytes).
    Removing stm32f1xx_hal.o(.revsh_text), (4 bytes).
    Removing stm32f1xx_hal.o(.rrx_text), (6 bytes).
    Removing stm32f1xx_hal.o(i.HAL_DBGMCU_DisableDBGSleepMode), (20 bytes).
    Removing stm32f1xx_hal.o(i.HAL_DBGMCU_DisableDBGStandbyMode), (20 bytes).
    Removing stm32f1xx_hal.o(i.HAL_DBGMCU_DisableDBGStopMode), (20 bytes).
    Removing stm32f1xx_hal.o(i.HAL_DBGMCU_EnableDBGSleepMode), (20 bytes).
    Removing stm32f1xx_hal.o(i.HAL_DBGMCU_EnableDBGStandbyMode), (20 bytes).
    Removing stm32f1xx_hal.o(i.HAL_DBGMCU_EnableDBGStopMode), (20 bytes).
    Removing stm32f1xx_hal.o(i.HAL_DeInit), (36 bytes).
    Removing stm32f1xx_hal.o(i.HAL_Delay), (40 bytes).
    Removing stm32f1xx_hal.o(i.HAL_GetDEVID), (16 bytes).
    Removing stm32f1xx_hal.o(i.HAL_GetHalVersion), (8 bytes).
    Removing stm32f1xx_hal.o(i.HAL_GetREVID), (12 bytes).
    Removing stm32f1xx_hal.o(i.HAL_GetTickFreq), (12 bytes).
    Removing stm32f1xx_hal.o(i.HAL_GetTickPrio), (12 bytes).
    Removing stm32f1xx_hal.o(i.HAL_GetUIDw0), (12 bytes).
    Removing stm32f1xx_hal.o(i.HAL_GetUIDw1), (12 bytes).
    Removing stm32f1xx_hal.o(i.HAL_GetUIDw2), (12 bytes).
    Removing stm32f1xx_hal.o(i.HAL_MspDeInit), (2 bytes).
    Removing stm32f1xx_hal.o(i.HAL_ResumeTick), (18 bytes).
    Removing stm32f1xx_hal.o(i.HAL_SetTickFreq), (48 bytes).
    Removing stm32f1xx_hal.o(i.HAL_SuspendTick), (18 bytes).
    Removing stm32f1xx_hal_cortex.o(.rev16_text), (4 bytes).
    Removing stm32f1xx_hal_cortex.o(.revsh_text), (4 bytes).
    Removing stm32f1xx_hal_cortex.o(.rrx_text), (6 bytes).
    Removing stm32f1xx_hal_cortex.o(i.HAL_NVIC_ClearPendingIRQ), (36 bytes).
    Removing stm32f1xx_hal_cortex.o(i.HAL_NVIC_DisableIRQ), (68 bytes).
    Removing stm32f1xx_hal_cortex.o(i.HAL_NVIC_GetActive), (48 bytes).
    Removing stm32f1xx_hal_cortex.o(i.HAL_NVIC_GetPendingIRQ), (48 bytes).
    Removing stm32f1xx_hal_cortex.o(i.HAL_NVIC_GetPriority), (148 bytes).
    Removing stm32f1xx_hal_cortex.o(i.HAL_NVIC_GetPriorityGrouping), (8 bytes).
    Removing stm32f1xx_hal_cortex.o(i.HAL_NVIC_SetPendingIRQ), (36 bytes).
    Removing stm32f1xx_hal_cortex.o(i.HAL_NVIC_SystemReset), (68 bytes).
    Removing stm32f1xx_hal_cortex.o(i.HAL_SYSTICK_CLKSourceConfig), (40 bytes).
    Removing stm32f1xx_hal_cortex.o(i.HAL_SYSTICK_Callback), (2 bytes).
    Removing stm32f1xx_hal_cortex.o(i.HAL_SYSTICK_IRQHandler), (8 bytes).
    Removing stm32f1xx_hal_dma.o(.rev16_text), (4 bytes).
    Removing stm32f1xx_hal_dma.o(.revsh_text), (4 bytes).
    Removing stm32f1xx_hal_dma.o(.rrx_text), (6 bytes).
    Removing stm32f1xx_hal_dma.o(i.DMA_SetConfig), (44 bytes).
    Removing stm32f1xx_hal_dma.o(i.HAL_DMA_Abort), (86 bytes).
    Removing stm32f1xx_hal_dma.o(i.HAL_DMA_DeInit), (104 bytes).
    Removing stm32f1xx_hal_dma.o(i.HAL_DMA_GetError), (6 bytes).
    Removing stm32f1xx_hal_dma.o(i.HAL_DMA_GetState), (8 bytes).
    Removing stm32f1xx_hal_dma.o(i.HAL_DMA_IRQHandler), (412 bytes).
    Removing stm32f1xx_hal_dma.o(i.HAL_DMA_Init), (104 bytes).
    Removing stm32f1xx_hal_dma.o(i.HAL_DMA_PollForTransfer), (692 bytes).
    Removing stm32f1xx_hal_dma.o(i.HAL_DMA_RegisterCallback), (90 bytes).
    Removing stm32f1xx_hal_dma.o(i.HAL_DMA_Start), (114 bytes).
    Removing stm32f1xx_hal_dma.o(i.HAL_DMA_Start_IT), (156 bytes).
    Removing stm32f1xx_hal_dma.o(i.HAL_DMA_UnRegisterCallback), (106 bytes).
    Removing stm32f1xx_hal_gpio.o(.rev16_text), (4 bytes).
    Removing stm32f1xx_hal_gpio.o(.revsh_text), (4 bytes).
    Removing stm32f1xx_hal_gpio.o(.rrx_text), (6 bytes).
    Removing stm32f1xx_hal_gpio.o(i.HAL_GPIO_DeInit), (308 bytes).
    Removing stm32f1xx_hal_gpio.o(i.HAL_GPIO_EXTI_Callback), (2 bytes).
    Removing stm32f1xx_hal_gpio.o(i.HAL_GPIO_LockPin), (46 bytes).
    Removing stm32f1xx_hal_gpio_ex.o(.rev16_text), (4 bytes).
    Removing stm32f1xx_hal_gpio_ex.o(.revsh_text), (4 bytes).
    Removing stm32f1xx_hal_gpio_ex.o(.rrx_text), (6 bytes).
    Removing stm32f1xx_hal_gpio_ex.o(i.HAL_GPIOEx_ConfigEventout), (24 bytes).
    Removing stm32f1xx_hal_gpio_ex.o(i.HAL_GPIOEx_DisableEventout), (20 bytes).
    Removing stm32f1xx_hal_gpio_ex.o(i.HAL_GPIOEx_EnableEventout), (20 bytes).
    Removing stm32f1xx_hal_rcc.o(.rev16_text), (4 bytes).
    Removing stm32f1xx_hal_rcc.o(.revsh_text), (4 bytes).
    Removing stm32f1xx_hal_rcc.o(.rrx_text), (6 bytes).
    Removing stm32f1xx_hal_rcc.o(i.HAL_RCC_CSSCallback), (2 bytes).
    Removing stm32f1xx_hal_rcc.o(i.HAL_RCC_DeInit), (272 bytes).
    Removing stm32f1xx_hal_rcc.o(i.HAL_RCC_DisableCSS), (12 bytes).
    Removing stm32f1xx_hal_rcc.o(i.HAL_RCC_EnableCSS), (12 bytes).
    Removing stm32f1xx_hal_rcc.o(i.HAL_RCC_GetClockConfig), (68 bytes).
    Removing stm32f1xx_hal_rcc.o(i.HAL_RCC_GetOscConfig), (200 bytes).
    Removing stm32f1xx_hal_rcc.o(i.HAL_RCC_MCOConfig), (100 bytes).
    Removing stm32f1xx_hal_rcc.o(i.HAL_RCC_NMI_IRQHandler), (32 bytes).
    Removing stm32f1xx_hal_rcc_ex.o(.rev16_text), (4 bytes).
    Removing stm32f1xx_hal_rcc_ex.o(.revsh_text), (4 bytes).
    Removing stm32f1xx_hal_rcc_ex.o(.rrx_text), (6 bytes).
    Removing stm32f1xx_hal_rcc_ex.o(i.HAL_RCCEx_GetPeriphCLKConfig), (60 bytes).
    Removing stm32f1xx_hal_rcc_ex.o(i.HAL_RCCEx_GetPeriphCLKFreq), (280 bytes).
    Removing stm32f1xx_hal_rcc_ex.o(i.HAL_RCCEx_PeriphCLKConfig), (304 bytes).
    Removing stm32f1xx_hal_uart.o(.rev16_text), (4 bytes).
    Removing stm32f1xx_hal_uart.o(.revsh_text), (4 bytes).
    Removing stm32f1xx_hal_uart.o(.rrx_text), (6 bytes).
    Removing stm32f1xx_hal_uart.o(i.HAL_HalfDuplex_EnableReceiver), (68 bytes).
    Removing stm32f1xx_hal_uart.o(i.HAL_HalfDuplex_EnableTransmitter), (68 bytes).
    Removing stm32f1xx_hal_uart.o(i.HAL_HalfDuplex_Init), (118 bytes).
    Removing stm32f1xx_hal_uart.o(i.HAL_LIN_Init), (142 bytes).
    Removing stm32f1xx_hal_uart.o(i.HAL_LIN_SendBreak), (62 bytes).
    Removing stm32f1xx_hal_uart.o(i.HAL_MultiProcessor_EnterMuteMode), (62 bytes).
    Removing stm32f1xx_hal_uart.o(i.HAL_MultiProcessor_ExitMuteMode), (62 bytes).
    Removing stm32f1xx_hal_uart.o(i.HAL_MultiProcessor_Init), (154 bytes).
    Removing stm32f1xx_hal_uart.o(i.HAL_UART_Abort), (166 bytes).
    Removing stm32f1xx_hal_uart.o(i.HAL_UART_AbortCpltCallback), (2 bytes).
    Removing stm32f1xx_hal_uart.o(i.HAL_UART_AbortReceive), (100 bytes).
    Removing stm32f1xx_hal_uart.o(i.HAL_UART_AbortReceiveCpltCallback), (2 bytes).
    Removing stm32f1xx_hal_uart.o(i.HAL_UART_AbortReceive_IT), (120 bytes).
    Removing stm32f1xx_hal_uart.o(i.HAL_UART_AbortTransmit), (88 bytes).
    Removing stm32f1xx_hal_uart.o(i.HAL_UART_AbortTransmitCpltCallback), (2 bytes).
    Removing stm32f1xx_hal_uart.o(i.HAL_UART_AbortTransmit_IT), (108 bytes).
    Removing stm32f1xx_hal_uart.o(i.HAL_UART_Abort_IT), (216 bytes).
    Removing stm32f1xx_hal_uart.o(i.HAL_UART_DMAPause), (124 bytes).
    Removing stm32f1xx_hal_uart.o(i.HAL_UART_DMAResume), (126 bytes).
    Removing stm32f1xx_hal_uart.o(i.HAL_UART_DMAStop), (102 bytes).
    Removing stm32f1xx_hal_uart.o(i.HAL_UART_DeInit), (58 bytes).
    Removing stm32f1xx_hal_uart.o(i.HAL_UART_GetError), (6 bytes).
    Removing stm32f1xx_hal_uart.o(i.HAL_UART_GetState), (20 bytes).
    Removing stm32f1xx_hal_uart.o(i.HAL_UART_MspDeInit), (2 bytes).
    Removing stm32f1xx_hal_uart.o(i.HAL_UART_MspInit), (2 bytes).
    Removing stm32f1xx_hal_uart.o(i.HAL_UART_Receive), (216 bytes).
    Removing stm32f1xx_hal_uart.o(i.HAL_UART_Receive_DMA), (196 bytes).
    Removing stm32f1xx_hal_uart.o(i.HAL_UART_RxCpltCallback), (2 bytes).
    Removing stm32f1xx_hal_uart.o(i.HAL_UART_RxHalfCpltCallback), (2 bytes).
    Removing stm32f1xx_hal_uart.o(i.HAL_UART_Transmit), (210 bytes).
    Removing stm32f1xx_hal_uart.o(i.HAL_UART_Transmit_DMA), (156 bytes).
    Removing stm32f1xx_hal_uart.o(i.HAL_UART_Transmit_IT), (88 bytes).
    Removing stm32f1xx_hal_uart.o(i.HAL_UART_TxHalfCpltCallback), (2 bytes).
    Removing stm32f1xx_hal_uart.o(i.UART_DMAError), (80 bytes).
    Removing stm32f1xx_hal_uart.o(i.UART_DMAReceiveCplt), (70 bytes).
    Removing stm32f1xx_hal_uart.o(i.UART_DMARxAbortCallback), (52 bytes).
    Removing stm32f1xx_hal_uart.o(i.UART_DMARxHalfCplt), (14 bytes).
    Removing stm32f1xx_hal_uart.o(i.UART_DMARxOnlyAbortCallback), (24 bytes).
    Removing stm32f1xx_hal_uart.o(i.UART_DMATransmitCplt), (54 bytes).
    Removing stm32f1xx_hal_uart.o(i.UART_DMATxAbortCallback), (52 bytes).
    Removing stm32f1xx_hal_uart.o(i.UART_DMATxHalfCplt), (14 bytes).
    Removing stm32f1xx_hal_uart.o(i.UART_DMATxOnlyAbortCallback), (24 bytes).
    Removing stm32f1xx_hal_uart.o(i.UART_EndTxTransfer), (20 bytes).
    Removing stm32f1xx_hal_uart.o(i.UART_WaitOnFlagUntilTimeout), (108 bytes).
    Removing stm32f1xx_hal_usart.o(.rev16_text), (4 bytes).
    Removing stm32f1xx_hal_usart.o(.revsh_text), (4 bytes).
    Removing stm32f1xx_hal_usart.o(.rrx_text), (6 bytes).
    Removing stm32f1xx_hal_usart.o(i.HAL_USART_Abort), (122 bytes).
    Removing stm32f1xx_hal_usart.o(i.HAL_USART_AbortCpltCallback), (2 bytes).
    Removing stm32f1xx_hal_usart.o(i.HAL_USART_Abort_IT), (212 bytes).
    Removing stm32f1xx_hal_usart.o(i.HAL_USART_DMAPause), (50 bytes).
    Removing stm32f1xx_hal_usart.o(i.HAL_USART_DMAResume), (50 bytes).
    Removing stm32f1xx_hal_usart.o(i.HAL_USART_DMAStop), (102 bytes).
    Removing stm32f1xx_hal_usart.o(i.HAL_USART_DeInit), (54 bytes).
    Removing stm32f1xx_hal_usart.o(i.HAL_USART_ErrorCallback), (2 bytes).
    Removing stm32f1xx_hal_usart.o(i.HAL_USART_GetError), (6 bytes).
    Removing stm32f1xx_hal_usart.o(i.HAL_USART_GetState), (8 bytes).
    Removing stm32f1xx_hal_usart.o(i.HAL_USART_IRQHandler), (388 bytes).
    Removing stm32f1xx_hal_usart.o(i.HAL_USART_Init), (90 bytes).
    Removing stm32f1xx_hal_usart.o(i.HAL_USART_MspDeInit), (2 bytes).
    Removing stm32f1xx_hal_usart.o(i.HAL_USART_MspInit), (2 bytes).
    Removing stm32f1xx_hal_usart.o(i.HAL_USART_Receive), (278 bytes).
    Removing stm32f1xx_hal_usart.o(i.HAL_USART_Receive_DMA), (248 bytes).
    Removing stm32f1xx_hal_usart.o(i.HAL_USART_Receive_IT), (108 bytes).
    Removing stm32f1xx_hal_usart.o(i.HAL_USART_RxCpltCallback), (2 bytes).
    Removing stm32f1xx_hal_usart.o(i.HAL_USART_RxHalfCpltCallback), (2 bytes).
    Removing stm32f1xx_hal_usart.o(i.HAL_USART_Transmit), (214 bytes).
    Removing stm32f1xx_hal_usart.o(i.HAL_USART_TransmitReceive), (320 bytes).
    Removing stm32f1xx_hal_usart.o(i.HAL_USART_TransmitReceive_DMA), (268 bytes).
    Removing stm32f1xx_hal_usart.o(i.HAL_USART_TransmitReceive_IT), (132 bytes).
    Removing stm32f1xx_hal_usart.o(i.HAL_USART_Transmit_DMA), (156 bytes).
    Removing stm32f1xx_hal_usart.o(i.HAL_USART_Transmit_IT), (88 bytes).
    Removing stm32f1xx_hal_usart.o(i.HAL_USART_TxCpltCallback), (2 bytes).
    Removing stm32f1xx_hal_usart.o(i.HAL_USART_TxHalfCpltCallback), (2 bytes).
    Removing stm32f1xx_hal_usart.o(i.HAL_USART_TxRxCpltCallback), (2 bytes).
    Removing stm32f1xx_hal_usart.o(i.USART_DMAAbortOnError), (20 bytes).
    Removing stm32f1xx_hal_usart.o(i.USART_DMAError), (84 bytes).
    Removing stm32f1xx_hal_usart.o(i.USART_DMAReceiveCplt), (122 bytes).
    Removing stm32f1xx_hal_usart.o(i.USART_DMARxAbortCallback), (48 bytes).
    Removing stm32f1xx_hal_usart.o(i.USART_DMARxHalfCplt), (14 bytes).
    Removing stm32f1xx_hal_usart.o(i.USART_DMATransmitCplt), (70 bytes).
    Removing stm32f1xx_hal_usart.o(i.USART_DMATxAbortCallback), (48 bytes).
    Removing stm32f1xx_hal_usart.o(i.USART_DMATxHalfCplt), (14 bytes).
    Removing stm32f1xx_hal_usart.o(i.USART_EndRxTransfer), (32 bytes).
    Removing stm32f1xx_hal_usart.o(i.USART_EndTransmit_IT), (44 bytes).
    Removing stm32f1xx_hal_usart.o(i.USART_EndTxTransfer), (20 bytes).
    Removing stm32f1xx_hal_usart.o(i.USART_Receive_IT), (194 bytes).
    Removing stm32f1xx_hal_usart.o(i.USART_SetConfig), (444 bytes).
    Removing stm32f1xx_hal_usart.o(i.USART_TransmitReceive_IT), (270 bytes).
    Removing stm32f1xx_hal_usart.o(i.USART_Transmit_IT), (104 bytes).
    Removing stm32f1xx_hal_usart.o(i.USART_WaitOnFlagUntilTimeout), (128 bytes).
    Removing stm32f1xx_hal_adc.o(.rev16_text), (4 bytes).
    Removing stm32f1xx_hal_adc.o(.revsh_text), (4 bytes).
    Removing stm32f1xx_hal_adc.o(.rrx_text), (6 bytes).
    Removing stm32f1xx_hal_adc.o(i.ADC_ConversionStop_Disable), (82 bytes).
    Removing stm32f1xx_hal_adc.o(i.ADC_DMAConvCplt), (82 bytes).
    Removing stm32f1xx_hal_adc.o(i.ADC_DMAError), (30 bytes).
    Removing stm32f1xx_hal_adc.o(i.ADC_DMAHalfConvCplt), (14 bytes).
    Removing stm32f1xx_hal_adc.o(i.ADC_Enable), (132 bytes).
    Removing stm32f1xx_hal_adc.o(i.HAL_ADC_AnalogWDGConfig), (148 bytes).
    Removing stm32f1xx_hal_adc.o(i.HAL_ADC_ConfigChannel), (352 bytes).
    Removing stm32f1xx_hal_adc.o(i.HAL_ADC_ConvCpltCallback), (2 bytes).
    Removing stm32f1xx_hal_adc.o(i.HAL_ADC_ConvHalfCpltCallback), (2 bytes).
    Removing stm32f1xx_hal_adc.o(i.HAL_ADC_DeInit), (268 bytes).
    Removing stm32f1xx_hal_adc.o(i.HAL_ADC_ErrorCallback), (2 bytes).
    Removing stm32f1xx_hal_adc.o(i.HAL_ADC_GetError), (6 bytes).
    Removing stm32f1xx_hal_adc.o(i.HAL_ADC_GetState), (6 bytes).
    Removing stm32f1xx_hal_adc.o(i.HAL_ADC_GetValue), (8 bytes).
    Removing stm32f1xx_hal_adc.o(i.HAL_ADC_IRQHandler), (290 bytes).
    Removing stm32f1xx_hal_adc.o(i.HAL_ADC_Init), (324 bytes).
    Removing stm32f1xx_hal_adc.o(i.HAL_ADC_LevelOutOfWindowCallback), (2 bytes).
    Removing stm32f1xx_hal_adc.o(i.HAL_ADC_MspDeInit), (2 bytes).
    Removing stm32f1xx_hal_adc.o(i.HAL_ADC_MspInit), (2 bytes).
    Removing stm32f1xx_hal_adc.o(i.HAL_ADC_PollForConversion), (368 bytes).
    Removing stm32f1xx_hal_adc.o(i.HAL_ADC_PollForEvent), (100 bytes).
    Removing stm32f1xx_hal_adc.o(i.HAL_ADC_Start), (304 bytes).
    Removing stm32f1xx_hal_adc.o(i.HAL_ADC_Start_DMA), (384 bytes).
    Removing stm32f1xx_hal_adc.o(i.HAL_ADC_Start_IT), (316 bytes).
    Removing stm32f1xx_hal_adc.o(i.HAL_ADC_Stop), (64 bytes).
    Removing stm32f1xx_hal_adc.o(i.HAL_ADC_Stop_DMA), (106 bytes).
    Removing stm32f1xx_hal_adc.o(i.HAL_ADC_Stop_IT), (76 bytes).
    Removing stm32f1xx_hal_adc_ex.o(.rev16_text), (4 bytes).
    Removing stm32f1xx_hal_adc_ex.o(.revsh_text), (4 bytes).
    Removing stm32f1xx_hal_adc_ex.o(.rrx_text), (6 bytes).
    Removing stm32f1xx_hal_adc_ex.o(i.HAL_ADCEx_Calibration_Start), (260 bytes).
    Removing stm32f1xx_hal_adc_ex.o(i.HAL_ADCEx_InjectedConfigChannel), (596 bytes).
    Removing stm32f1xx_hal_adc_ex.o(i.HAL_ADCEx_InjectedConvCpltCallback), (2 bytes).
    Removing stm32f1xx_hal_adc_ex.o(i.HAL_ADCEx_InjectedGetValue), (50 bytes).
    Removing stm32f1xx_hal_adc_ex.o(i.HAL_ADCEx_InjectedPollForConversion), (348 bytes).
    Removing stm32f1xx_hal_adc_ex.o(i.HAL_ADCEx_InjectedStart), (236 bytes).
    Removing stm32f1xx_hal_adc_ex.o(i.HAL_ADCEx_InjectedStart_IT), (248 bytes).
    Removing stm32f1xx_hal_adc_ex.o(i.HAL_ADCEx_InjectedStop), (94 bytes).
    Removing stm32f1xx_hal_adc_ex.o(i.HAL_ADCEx_InjectedStop_IT), (106 bytes).
    Removing stm32f1xx_hal_adc_ex.o(i.HAL_ADCEx_MultiModeConfigChannel), (116 bytes).
    Removing stm32f1xx_hal_adc_ex.o(i.HAL_ADCEx_MultiModeGetValue), (36 bytes).
    Removing stm32f1xx_hal_adc_ex.o(i.HAL_ADCEx_MultiModeStart_DMA), (276 bytes).
    Removing stm32f1xx_hal_adc_ex.o(i.HAL_ADCEx_MultiModeStop_DMA), (140 bytes).
    Removing sys.o(.rev16_text), (4 bytes).
    Removing sys.o(.revsh_text), (4 bytes).
    Removing sys.o(.rrx_text), (6 bytes).
    Removing sys.o(i.sys_intx_disable), (4 bytes).
    Removing sys.o(i.sys_intx_enable), (4 bytes).
    Removing sys.o(i.sys_msr_msp), (10 bytes).
    Removing sys.o(i.sys_nvic_set_vector_table), (16 bytes).
    Removing sys.o(i.sys_soft_reset), (68 bytes).
    Removing sys.o(i.sys_standby), (52 bytes).
    Removing sys.o(i.sys_wfi_set), (4 bytes).
    Removing delay.o(.rev16_text), (4 bytes).
    Removing delay.o(.revsh_text), (4 bytes).
    Removing delay.o(.rrx_text), (6 bytes).
    Removing delay.o(i.HAL_Delay), (12 bytes).
    Removing usart.o(.rev16_text), (4 bytes).
    Removing usart.o(.revsh_text), (4 bytes).
    Removing usart.o(.rrx_text), (6 bytes).
    Removing usart.o(i._sys_command_string), (6 bytes).
    Removing usart.o(i._sys_exit), (4 bytes).
    Removing usart.o(i._ttywrch), (4 bytes).
    Removing led.o(.rev16_text), (4 bytes).
    Removing led.o(.revsh_text), (4 bytes).
    Removing led.o(.rrx_text), (6 bytes).
    Removing key.o(.rev16_text), (4 bytes).
    Removing key.o(.revsh_text), (4 bytes).
    Removing key.o(.rrx_text), (6 bytes).
    Removing key.o(i.key_init), (132 bytes).
    Removing key.o(i.key_scan), (136 bytes).
    Removing key.o(.data), (1 bytes).
    Removing myiic.o(.rev16_text), (4 bytes).
    Removing myiic.o(.revsh_text), (4 bytes).
    Removing myiic.o(.rrx_text), (6 bytes).
    Removing atk_max30102.o(.rev16_text), (4 bytes).
    Removing atk_max30102.o(.revsh_text), (4 bytes).
    Removing atk_max30102.o(.rrx_text), (6 bytes).
    Removing atk_max30102.o(i.atk_max30102_write_nbytes), (96 bytes).
    Removing atk_max30102_math.o(.rev16_text), (4 bytes).
    Removing atk_max30102_math.o(.revsh_text), (4 bytes).
    Removing atk_max30102_math.o(.rrx_text), (6 bytes).
    Removing arm_fir_f32.o(.rev16_text), (4 bytes).
    Removing arm_fir_f32.o(.revsh_text), (4 bytes).
    Removing arm_fir_f32.o(.rrx_text), (6 bytes).
    Removing arm_fir_init_f32.o(.rev16_text), (4 bytes).
    Removing arm_fir_init_f32.o(.revsh_text), (4 bytes).
    Removing arm_fir_init_f32.o(.rrx_text), (6 bytes).

281 unused section(s) (total 20061 bytes) removed from the image.

==============================================================================

Image Symbol Table

    Local Symbols

    Symbol Name                              Value     Ov Type        Size  Object(Section)

    ../clib/microlib/division.c              0x00000000   Number         0  uidiv.o ABSOLUTE
    ../clib/microlib/division.c              0x00000000   Number         0  uldiv.o ABSOLUTE
    ../clib/microlib/init/entry.s            0x00000000   Number         0  entry9a.o ABSOLUTE
    ../clib/microlib/init/entry.s            0x00000000   Number         0  entry10b.o ABSOLUTE
    ../clib/microlib/init/entry.s            0x00000000   Number         0  entry7a.o ABSOLUTE
    ../clib/microlib/init/entry.s            0x00000000   Number         0  entry10a.o ABSOLUTE
    ../clib/microlib/init/entry.s            0x00000000   Number         0  entry7b.o ABSOLUTE
    ../clib/microlib/init/entry.s            0x00000000   Number         0  entry9b.o ABSOLUTE
    ../clib/microlib/init/entry.s            0x00000000   Number         0  entry2.o ABSOLUTE
    ../clib/microlib/init/entry.s            0x00000000   Number         0  entry12a.o ABSOLUTE
    ../clib/microlib/init/entry.s            0x00000000   Number         0  entry12b.o ABSOLUTE
    ../clib/microlib/init/entry.s            0x00000000   Number         0  entry8b.o ABSOLUTE
    ../clib/microlib/init/entry.s            0x00000000   Number         0  entry8a.o ABSOLUTE
    ../clib/microlib/init/entry.s            0x00000000   Number         0  entry11a.o ABSOLUTE
    ../clib/microlib/init/entry.s            0x00000000   Number         0  entry.o ABSOLUTE
    ../clib/microlib/init/entry.s            0x00000000   Number         0  entry5.o ABSOLUTE
    ../clib/microlib/init/entry.s            0x00000000   Number         0  entry11b.o ABSOLUTE
    ../clib/microlib/longlong.c              0x00000000   Number         0  llsshr.o ABSOLUTE
    ../clib/microlib/longlong.c              0x00000000   Number         0  llushr.o ABSOLUTE
    ../clib/microlib/longlong.c              0x00000000   Number         0  llshl.o ABSOLUTE
    ../clib/microlib/printf/printf.c         0x00000000   Number         0  printfa.o ABSOLUTE
    ../clib/microlib/printf/printf.c         0x00000000   Number         0  printf8.o ABSOLUTE
    ../clib/microlib/printf/printf.c         0x00000000   Number         0  printfb.o ABSOLUTE
    ../clib/microlib/printf/printf.c         0x00000000   Number         0  printf0.o ABSOLUTE
    ../clib/microlib/printf/printf.c         0x00000000   Number         0  printf2.o ABSOLUTE
    ../clib/microlib/printf/printf.c         0x00000000   Number         0  printf3.o ABSOLUTE
    ../clib/microlib/printf/printf.c         0x00000000   Number         0  printf5.o ABSOLUTE
    ../clib/microlib/printf/printf.c         0x00000000   Number         0  printf4.o ABSOLUTE
    ../clib/microlib/printf/printf.c         0x00000000   Number         0  printf1.o ABSOLUTE
    ../clib/microlib/printf/printf.c         0x00000000   Number         0  printf7.o ABSOLUTE
    ../clib/microlib/printf/printf.c         0x00000000   Number         0  printf6.o ABSOLUTE
    ../clib/microlib/printf/stubs.s          0x00000000   Number         0  stubs.o ABSOLUTE
    ../clib/microlib/string/memset.c         0x00000000   Number         0  memseta.o ABSOLUTE
    ../clib/microlib/stubs.s                 0x00000000   Number         0  iusefp.o ABSOLUTE
    ../clib/microlib/stubs.s                 0x00000000   Number         0  useno.o ABSOLUTE
    ../fplib/microlib/f2d.c                  0x00000000   Number         0  f2d.o ABSOLUTE
    ../fplib/microlib/fpadd.c                0x00000000   Number         0  fadd.o ABSOLUTE
    ../fplib/microlib/fpadd.c                0x00000000   Number         0  dadd.o ABSOLUTE
    ../fplib/microlib/fpdiv.c                0x00000000   Number         0  fdiv.o ABSOLUTE
    ../fplib/microlib/fpdiv.c                0x00000000   Number         0  ddiv.o ABSOLUTE
    ../fplib/microlib/fpepilogue.c           0x00000000   Number         0  fepilogue.o ABSOLUTE
    ../fplib/microlib/fpepilogue.c           0x00000000   Number         0  depilogue.o ABSOLUTE
    ../fplib/microlib/fpfix.c                0x00000000   Number         0  dfixul.o ABSOLUTE
    ../fplib/microlib/fpflt.c                0x00000000   Number         0  ffltui.o ABSOLUTE
    ../fplib/microlib/fpflt.c                0x00000000   Number         0  fflti.o ABSOLUTE
    ../fplib/microlib/fpmul.c                0x00000000   Number         0  dmul.o ABSOLUTE
    ../fplib/microlib/fpmul.c                0x00000000   Number         0  fmul.o ABSOLUTE
    ..\..\Drivers\BSP\ATK_MAX30102\atk_max30102.c 0x00000000   Number         0  atk_max30102.o ABSOLUTE
    ..\..\Drivers\BSP\ATK_MAX30102\atk_max30102_math.c 0x00000000   Number         0  atk_max30102_math.o ABSOLUTE
    ..\..\Drivers\BSP\IIC\myiic.c            0x00000000   Number         0  myiic.o ABSOLUTE
    ..\..\Drivers\BSP\KEY\key.c              0x00000000   Number         0  key.o ABSOLUTE
    ..\..\Drivers\BSP\LED\led.c              0x00000000   Number         0  led.o ABSOLUTE
    ..\..\Drivers\CMSIS\Device\ST\STM32F1xx\Source\Templates\arm\startup_stm32f103xb.s 0x00000000   Number         0  startup_stm32f103xb.o ABSOLUTE
    ..\..\Drivers\CMSIS\Device\ST\STM32F1xx\Source\Templates\system_stm32f1xx.c 0x00000000   Number         0  system_stm32f1xx.o ABSOLUTE
    ..\..\Drivers\STM32F1xx_HAL_Driver\Src\stm32f1xx_hal.c 0x00000000   Number         0  stm32f1xx_hal.o ABSOLUTE
    ..\..\Drivers\STM32F1xx_HAL_Driver\Src\stm32f1xx_hal_adc.c 0x00000000   Number         0  stm32f1xx_hal_adc.o ABSOLUTE
    ..\..\Drivers\STM32F1xx_HAL_Driver\Src\stm32f1xx_hal_adc_ex.c 0x00000000   Number         0  stm32f1xx_hal_adc_ex.o ABSOLUTE
    ..\..\Drivers\STM32F1xx_HAL_Driver\Src\stm32f1xx_hal_cortex.c 0x00000000   Number         0  stm32f1xx_hal_cortex.o ABSOLUTE
    ..\..\Drivers\STM32F1xx_HAL_Driver\Src\stm32f1xx_hal_dma.c 0x00000000   Number         0  stm32f1xx_hal_dma.o ABSOLUTE
    ..\..\Drivers\STM32F1xx_HAL_Driver\Src\stm32f1xx_hal_gpio.c 0x00000000   Number         0  stm32f1xx_hal_gpio.o ABSOLUTE
    ..\..\Drivers\STM32F1xx_HAL_Driver\Src\stm32f1xx_hal_gpio_ex.c 0x00000000   Number         0  stm32f1xx_hal_gpio_ex.o ABSOLUTE
    ..\..\Drivers\STM32F1xx_HAL_Driver\Src\stm32f1xx_hal_rcc.c 0x00000000   Number         0  stm32f1xx_hal_rcc.o ABSOLUTE
    ..\..\Drivers\STM32F1xx_HAL_Driver\Src\stm32f1xx_hal_rcc_ex.c 0x00000000   Number         0  stm32f1xx_hal_rcc_ex.o ABSOLUTE
    ..\..\Drivers\STM32F1xx_HAL_Driver\Src\stm32f1xx_hal_uart.c 0x00000000   Number         0  stm32f1xx_hal_uart.o ABSOLUTE
    ..\..\Drivers\STM32F1xx_HAL_Driver\Src\stm32f1xx_hal_usart.c 0x00000000   Number         0  stm32f1xx_hal_usart.o ABSOLUTE
    ..\..\Drivers\SYSTEM\delay\delay.c       0x00000000   Number         0  delay.o ABSOLUTE
    ..\..\Drivers\SYSTEM\sys\sys.c           0x00000000   Number         0  sys.o ABSOLUTE
    ..\..\Drivers\SYSTEM\usart\usart.c       0x00000000   Number         0  usart.o ABSOLUTE
    ..\..\Source\FilteringFunctions\arm_fir_f32.c 0x00000000   Number         0  arm_fir_f32.o ABSOLUTE
    ..\..\Source\FilteringFunctions\arm_fir_init_f32.c 0x00000000   Number         0  arm_fir_init_f32.o ABSOLUTE
    ..\..\Users\demo.c                       0x00000000   Number         0  demo.o ABSOLUTE
    ..\..\Users\main.c                       0x00000000   Number         0  main.o ABSOLUTE
    ..\..\Users\stm32f1xx_it.c               0x00000000   Number         0  stm32f1xx_it.o ABSOLUTE
    ..\\..\\Drivers\\BSP\\ATK_MAX30102\\atk_max30102.c 0x00000000   Number         0  atk_max30102.o ABSOLUTE
    ..\\..\\Drivers\\BSP\\ATK_MAX30102\\atk_max30102_math.c 0x00000000   Number         0  atk_max30102_math.o ABSOLUTE
    ..\\..\\Drivers\\BSP\\IIC\\myiic.c       0x00000000   Number         0  myiic.o ABSOLUTE
    ..\\..\\Drivers\\BSP\\KEY\\key.c         0x00000000   Number         0  key.o ABSOLUTE
    ..\\..\\Drivers\\BSP\\LED\\led.c         0x00000000   Number         0  led.o ABSOLUTE
    ..\\..\\Drivers\\CMSIS\\Device\\ST\\STM32F1xx\\Source\\Templates\\system_stm32f1xx.c 0x00000000   Number         0  system_stm32f1xx.o ABSOLUTE
    ..\\..\\Drivers\\STM32F1xx_HAL_Driver\\Src\\stm32f1xx_hal.c 0x00000000   Number         0  stm32f1xx_hal.o ABSOLUTE
    ..\\..\\Drivers\\STM32F1xx_HAL_Driver\\Src\\stm32f1xx_hal_adc.c 0x00000000   Number         0  stm32f1xx_hal_adc.o ABSOLUTE
    ..\\..\\Drivers\\STM32F1xx_HAL_Driver\\Src\\stm32f1xx_hal_adc_ex.c 0x00000000   Number         0  stm32f1xx_hal_adc_ex.o ABSOLUTE
    ..\\..\\Drivers\\STM32F1xx_HAL_Driver\\Src\\stm32f1xx_hal_cortex.c 0x00000000   Number         0  stm32f1xx_hal_cortex.o ABSOLUTE
    ..\\..\\Drivers\\STM32F1xx_HAL_Driver\\Src\\stm32f1xx_hal_dma.c 0x00000000   Number         0  stm32f1xx_hal_dma.o ABSOLUTE
    ..\\..\\Drivers\\STM32F1xx_HAL_Driver\\Src\\stm32f1xx_hal_gpio.c 0x00000000   Number         0  stm32f1xx_hal_gpio.o ABSOLUTE
    ..\\..\\Drivers\\STM32F1xx_HAL_Driver\\Src\\stm32f1xx_hal_gpio_ex.c 0x00000000   Number         0  stm32f1xx_hal_gpio_ex.o ABSOLUTE
    ..\\..\\Drivers\\STM32F1xx_HAL_Driver\\Src\\stm32f1xx_hal_rcc.c 0x00000000   Number         0  stm32f1xx_hal_rcc.o ABSOLUTE
    ..\\..\\Drivers\\STM32F1xx_HAL_Driver\\Src\\stm32f1xx_hal_rcc_ex.c 0x00000000   Number         0  stm32f1xx_hal_rcc_ex.o ABSOLUTE
    ..\\..\\Drivers\\STM32F1xx_HAL_Driver\\Src\\stm32f1xx_hal_uart.c 0x00000000   Number         0  stm32f1xx_hal_uart.o ABSOLUTE
    ..\\..\\Drivers\\STM32F1xx_HAL_Driver\\Src\\stm32f1xx_hal_usart.c 0x00000000   Number         0  stm32f1xx_hal_usart.o ABSOLUTE
    ..\\..\\Drivers\\SYSTEM\\delay\\delay.c  0x00000000   Number         0  delay.o ABSOLUTE
    ..\\..\\Drivers\\SYSTEM\\sys\\sys.c      0x00000000   Number         0  sys.o ABSOLUTE
    ..\\..\\Drivers\\SYSTEM\\usart\\usart.c  0x00000000   Number         0  usart.o ABSOLUTE
    ..\\..\\Source\\FilteringFunctions\\arm_fir_f32.c 0x00000000   Number         0  arm_fir_f32.o ABSOLUTE
    ..\\..\\Source\\FilteringFunctions\\arm_fir_init_f32.c 0x00000000   Number         0  arm_fir_init_f32.o ABSOLUTE
    ..\\..\\Users\\demo.c                    0x00000000   Number         0  demo.o ABSOLUTE
    ..\\..\\Users\\main.c                    0x00000000   Number         0  main.o ABSOLUTE
    ..\\..\\Users\\stm32f1xx_it.c            0x00000000   Number         0  stm32f1xx_it.o ABSOLUTE
    cdrcmple.s                               0x00000000   Number         0  cdrcmple.o ABSOLUTE
    cfcmple.s                                0x00000000   Number         0  cfcmple.o ABSOLUTE
    cfrcmple.s                               0x00000000   Number         0  cfrcmple.o ABSOLUTE
    dc.s                                     0x00000000   Number         0  dc.o ABSOLUTE
    handlers.s                               0x00000000   Number         0  handlers.o ABSOLUTE
    init.s                                   0x00000000   Number         0  init.o ABSOLUTE
    RESET                                    0x08000000   Section      236  startup_stm32f103xb.o(RESET)
    .ARM.Collect$$$$00000000                 0x080000ec   Section        0  entry.o(.ARM.Collect$$$$00000000)
    .ARM.Collect$$$$00000001                 0x080000ec   Section        4  entry2.o(.ARM.Collect$$$$00000001)
    .ARM.Collect$$$$00000004                 0x080000f0   Section        4  entry5.o(.ARM.Collect$$$$00000004)
    .ARM.Collect$$$$00000008                 0x080000f4   Section        0  entry7b.o(.ARM.Collect$$$$00000008)
    .ARM.Collect$$$$0000000A                 0x080000f4   Section        0  entry8b.o(.ARM.Collect$$$$0000000A)
    .ARM.Collect$$$$0000000B                 0x080000f4   Section        8  entry9a.o(.ARM.Collect$$$$0000000B)
    .ARM.Collect$$$$0000000E                 0x080000fc   Section        4  entry12b.o(.ARM.Collect$$$$0000000E)
    .ARM.Collect$$$$0000000F                 0x08000100   Section        0  entry10a.o(.ARM.Collect$$$$0000000F)
    .ARM.Collect$$$$00000011                 0x08000100   Section        0  entry11a.o(.ARM.Collect$$$$00000011)
    .ARM.Collect$$$$00002712                 0x08000100   Section        4  entry2.o(.ARM.Collect$$$$00002712)
    __lit__00000000                          0x08000100   Data           4  entry2.o(.ARM.Collect$$$$00002712)
    .text                                    0x08000104   Section       28  startup_stm32f103xb.o(.text)
    .text                                    0x08000120   Section        0  arm_fir_f32.o(.text)
    .text                                    0x08000a02   Section        0  arm_fir_init_f32.o(.text)
    .text                                    0x08000a1e   Section        0  memseta.o(.text)
    .text                                    0x08000a42   Section        0  fadd.o(.text)
    .text                                    0x08000af2   Section        0  fmul.o(.text)
    .text                                    0x08000b56   Section        0  fdiv.o(.text)
    .text                                    0x08000bd2   Section        0  fflti.o(.text)
    .text                                    0x08000be4   Section        0  ffltui.o(.text)
    .text                                    0x08000bee   Section        0  f2d.o(.text)
    .text                                    0x08000c14   Section       20  cfcmple.o(.text)
    .text                                    0x08000c28   Section       20  cfrcmple.o(.text)
    .text                                    0x08000c3c   Section        0  uidiv.o(.text)
    .text                                    0x08000c68   Section        0  uldiv.o(.text)
    .text                                    0x08000cca   Section        0  fepilogue.o(.text)
    .text                                    0x08000cca   Section        0  iusefp.o(.text)
    .text                                    0x08000d38   Section        0  dadd.o(.text)
    .text                                    0x08000e86   Section        0  dmul.o(.text)
    .text                                    0x08000f6a   Section        0  ddiv.o(.text)
    .text                                    0x08001048   Section        0  dfixul.o(.text)
    .text                                    0x08001078   Section       48  cdrcmple.o(.text)
    .text                                    0x080010a8   Section       36  init.o(.text)
    .text                                    0x080010cc   Section        0  llshl.o(.text)
    .text                                    0x080010ea   Section        0  llushr.o(.text)
    .text                                    0x0800110a   Section        0  llsshr.o(.text)
    .text                                    0x0800112e   Section        0  depilogue.o(.text)
    i.BusFault_Handler                       0x080011e8   Section        0  stm32f1xx_it.o(i.BusFault_Handler)
    i.DebugMon_Handler                       0x080011ec   Section        0  stm32f1xx_it.o(i.DebugMon_Handler)
    i.EXTI9_5_IRQHandler                     0x080011f0   Section        0  atk_max30102.o(i.EXTI9_5_IRQHandler)
    i.HAL_DMA_Abort_IT                       0x08001204   Section        0  stm32f1xx_hal_dma.o(i.HAL_DMA_Abort_IT)
    i.HAL_GPIO_EXTI_Callback                 0x080012b4   Section        0  atk_max30102.o(i.HAL_GPIO_EXTI_Callback)
    i.HAL_GPIO_EXTI_IRQHandler               0x080012c4   Section        0  stm32f1xx_hal_gpio.o(i.HAL_GPIO_EXTI_IRQHandler)
    i.HAL_GPIO_Init                          0x080012e0   Section        0  stm32f1xx_hal_gpio.o(i.HAL_GPIO_Init)
    i.HAL_GPIO_ReadPin                       0x08001600   Section        0  stm32f1xx_hal_gpio.o(i.HAL_GPIO_ReadPin)
    i.HAL_GPIO_TogglePin                     0x08001610   Section        0  stm32f1xx_hal_gpio.o(i.HAL_GPIO_TogglePin)
    i.HAL_GPIO_WritePin                      0x08001624   Section        0  stm32f1xx_hal_gpio.o(i.HAL_GPIO_WritePin)
    i.HAL_GetTick                            0x08001630   Section        0  stm32f1xx_hal.o(i.HAL_GetTick)
    i.HAL_IncTick                            0x0800163c   Section        0  stm32f1xx_hal.o(i.HAL_IncTick)
    i.HAL_Init                               0x08001654   Section        0  stm32f1xx_hal.o(i.HAL_Init)
    i.HAL_InitTick                           0x0800167c   Section        0  stm32f1xx_hal.o(i.HAL_InitTick)
    i.HAL_MspInit                            0x080016c8   Section        0  stm32f1xx_hal.o(i.HAL_MspInit)
    i.HAL_NVIC_EnableIRQ                     0x080016ca   Section        0  stm32f1xx_hal_cortex.o(i.HAL_NVIC_EnableIRQ)
    i.HAL_NVIC_SetPriority                   0x080016ea   Section        0  stm32f1xx_hal_cortex.o(i.HAL_NVIC_SetPriority)
    i.HAL_NVIC_SetPriorityGrouping           0x08001768   Section        0  stm32f1xx_hal_cortex.o(i.HAL_NVIC_SetPriorityGrouping)
    i.HAL_RCC_ClockConfig                    0x08001790   Section        0  stm32f1xx_hal_rcc.o(i.HAL_RCC_ClockConfig)
    i.HAL_RCC_GetHCLKFreq                    0x0800191c   Section        0  stm32f1xx_hal_rcc.o(i.HAL_RCC_GetHCLKFreq)
    i.HAL_RCC_GetPCLK1Freq                   0x08001928   Section        0  stm32f1xx_hal_rcc.o(i.HAL_RCC_GetPCLK1Freq)
    i.HAL_RCC_GetPCLK2Freq                   0x08001948   Section        0  stm32f1xx_hal_rcc.o(i.HAL_RCC_GetPCLK2Freq)
    i.HAL_RCC_GetSysClockFreq                0x08001968   Section        0  stm32f1xx_hal_rcc.o(i.HAL_RCC_GetSysClockFreq)
    i.HAL_RCC_OscConfig                      0x080019fc   Section        0  stm32f1xx_hal_rcc.o(i.HAL_RCC_OscConfig)
    i.HAL_SYSTICK_Config                     0x08001e60   Section        0  stm32f1xx_hal_cortex.o(i.HAL_SYSTICK_Config)
    i.HAL_UART_ErrorCallback                 0x08001e94   Section        0  stm32f1xx_hal_uart.o(i.HAL_UART_ErrorCallback)
    i.HAL_UART_IRQHandler                    0x08001e98   Section        0  stm32f1xx_hal_uart.o(i.HAL_UART_IRQHandler)
    i.HAL_UART_Init                          0x08001fec   Section        0  stm32f1xx_hal_uart.o(i.HAL_UART_Init)
    i.HAL_UART_MspInit                       0x08002060   Section        0  usart.o(i.HAL_UART_MspInit)
    i.HAL_UART_Receive_IT                    0x08002114   Section        0  stm32f1xx_hal_uart.o(i.HAL_UART_Receive_IT)
    i.HAL_UART_RxCpltCallback                0x08002184   Section        0  usart.o(i.HAL_UART_RxCpltCallback)
    i.HAL_UART_TxCpltCallback                0x0800220c   Section        0  stm32f1xx_hal_uart.o(i.HAL_UART_TxCpltCallback)
    i.HardFault_Handler                      0x0800220e   Section        0  stm32f1xx_it.o(i.HardFault_Handler)
    i.MemManage_Handler                      0x08002212   Section        0  stm32f1xx_it.o(i.MemManage_Handler)
    i.NMI_Handler                            0x08002216   Section        0  stm32f1xx_it.o(i.NMI_Handler)
    i.PendSV_Handler                         0x08002218   Section        0  stm32f1xx_it.o(i.PendSV_Handler)
    i.RCC_Delay                              0x0800221c   Section        0  stm32f1xx_hal_rcc.o(i.RCC_Delay)
    RCC_Delay                                0x0800221d   Thumb Code    36  stm32f1xx_hal_rcc.o(i.RCC_Delay)
    i.SVC_Handler                            0x08002244   Section        0  stm32f1xx_it.o(i.SVC_Handler)
    i.SysTick_Handler                        0x08002246   Section        0  stm32f1xx_it.o(i.SysTick_Handler)
    i.UART_DMAAbortOnError                   0x0800224e   Section        0  stm32f1xx_hal_uart.o(i.UART_DMAAbortOnError)
    UART_DMAAbortOnError                     0x0800224f   Thumb Code    20  stm32f1xx_hal_uart.o(i.UART_DMAAbortOnError)
    i.UART_EndRxTransfer                     0x08002262   Section        0  stm32f1xx_hal_uart.o(i.UART_EndRxTransfer)
    UART_EndRxTransfer                       0x08002263   Thumb Code    32  stm32f1xx_hal_uart.o(i.UART_EndRxTransfer)
    i.UART_EndTransmit_IT                    0x08002282   Section        0  stm32f1xx_hal_uart.o(i.UART_EndTransmit_IT)
    UART_EndTransmit_IT                      0x08002283   Thumb Code    32  stm32f1xx_hal_uart.o(i.UART_EndTransmit_IT)
    i.UART_Receive_IT                        0x080022a2   Section        0  stm32f1xx_hal_uart.o(i.UART_Receive_IT)
    UART_Receive_IT                          0x080022a3   Thumb Code   160  stm32f1xx_hal_uart.o(i.UART_Receive_IT)
    i.UART_SetConfig                         0x08002344   Section        0  stm32f1xx_hal_uart.o(i.UART_SetConfig)
    UART_SetConfig                           0x08002345   Thumb Code   248  stm32f1xx_hal_uart.o(i.UART_SetConfig)
    i.UART_Transmit_IT                       0x08002440   Section        0  stm32f1xx_hal_uart.o(i.UART_Transmit_IT)
    UART_Transmit_IT                         0x08002441   Thumb Code    96  stm32f1xx_hal_uart.o(i.UART_Transmit_IT)
    i.USART1_IRQHandler                      0x080024a0   Section        0  usart.o(i.USART1_IRQHandler)
    i.UsageFault_Handler                     0x080024c4   Section        0  stm32f1xx_it.o(i.UsageFault_Handler)
    i.__0printf                              0x080024c8   Section        0  printfa.o(i.__0printf)
    i.__NVIC_GetPriorityGrouping             0x080024e8   Section        0  stm32f1xx_hal_cortex.o(i.__NVIC_GetPriorityGrouping)
    __NVIC_GetPriorityGrouping               0x080024e9   Thumb Code    10  stm32f1xx_hal_cortex.o(i.__NVIC_GetPriorityGrouping)
    i.__NVIC_SetPriority                     0x080024f8   Section        0  stm32f1xx_hal_cortex.o(i.__NVIC_SetPriority)
    __NVIC_SetPriority                       0x080024f9   Thumb Code    32  stm32f1xx_hal_cortex.o(i.__NVIC_SetPriority)
    i.__scatterload_copy                     0x08002520   Section       14  handlers.o(i.__scatterload_copy)
    i.__scatterload_null                     0x0800252e   Section        2  handlers.o(i.__scatterload_null)
    i.__scatterload_zeroinit                 0x08002530   Section       14  handlers.o(i.__scatterload_zeroinit)
    i._fp_digits                             0x08002540   Section        0  printfa.o(i._fp_digits)
    _fp_digits                               0x08002541   Thumb Code   366  printfa.o(i._fp_digits)
    i._printf_core                           0x080026c4   Section        0  printfa.o(i._printf_core)
    _printf_core                             0x080026c5   Thumb Code  1704  printfa.o(i._printf_core)
    i._printf_post_padding                   0x08002d78   Section        0  printfa.o(i._printf_post_padding)
    _printf_post_padding                     0x08002d79   Thumb Code    36  printfa.o(i._printf_post_padding)
    i._printf_pre_padding                    0x08002d9c   Section        0  printfa.o(i._printf_pre_padding)
    _printf_pre_padding                      0x08002d9d   Thumb Code    46  printfa.o(i._printf_pre_padding)
    i.atk_max30102_fifo_read                 0x08002dca   Section        0  atk_max30102.o(i.atk_max30102_fifo_read)
    i.atk_max30102_get_heart                 0x08002e24   Section        0  atk_max30102.o(i.atk_max30102_get_heart)
    i.atk_max30102_get_spo2                  0x08002ec0   Section        0  atk_max30102.o(i.atk_max30102_get_spo2)
    i.atk_max30102_get_temp                  0x08002fa8   Section        0  atk_max30102.o(i.atk_max30102_get_temp)
    i.atk_max30102_init                      0x08003014   Section        0  atk_max30102.o(i.atk_max30102_init)
    i.atk_max30102_read_byte                 0x080030e0   Section        0  atk_max30102.o(i.atk_max30102_read_byte)
    i.atk_max30102_read_nbytes               0x0800313a   Section        0  atk_max30102.o(i.atk_max30102_read_nbytes)
    i.atk_max30102_reset                     0x080031b2   Section        0  atk_max30102.o(i.atk_max30102_reset)
    i.atk_max30102_write_byte                0x080031c4   Section        0  atk_max30102.o(i.atk_max30102_write_byte)
    i.delay_init                             0x08003214   Section        0  delay.o(i.delay_init)
    i.delay_ms                               0x08003220   Section        0  delay.o(i.delay_ms)
    i.delay_us                               0x08003234   Section        0  delay.o(i.delay_us)
    i.demo_run                               0x0800327c   Section        0  demo.o(i.demo_run)
    i.fputc                                  0x080033e4   Section        0  usart.o(i.fputc)
    i.iic_ack                                0x08003400   Section        0  myiic.o(i.iic_ack)
    i.iic_delay                              0x08003450   Section        0  myiic.o(i.iic_delay)
    iic_delay                                0x08003451   Thumb Code    10  myiic.o(i.iic_delay)
    i.iic_init                               0x0800345c   Section        0  myiic.o(i.iic_init)
    i.iic_nack                               0x080034d4   Section        0  myiic.o(i.iic_nack)
    i.iic_read_byte                          0x08003514   Section        0  myiic.o(i.iic_read_byte)
    i.iic_send_byte                          0x08003570   Section        0  myiic.o(i.iic_send_byte)
    i.iic_start                              0x080035dc   Section        0  myiic.o(i.iic_start)
    i.iic_stop                               0x08003628   Section        0  myiic.o(i.iic_stop)
    i.iic_wait_ack                           0x08003668   Section        0  myiic.o(i.iic_wait_ack)
    i.ir_max30102_fir                        0x080036cc   Section        0  atk_max30102_math.o(i.ir_max30102_fir)
    i.led_init                               0x080036ec   Section        0  led.o(i.led_init)
    i.main                                   0x08003740   Section        0  main.o(i.main)
    i.max30102_fir_init                      0x0800376c   Section        0  atk_max30102_math.o(i.max30102_fir_init)
    i.red_max30102_fir                       0x080037ac   Section        0  atk_max30102_math.o(i.red_max30102_fir)
    i.show_mesg                              0x080037cc   Section        0  main.o(i.show_mesg)
    i.sys_stm32_clock_init                   0x080038d4   Section        0  sys.o(i.sys_stm32_clock_init)
    i.usart_init                             0x0800393c   Section        0  usart.o(i.usart_init)
    .constdata                               0x08003974   Section       24  system_stm32f1xx.o(.constdata)
    .constdata                               0x0800398c   Section      116  atk_max30102_math.o(.constdata)
    .data                                    0x20000000   Section        4  system_stm32f1xx.o(.data)
    .data                                    0x20000004   Section       16  demo.o(.data)
    .data                                    0x20000014   Section        9  stm32f1xx_hal.o(.data)
    .data                                    0x20000020   Section        4  delay.o(.data)
    g_fac_us                                 0x20000020   Data           4  delay.o(.data)
    .data                                    0x20000024   Section        7  usart.o(.data)
    .data                                    0x2000002b   Section        1  atk_max30102.o(.data)
    .data                                    0x2000002c   Section        8  atk_max30102_math.o(.data)
    .bss                                     0x20000034   Section     1200  demo.o(.bss)
    .bss                                     0x200004e4   Section      264  usart.o(.bss)
    .bss                                     0x200005ec   Section      256  atk_max30102_math.o(.bss)
    firStateF32_ir                           0x20000604   Data         116  atk_max30102_math.o(.bss)
    firStateF32_red                          0x20000678   Data         116  atk_max30102_math.o(.bss)
    STACK                                    0x200006f0   Section     1024  startup_stm32f103xb.o(STACK)

    Global Symbols

    Symbol Name                              Value     Ov Type        Size  Object(Section)

    BuildAttributes$$THM_ISAv4$P$D$K$B$S$PE$A:L22UL41UL21$X:L11$S22US41US21$IEEE1$IW$USESV6$~STKCKD$USESV7$~SHL$OTIME$ROPI$EBA8$MICROLIB$REQ8$PRES8$EABIv2 0x00000000   Number         0  anon$$obj.o ABSOLUTE
    __ARM_use_no_argv                        0x00000000   Number         0  main.o ABSOLUTE
    __use_no_errno                           0x00000000   Number         0  useno.o ABSOLUTE
    __use_no_exception_handling              0x00000000   Number         0  useno.o ABSOLUTE
    __use_no_fp                              0x00000000   Number         0  useno.o ABSOLUTE
    __use_no_heap                            0x00000000   Number         0  useno.o ABSOLUTE
    __use_no_heap_region                     0x00000000   Number         0  useno.o ABSOLUTE
    __use_no_semihosting                     0x00000000   Number         0  useno.o ABSOLUTE
    __use_no_semihosting_swi                 0x00000000   Number         0  useno.o ABSOLUTE
    __use_no_signal_handling                 0x00000000   Number         0  useno.o ABSOLUTE
    _printf_a                                0x00000000   Number         0  stubs.o ABSOLUTE
    _printf_c                                0x00000000   Number         0  stubs.o ABSOLUTE
    _printf_charcount                        0x00000000   Number         0  stubs.o ABSOLUTE
    _printf_d                                0x00000000   Number         0  stubs.o ABSOLUTE
    _printf_e                                0x00000000   Number         0  stubs.o ABSOLUTE
    _printf_f                                0x00000000   Number         0  stubs.o ABSOLUTE
    _printf_flags                            0x00000000   Number         0  stubs.o ABSOLUTE
    _printf_fp_dec                           0x00000000   Number         0  stubs.o ABSOLUTE
    _printf_fp_hex                           0x00000000   Number         0  stubs.o ABSOLUTE
    _printf_g                                0x00000000   Number         0  stubs.o ABSOLUTE
    _printf_i                                0x00000000   Number         0  stubs.o ABSOLUTE
    _printf_int_dec                          0x00000000   Number         0  stubs.o ABSOLUTE
    _printf_l                                0x00000000   Number         0  stubs.o ABSOLUTE
    _printf_lc                               0x00000000   Number         0  stubs.o ABSOLUTE
    _printf_ll                               0x00000000   Number         0  stubs.o ABSOLUTE
    _printf_lld                              0x00000000   Number         0  stubs.o ABSOLUTE
    _printf_lli                              0x00000000   Number         0  stubs.o ABSOLUTE
    _printf_llo                              0x00000000   Number         0  stubs.o ABSOLUTE
    _printf_llu                              0x00000000   Number         0  stubs.o ABSOLUTE
    _printf_llx                              0x00000000   Number         0  stubs.o ABSOLUTE
    _printf_longlong_dec                     0x00000000   Number         0  stubs.o ABSOLUTE
    _printf_longlong_hex                     0x00000000   Number         0  stubs.o ABSOLUTE
    _printf_longlong_oct                     0x00000000   Number         0  stubs.o ABSOLUTE
    _printf_ls                               0x00000000   Number         0  stubs.o ABSOLUTE
    _printf_mbtowc                           0x00000000   Number         0  stubs.o ABSOLUTE
    _printf_n                                0x00000000   Number         0  stubs.o ABSOLUTE
    _printf_o                                0x00000000   Number         0  stubs.o ABSOLUTE
    _printf_p                                0x00000000   Number         0  stubs.o ABSOLUTE
    _printf_percent                          0x00000000   Number         0  stubs.o ABSOLUTE
    _printf_pre_padding                      0x00000000   Number         0  stubs.o ABSOLUTE
    _printf_return_value                     0x00000000   Number         0  stubs.o ABSOLUTE
    _printf_s                                0x00000000   Number         0  stubs.o ABSOLUTE
    _printf_sizespec                         0x00000000   Number         0  stubs.o ABSOLUTE
    _printf_str                              0x00000000   Number         0  stubs.o ABSOLUTE
    _printf_truncate_signed                  0x00000000   Number         0  stubs.o ABSOLUTE
    _printf_truncate_unsigned                0x00000000   Number         0  stubs.o ABSOLUTE
    _printf_u                                0x00000000   Number         0  stubs.o ABSOLUTE
    _printf_wc                               0x00000000   Number         0  stubs.o ABSOLUTE
    _printf_wctomb                           0x00000000   Number         0  stubs.o ABSOLUTE
    _printf_widthprec                        0x00000000   Number         0  stubs.o ABSOLUTE
    _printf_x                                0x00000000   Number         0  stubs.o ABSOLUTE
    __arm_fini_                               - Undefined Weak Reference
    __cpp_initialize__aeabi_                  - Undefined Weak Reference
    __cxa_finalize                            - Undefined Weak Reference
    __decompress                              - Undefined Weak Reference
    _clock_init                               - Undefined Weak Reference
    _microlib_exit                            - Undefined Weak Reference
    __Vectors_Size                           0x000000ec   Number         0  startup_stm32f103xb.o ABSOLUTE
    __Vectors                                0x08000000   Data           4  startup_stm32f103xb.o(RESET)
    __Vectors_End                            0x080000ec   Data           0  startup_stm32f103xb.o(RESET)
    __main                                   0x080000ed   Thumb Code     0  entry.o(.ARM.Collect$$$$00000000)
    _main_stk                                0x080000ed   Thumb Code     0  entry2.o(.ARM.Collect$$$$00000001)
    _main_scatterload                        0x080000f1   Thumb Code     0  entry5.o(.ARM.Collect$$$$00000004)
    __main_after_scatterload                 0x080000f5   Thumb Code     0  entry5.o(.ARM.Collect$$$$00000004)
    _main_clock                              0x080000f5   Thumb Code     0  entry7b.o(.ARM.Collect$$$$00000008)
    _main_cpp_init                           0x080000f5   Thumb Code     0  entry8b.o(.ARM.Collect$$$$0000000A)
    _main_init                               0x080000f5   Thumb Code     0  entry9a.o(.ARM.Collect$$$$0000000B)
    __rt_lib_shutdown_fini                   0x080000fd   Thumb Code     0  entry12b.o(.ARM.Collect$$$$0000000E)
    __rt_final_cpp                           0x08000101   Thumb Code     0  entry10a.o(.ARM.Collect$$$$0000000F)
    __rt_final_exit                          0x08000101   Thumb Code     0  entry11a.o(.ARM.Collect$$$$00000011)
    Reset_Handler                            0x08000105   Thumb Code     4  startup_stm32f103xb.o(.text)
    ADC1_2_IRQHandler                        0x0800011b   Thumb Code     0  startup_stm32f103xb.o(.text)
    CAN1_RX1_IRQHandler                      0x0800011b   Thumb Code     0  startup_stm32f103xb.o(.text)
    CAN1_SCE_IRQHandler                      0x0800011b   Thumb Code     0  startup_stm32f103xb.o(.text)
    DMA1_Channel1_IRQHandler                 0x0800011b   Thumb Code     0  startup_stm32f103xb.o(.text)
    DMA1_Channel2_IRQHandler                 0x0800011b   Thumb Code     0  startup_stm32f103xb.o(.text)
    DMA1_Channel3_IRQHandler                 0x0800011b   Thumb Code     0  startup_stm32f103xb.o(.text)
    DMA1_Channel4_IRQHandler                 0x0800011b   Thumb Code     0  startup_stm32f103xb.o(.text)
    DMA1_Channel5_IRQHandler                 0x0800011b   Thumb Code     0  startup_stm32f103xb.o(.text)
    DMA1_Channel6_IRQHandler                 0x0800011b   Thumb Code     0  startup_stm32f103xb.o(.text)
    DMA1_Channel7_IRQHandler                 0x0800011b   Thumb Code     0  startup_stm32f103xb.o(.text)
    EXTI0_IRQHandler                         0x0800011b   Thumb Code     0  startup_stm32f103xb.o(.text)
    EXTI15_10_IRQHandler                     0x0800011b   Thumb Code     0  startup_stm32f103xb.o(.text)
    EXTI1_IRQHandler                         0x0800011b   Thumb Code     0  startup_stm32f103xb.o(.text)
    EXTI2_IRQHandler                         0x0800011b   Thumb Code     0  startup_stm32f103xb.o(.text)
    EXTI3_IRQHandler                         0x0800011b   Thumb Code     0  startup_stm32f103xb.o(.text)
    EXTI4_IRQHandler                         0x0800011b   Thumb Code     0  startup_stm32f103xb.o(.text)
    FLASH_IRQHandler                         0x0800011b   Thumb Code     0  startup_stm32f103xb.o(.text)
    I2C1_ER_IRQHandler                       0x0800011b   Thumb Code     0  startup_stm32f103xb.o(.text)
    I2C1_EV_IRQHandler                       0x0800011b   Thumb Code     0  startup_stm32f103xb.o(.text)
    I2C2_ER_IRQHandler                       0x0800011b   Thumb Code     0  startup_stm32f103xb.o(.text)
    I2C2_EV_IRQHandler                       0x0800011b   Thumb Code     0  startup_stm32f103xb.o(.text)
    PVD_IRQHandler                           0x0800011b   Thumb Code     0  startup_stm32f103xb.o(.text)
    RCC_IRQHandler                           0x0800011b   Thumb Code     0  startup_stm32f103xb.o(.text)
    RTC_Alarm_IRQHandler                     0x0800011b   Thumb Code     0  startup_stm32f103xb.o(.text)
    RTC_IRQHandler                           0x0800011b   Thumb Code     0  startup_stm32f103xb.o(.text)
    SPI1_IRQHandler                          0x0800011b   Thumb Code     0  startup_stm32f103xb.o(.text)
    SPI2_IRQHandler                          0x0800011b   Thumb Code     0  startup_stm32f103xb.o(.text)
    TAMPER_IRQHandler                        0x0800011b   Thumb Code     0  startup_stm32f103xb.o(.text)
    TIM1_BRK_IRQHandler                      0x0800011b   Thumb Code     0  startup_stm32f103xb.o(.text)
    TIM1_CC_IRQHandler                       0x0800011b   Thumb Code     0  startup_stm32f103xb.o(.text)
    TIM1_TRG_COM_IRQHandler                  0x0800011b   Thumb Code     0  startup_stm32f103xb.o(.text)
    TIM1_UP_IRQHandler                       0x0800011b   Thumb Code     0  startup_stm32f103xb.o(.text)
    TIM2_IRQHandler                          0x0800011b   Thumb Code     0  startup_stm32f103xb.o(.text)
    TIM3_IRQHandler                          0x0800011b   Thumb Code     0  startup_stm32f103xb.o(.text)
    TIM4_IRQHandler                          0x0800011b   Thumb Code     0  startup_stm32f103xb.o(.text)
    USART2_IRQHandler                        0x0800011b   Thumb Code     0  startup_stm32f103xb.o(.text)
    USART3_IRQHandler                        0x0800011b   Thumb Code     0  startup_stm32f103xb.o(.text)
    USBWakeUp_IRQHandler                     0x0800011b   Thumb Code     0  startup_stm32f103xb.o(.text)
    USB_HP_CAN1_TX_IRQHandler                0x0800011b   Thumb Code     0  startup_stm32f103xb.o(.text)
    USB_LP_CAN1_RX0_IRQHandler               0x0800011b   Thumb Code     0  startup_stm32f103xb.o(.text)
    WWDG_IRQHandler                          0x0800011b   Thumb Code     0  startup_stm32f103xb.o(.text)
    arm_fir_f32                              0x08000121   Thumb Code  2274  arm_fir_f32.o(.text)
    arm_fir_init_f32                         0x08000a03   Thumb Code    28  arm_fir_init_f32.o(.text)
    __aeabi_memset                           0x08000a1f   Thumb Code    14  memseta.o(.text)
    __aeabi_memset4                          0x08000a1f   Thumb Code     0  memseta.o(.text)
    __aeabi_memset8                          0x08000a1f   Thumb Code     0  memseta.o(.text)
    __aeabi_memclr                           0x08000a2d   Thumb Code     4  memseta.o(.text)
    __aeabi_memclr4                          0x08000a2d   Thumb Code     0  memseta.o(.text)
    __aeabi_memclr8                          0x08000a2d   Thumb Code     0  memseta.o(.text)
    _memset$wrapper                          0x08000a31   Thumb Code    18  memseta.o(.text)
    __aeabi_fadd                             0x08000a43   Thumb Code   164  fadd.o(.text)
    __aeabi_fsub                             0x08000ae7   Thumb Code     6  fadd.o(.text)
    __aeabi_frsub                            0x08000aed   Thumb Code     6  fadd.o(.text)
    __aeabi_fmul                             0x08000af3   Thumb Code   100  fmul.o(.text)
    __aeabi_fdiv                             0x08000b57   Thumb Code   124  fdiv.o(.text)
    __aeabi_i2f                              0x08000bd3   Thumb Code    18  fflti.o(.text)
    __aeabi_ui2f                             0x08000be5   Thumb Code    10  ffltui.o(.text)
    __aeabi_f2d                              0x08000bef   Thumb Code    38  f2d.o(.text)
    __aeabi_cfcmpeq                          0x08000c15   Thumb Code     0  cfcmple.o(.text)
    __aeabi_cfcmple                          0x08000c15   Thumb Code    20  cfcmple.o(.text)
    __aeabi_cfrcmple                         0x08000c29   Thumb Code    20  cfrcmple.o(.text)
    __aeabi_uidiv                            0x08000c3d   Thumb Code     0  uidiv.o(.text)
    __aeabi_uidivmod                         0x08000c3d   Thumb Code    44  uidiv.o(.text)
    __aeabi_uldivmod                         0x08000c69   Thumb Code    98  uldiv.o(.text)
    __I$use$fp                               0x08000ccb   Thumb Code     0  iusefp.o(.text)
    _float_round                             0x08000ccb   Thumb Code    18  fepilogue.o(.text)
    _float_epilogue                          0x08000cdd   Thumb Code    92  fepilogue.o(.text)
    __aeabi_dadd                             0x08000d39   Thumb Code   322  dadd.o(.text)
    __aeabi_dsub                             0x08000e7b   Thumb Code     6  dadd.o(.text)
    __aeabi_drsub                            0x08000e81   Thumb Code     6  dadd.o(.text)
    __aeabi_dmul                             0x08000e87   Thumb Code   228  dmul.o(.text)
    __aeabi_ddiv                             0x08000f6b   Thumb Code   222  ddiv.o(.text)
    __aeabi_d2ulz                            0x08001049   Thumb Code    48  dfixul.o(.text)
    __aeabi_cdrcmple                         0x08001079   Thumb Code    48  cdrcmple.o(.text)
    __scatterload                            0x080010a9   Thumb Code    28  init.o(.text)
    __scatterload_rt2                        0x080010a9   Thumb Code     0  init.o(.text)
    __aeabi_llsl                             0x080010cd   Thumb Code    30  llshl.o(.text)
    _ll_shift_l                              0x080010cd   Thumb Code     0  llshl.o(.text)
    __aeabi_llsr                             0x080010eb   Thumb Code    32  llushr.o(.text)
    _ll_ushift_r                             0x080010eb   Thumb Code     0  llushr.o(.text)
    __aeabi_lasr                             0x0800110b   Thumb Code    36  llsshr.o(.text)
    _ll_sshift_r                             0x0800110b   Thumb Code     0  llsshr.o(.text)
    _double_round                            0x0800112f   Thumb Code    30  depilogue.o(.text)
    _double_epilogue                         0x0800114d   Thumb Code   156  depilogue.o(.text)
    BusFault_Handler                         0x080011e9   Thumb Code     4  stm32f1xx_it.o(i.BusFault_Handler)
    DebugMon_Handler                         0x080011ed   Thumb Code     2  stm32f1xx_it.o(i.DebugMon_Handler)
    EXTI9_5_IRQHandler                       0x080011f1   Thumb Code    16  atk_max30102.o(i.EXTI9_5_IRQHandler)
    HAL_DMA_Abort_IT                         0x08001205   Thumb Code   172  stm32f1xx_hal_dma.o(i.HAL_DMA_Abort_IT)
    HAL_GPIO_EXTI_Callback                   0x080012b5   Thumb Code    12  atk_max30102.o(i.HAL_GPIO_EXTI_Callback)
    HAL_GPIO_EXTI_IRQHandler                 0x080012c5   Thumb Code    24  stm32f1xx_hal_gpio.o(i.HAL_GPIO_EXTI_IRQHandler)
    HAL_GPIO_Init                            0x080012e1   Thumb Code   766  stm32f1xx_hal_gpio.o(i.HAL_GPIO_Init)
    HAL_GPIO_ReadPin                         0x08001601   Thumb Code    16  stm32f1xx_hal_gpio.o(i.HAL_GPIO_ReadPin)
    HAL_GPIO_TogglePin                       0x08001611   Thumb Code    20  stm32f1xx_hal_gpio.o(i.HAL_GPIO_TogglePin)
    HAL_GPIO_WritePin                        0x08001625   Thumb Code    12  stm32f1xx_hal_gpio.o(i.HAL_GPIO_WritePin)
    HAL_GetTick                              0x08001631   Thumb Code     6  stm32f1xx_hal.o(i.HAL_GetTick)
    HAL_IncTick                              0x0800163d   Thumb Code    16  stm32f1xx_hal.o(i.HAL_IncTick)
    HAL_Init                                 0x08001655   Thumb Code    34  stm32f1xx_hal.o(i.HAL_Init)
    HAL_InitTick                             0x0800167d   Thumb Code    64  stm32f1xx_hal.o(i.HAL_InitTick)
    HAL_MspInit                              0x080016c9   Thumb Code     2  stm32f1xx_hal.o(i.HAL_MspInit)
    HAL_NVIC_EnableIRQ                       0x080016cb   Thumb Code    32  stm32f1xx_hal_cortex.o(i.HAL_NVIC_EnableIRQ)
    HAL_NVIC_SetPriority                     0x080016eb   Thumb Code   124  stm32f1xx_hal_cortex.o(i.HAL_NVIC_SetPriority)
    HAL_NVIC_SetPriorityGrouping             0x08001769   Thumb Code    32  stm32f1xx_hal_cortex.o(i.HAL_NVIC_SetPriorityGrouping)
    HAL_RCC_ClockConfig                      0x08001791   Thumb Code   376  stm32f1xx_hal_rcc.o(i.HAL_RCC_ClockConfig)
    HAL_RCC_GetHCLKFreq                      0x0800191d   Thumb Code     6  stm32f1xx_hal_rcc.o(i.HAL_RCC_GetHCLKFreq)
    HAL_RCC_GetPCLK1Freq                     0x08001929   Thumb Code    22  stm32f1xx_hal_rcc.o(i.HAL_RCC_GetPCLK1Freq)
    HAL_RCC_GetPCLK2Freq                     0x08001949   Thumb Code    22  stm32f1xx_hal_rcc.o(i.HAL_RCC_GetPCLK2Freq)
    HAL_RCC_GetSysClockFreq                  0x08001969   Thumb Code   116  stm32f1xx_hal_rcc.o(i.HAL_RCC_GetSysClockFreq)
    HAL_RCC_OscConfig                        0x080019fd   Thumb Code  1114  stm32f1xx_hal_rcc.o(i.HAL_RCC_OscConfig)
    HAL_SYSTICK_Config                       0x08001e61   Thumb Code    52  stm32f1xx_hal_cortex.o(i.HAL_SYSTICK_Config)
    HAL_UART_ErrorCallback                   0x08001e95   Thumb Code     2  stm32f1xx_hal_uart.o(i.HAL_UART_ErrorCallback)
    HAL_UART_IRQHandler                      0x08001e99   Thumb Code   334  stm32f1xx_hal_uart.o(i.HAL_UART_IRQHandler)
    HAL_UART_Init                            0x08001fed   Thumb Code   114  stm32f1xx_hal_uart.o(i.HAL_UART_Init)
    HAL_UART_MspInit                         0x08002061   Thumb Code   168  usart.o(i.HAL_UART_MspInit)
    HAL_UART_Receive_IT                      0x08002115   Thumb Code   112  stm32f1xx_hal_uart.o(i.HAL_UART_Receive_IT)
    HAL_UART_RxCpltCallback                  0x08002185   Thumb Code   120  usart.o(i.HAL_UART_RxCpltCallback)
    HAL_UART_TxCpltCallback                  0x0800220d   Thumb Code     2  stm32f1xx_hal_uart.o(i.HAL_UART_TxCpltCallback)
    HardFault_Handler                        0x0800220f   Thumb Code     4  stm32f1xx_it.o(i.HardFault_Handler)
    MemManage_Handler                        0x08002213   Thumb Code     4  stm32f1xx_it.o(i.MemManage_Handler)
    NMI_Handler                              0x08002217   Thumb Code     2  stm32f1xx_it.o(i.NMI_Handler)
    PendSV_Handler                           0x08002219   Thumb Code     2  stm32f1xx_it.o(i.PendSV_Handler)
    SVC_Handler                              0x08002245   Thumb Code     2  stm32f1xx_it.o(i.SVC_Handler)
    SysTick_Handler                          0x08002247   Thumb Code     8  stm32f1xx_it.o(i.SysTick_Handler)
    USART1_IRQHandler                        0x080024a1   Thumb Code    26  usart.o(i.USART1_IRQHandler)
    UsageFault_Handler                       0x080024c5   Thumb Code     4  stm32f1xx_it.o(i.UsageFault_Handler)
    __0printf                                0x080024c9   Thumb Code    22  printfa.o(i.__0printf)
    __1printf                                0x080024c9   Thumb Code     0  printfa.o(i.__0printf)
    __2printf                                0x080024c9   Thumb Code     0  printfa.o(i.__0printf)
    __c89printf                              0x080024c9   Thumb Code     0  printfa.o(i.__0printf)
    printf                                   0x080024c9   Thumb Code     0  printfa.o(i.__0printf)
    __scatterload_copy                       0x08002521   Thumb Code    14  handlers.o(i.__scatterload_copy)
    __scatterload_null                       0x0800252f   Thumb Code     2  handlers.o(i.__scatterload_null)
    __scatterload_zeroinit                   0x08002531   Thumb Code    14  handlers.o(i.__scatterload_zeroinit)
    atk_max30102_fifo_read                   0x08002dcb   Thumb Code    90  atk_max30102.o(i.atk_max30102_fifo_read)
    atk_max30102_get_heart                   0x08002e25   Thumb Code   154  atk_max30102.o(i.atk_max30102_get_heart)
    atk_max30102_get_spo2                    0x08002ec1   Thumb Code   220  atk_max30102.o(i.atk_max30102_get_spo2)
    atk_max30102_get_temp                    0x08002fa9   Thumb Code   106  atk_max30102.o(i.atk_max30102_get_temp)
    atk_max30102_init                        0x08003015   Thumb Code   190  atk_max30102.o(i.atk_max30102_init)
    atk_max30102_read_byte                   0x080030e1   Thumb Code    90  atk_max30102.o(i.atk_max30102_read_byte)
    atk_max30102_read_nbytes                 0x0800313b   Thumb Code   120  atk_max30102.o(i.atk_max30102_read_nbytes)
    atk_max30102_reset                       0x080031b3   Thumb Code    18  atk_max30102.o(i.atk_max30102_reset)
    atk_max30102_write_byte                  0x080031c5   Thumb Code    78  atk_max30102.o(i.atk_max30102_write_byte)
    delay_init                               0x08003215   Thumb Code     6  delay.o(i.delay_init)
    delay_ms                                 0x08003221   Thumb Code    18  delay.o(i.delay_ms)
    delay_us                                 0x08003235   Thumb Code    68  delay.o(i.delay_us)
    demo_run                                 0x0800327d   Thumb Code   228  demo.o(i.demo_run)
    fputc                                    0x080033e5   Thumb Code    24  usart.o(i.fputc)
    iic_ack                                  0x08003401   Thumb Code    76  myiic.o(i.iic_ack)
    iic_init                                 0x0800345d   Thumb Code   112  myiic.o(i.iic_init)
    iic_nack                                 0x080034d5   Thumb Code    58  myiic.o(i.iic_nack)
    iic_read_byte                            0x08003515   Thumb Code    88  myiic.o(i.iic_read_byte)
    iic_send_byte                            0x08003571   Thumb Code   102  myiic.o(i.iic_send_byte)
    iic_start                                0x080035dd   Thumb Code    72  myiic.o(i.iic_start)
    iic_stop                                 0x08003629   Thumb Code    58  myiic.o(i.iic_stop)
    iic_wait_ack                             0x08003669   Thumb Code    96  myiic.o(i.iic_wait_ack)
    ir_max30102_fir                          0x080036cd   Thumb Code    22  atk_max30102_math.o(i.ir_max30102_fir)
    led_init                                 0x080036ed   Thumb Code    76  led.o(i.led_init)
    main                                     0x08003741   Thumb Code    44  main.o(i.main)
    max30102_fir_init                        0x0800376d   Thumb Code    40  atk_max30102_math.o(i.max30102_fir_init)
    red_max30102_fir                         0x080037ad   Thumb Code    22  atk_max30102_math.o(i.red_max30102_fir)
    show_mesg                                0x080037cd   Thumb Code    58  main.o(i.show_mesg)
    sys_stm32_clock_init                     0x080038d5   Thumb Code   102  sys.o(i.sys_stm32_clock_init)
    usart_init                               0x0800393d   Thumb Code    44  usart.o(i.usart_init)
    AHBPrescTable                            0x08003974   Data          16  system_stm32f1xx.o(.constdata)
    APBPrescTable                            0x08003984   Data           8  system_stm32f1xx.o(.constdata)
    firCoeffs32LP                            0x0800398c   Data         116  atk_max30102_math.o(.constdata)
    Region$$Table$$Base                      0x08003a00   Number         0  anon$$obj.o(Region$$Table)
    Region$$Table$$Limit                     0x08003a20   Number         0  anon$$obj.o(Region$$Table)
    SystemCoreClock                          0x20000000   Data           4  system_stm32f1xx.o(.data)
    g_red_data                               0x20000004   Data           4  demo.o(.data)
    g_ir_data                                0x20000008   Data           4  demo.o(.data)
    fir_output                               0x2000000c   Data           8  demo.o(.data)
    uwTick                                   0x20000014   Data           4  stm32f1xx_hal.o(.data)
    uwTickPrio                               0x20000018   Data           4  stm32f1xx_hal.o(.data)
    uwTickFreq                               0x2000001c   Data           1  stm32f1xx_hal.o(.data)
    __stdout                                 0x20000024   Data           4  usart.o(.data)
    g_usart_rx_sta                           0x20000028   Data           2  usart.o(.data)
    g_rx_buffer                              0x2000002a   Data           1  usart.o(.data)
    g_max30102_int_flag                      0x2000002b   Data           1  atk_max30102.o(.data)
    blockSize                                0x2000002c   Data           4  atk_max30102_math.o(.data)
    numBlocks                                0x20000030   Data           4  atk_max30102_math.o(.data)
    ppg_data_cache_red                       0x20000034   Data         600  demo.o(.bss)
    ppg_data_cache_ir                        0x2000028c   Data         600  demo.o(.bss)
    g_usart_rx_buf                           0x200004e4   Data         200  usart.o(.bss)
    g_uart1_handle                           0x200005ac   Data          64  usart.o(.bss)
    S_ir                                     0x200005ec   Data          12  atk_max30102_math.o(.bss)
    S_red                                    0x200005f8   Data          12  atk_max30102_math.o(.bss)
    __initial_sp                             0x20000af0   Data           0  startup_stm32f103xb.o(STACK)



==============================================================================

Memory Map of the image

  Image Entry point : 0x080000ed

  Load Region LR_IROM1 (Base: 0x08000000, Size: 0x00003a54, Max: 0x00010000, ABSOLUTE)

    Execution Region ER_IROM1 (Exec base: 0x08000000, Load base: 0x08000000, Size: 0x00003a20, Max: 0x00010000, ABSOLUTE)

    Exec Addr    Load Addr    Size         Type   Attr      Idx    E Section Name        Object

    0x08000000   0x08000000   0x000000ec   Data   RO            3    RESET               startup_stm32f103xb.o
    0x080000ec   0x080000ec   0x00000000   Code   RO         2433  * .ARM.Collect$$$$00000000  mc_w.l(entry.o)
    0x080000ec   0x080000ec   0x00000004   Code   RO         2715    .ARM.Collect$$$$00000001  mc_w.l(entry2.o)
    0x080000f0   0x080000f0   0x00000004   Code   RO         2718    .ARM.Collect$$$$00000004  mc_w.l(entry5.o)
    0x080000f4   0x080000f4   0x00000000   Code   RO         2720    .ARM.Collect$$$$00000008  mc_w.l(entry7b.o)
    0x080000f4   0x080000f4   0x00000000   Code   RO         2722    .ARM.Collect$$$$0000000A  mc_w.l(entry8b.o)
    0x080000f4   0x080000f4   0x00000008   Code   RO         2723    .ARM.Collect$$$$0000000B  mc_w.l(entry9a.o)
    0x080000fc   0x080000fc   0x00000004   Code   RO         2730    .ARM.Collect$$$$0000000E  mc_w.l(entry12b.o)
    0x08000100   0x08000100   0x00000000   Code   RO         2725    .ARM.Collect$$$$0000000F  mc_w.l(entry10a.o)
    0x08000100   0x08000100   0x00000000   Code   RO         2727    .ARM.Collect$$$$00000011  mc_w.l(entry11a.o)
    0x08000100   0x08000100   0x00000004   Code   RO         2716    .ARM.Collect$$$$00002712  mc_w.l(entry2.o)
    0x08000104   0x08000104   0x0000001c   Code   RO            4    .text               startup_stm32f103xb.o
    0x08000120   0x08000120   0x000008e2   Code   RO         2366    .text               arm_cortexM3l_math.lib(arm_fir_f32.o)
    0x08000a02   0x08000a02   0x0000001c   Code   RO         2412    .text               arm_cortexM3l_math.lib(arm_fir_init_f32.o)
    0x08000a1e   0x08000a1e   0x00000024   Code   RO         2436    .text               mc_w.l(memseta.o)
    0x08000a42   0x08000a42   0x000000b0   Code   RO         2699    .text               mf_w.l(fadd.o)
    0x08000af2   0x08000af2   0x00000064   Code   RO         2701    .text               mf_w.l(fmul.o)
    0x08000b56   0x08000b56   0x0000007c   Code   RO         2703    .text               mf_w.l(fdiv.o)
    0x08000bd2   0x08000bd2   0x00000012   Code   RO         2705    .text               mf_w.l(fflti.o)
    0x08000be4   0x08000be4   0x0000000a   Code   RO         2707    .text               mf_w.l(ffltui.o)
    0x08000bee   0x08000bee   0x00000026   Code   RO         2709    .text               mf_w.l(f2d.o)
    0x08000c14   0x08000c14   0x00000014   Code   RO         2711    .text               mf_w.l(cfcmple.o)
    0x08000c28   0x08000c28   0x00000014   Code   RO         2713    .text               mf_w.l(cfrcmple.o)
    0x08000c3c   0x08000c3c   0x0000002c   Code   RO         2731    .text               mc_w.l(uidiv.o)
    0x08000c68   0x08000c68   0x00000062   Code   RO         2733    .text               mc_w.l(uldiv.o)
    0x08000cca   0x08000cca   0x00000000   Code   RO         2735    .text               mc_w.l(iusefp.o)
    0x08000cca   0x08000cca   0x0000006e   Code   RO         2736    .text               mf_w.l(fepilogue.o)
    0x08000d38   0x08000d38   0x0000014e   Code   RO         2738    .text               mf_w.l(dadd.o)
    0x08000e86   0x08000e86   0x000000e4   Code   RO         2740    .text               mf_w.l(dmul.o)
    0x08000f6a   0x08000f6a   0x000000de   Code   RO         2742    .text               mf_w.l(ddiv.o)
    0x08001048   0x08001048   0x00000030   Code   RO         2744    .text               mf_w.l(dfixul.o)
    0x08001078   0x08001078   0x00000030   Code   RO         2746    .text               mf_w.l(cdrcmple.o)
    0x080010a8   0x080010a8   0x00000024   Code   RO         2748    .text               mc_w.l(init.o)
    0x080010cc   0x080010cc   0x0000001e   Code   RO         2750    .text               mc_w.l(llshl.o)
    0x080010ea   0x080010ea   0x00000020   Code   RO         2752    .text               mc_w.l(llushr.o)
    0x0800110a   0x0800110a   0x00000024   Code   RO         2754    .text               mc_w.l(llsshr.o)
    0x0800112e   0x0800112e   0x000000ba   Code   RO         2756    .text               mf_w.l(depilogue.o)
    0x080011e8   0x080011e8   0x00000004   Code   RO          229    i.BusFault_Handler  stm32f1xx_it.o
    0x080011ec   0x080011ec   0x00000002   Code   RO          230    i.DebugMon_Handler  stm32f1xx_it.o
    0x080011ee   0x080011ee   0x00000002   PAD
    0x080011f0   0x080011f0   0x00000014   Code   RO         2229    i.EXTI9_5_IRQHandler  atk_max30102.o
    0x08001204   0x08001204   0x000000b0   Code   RO          695    i.HAL_DMA_Abort_IT  stm32f1xx_hal_dma.o
    0x080012b4   0x080012b4   0x00000010   Code   RO         2230    i.HAL_GPIO_EXTI_Callback  atk_max30102.o
    0x080012c4   0x080012c4   0x0000001c   Code   RO          790    i.HAL_GPIO_EXTI_IRQHandler  stm32f1xx_hal_gpio.o
    0x080012e0   0x080012e0   0x00000320   Code   RO          791    i.HAL_GPIO_Init     stm32f1xx_hal_gpio.o
    0x08001600   0x08001600   0x00000010   Code   RO          793    i.HAL_GPIO_ReadPin  stm32f1xx_hal_gpio.o
    0x08001610   0x08001610   0x00000014   Code   RO          794    i.HAL_GPIO_TogglePin  stm32f1xx_hal_gpio.o
    0x08001624   0x08001624   0x0000000c   Code   RO          795    i.HAL_GPIO_WritePin  stm32f1xx_hal_gpio.o
    0x08001630   0x08001630   0x0000000c   Code   RO          408    i.HAL_GetTick       stm32f1xx_hal.o
    0x0800163c   0x0800163c   0x00000018   Code   RO          414    i.HAL_IncTick       stm32f1xx_hal.o
    0x08001654   0x08001654   0x00000028   Code   RO          415    i.HAL_Init          stm32f1xx_hal.o
    0x0800167c   0x0800167c   0x0000004c   Code   RO          416    i.HAL_InitTick      stm32f1xx_hal.o
    0x080016c8   0x080016c8   0x00000002   Code   RO          418    i.HAL_MspInit       stm32f1xx_hal.o
    0x080016ca   0x080016ca   0x00000020   Code   RO          573    i.HAL_NVIC_EnableIRQ  stm32f1xx_hal_cortex.o
    0x080016ea   0x080016ea   0x0000007c   Code   RO          579    i.HAL_NVIC_SetPriority  stm32f1xx_hal_cortex.o
    0x08001766   0x08001766   0x00000002   PAD
    0x08001768   0x08001768   0x00000028   Code   RO          580    i.HAL_NVIC_SetPriorityGrouping  stm32f1xx_hal_cortex.o
    0x08001790   0x08001790   0x0000018c   Code   RO          891    i.HAL_RCC_ClockConfig  stm32f1xx_hal_rcc.o
    0x0800191c   0x0800191c   0x0000000c   Code   RO          896    i.HAL_RCC_GetHCLKFreq  stm32f1xx_hal_rcc.o
    0x08001928   0x08001928   0x00000020   Code   RO          898    i.HAL_RCC_GetPCLK1Freq  stm32f1xx_hal_rcc.o
    0x08001948   0x08001948   0x00000020   Code   RO          899    i.HAL_RCC_GetPCLK2Freq  stm32f1xx_hal_rcc.o
    0x08001968   0x08001968   0x00000094   Code   RO          900    i.HAL_RCC_GetSysClockFreq  stm32f1xx_hal_rcc.o
    0x080019fc   0x080019fc   0x00000464   Code   RO          903    i.HAL_RCC_OscConfig  stm32f1xx_hal_rcc.o
    0x08001e60   0x08001e60   0x00000034   Code   RO          584    i.HAL_SYSTICK_Config  stm32f1xx_hal_cortex.o
    0x08001e94   0x08001e94   0x00000002   Code   RO         1054    i.HAL_UART_ErrorCallback  stm32f1xx_hal_uart.o
    0x08001e96   0x08001e96   0x00000002   PAD
    0x08001e98   0x08001e98   0x00000154   Code   RO         1057    i.HAL_UART_IRQHandler  stm32f1xx_hal_uart.o
    0x08001fec   0x08001fec   0x00000072   Code   RO         1058    i.HAL_UART_Init     stm32f1xx_hal_uart.o
    0x0800205e   0x0800205e   0x00000002   PAD
    0x08002060   0x08002060   0x000000b4   Code   RO         2023    i.HAL_UART_MspInit  usart.o
    0x08002114   0x08002114   0x00000070   Code   RO         1063    i.HAL_UART_Receive_IT  stm32f1xx_hal_uart.o
    0x08002184   0x08002184   0x00000088   Code   RO         2024    i.HAL_UART_RxCpltCallback  usart.o
    0x0800220c   0x0800220c   0x00000002   Code   RO         1069    i.HAL_UART_TxCpltCallback  stm32f1xx_hal_uart.o
    0x0800220e   0x0800220e   0x00000004   Code   RO          231    i.HardFault_Handler  stm32f1xx_it.o
    0x08002212   0x08002212   0x00000004   Code   RO          232    i.MemManage_Handler  stm32f1xx_it.o
    0x08002216   0x08002216   0x00000002   Code   RO          233    i.NMI_Handler       stm32f1xx_it.o
    0x08002218   0x08002218   0x00000002   Code   RO          234    i.PendSV_Handler    stm32f1xx_it.o
    0x0800221a   0x0800221a   0x00000002   PAD
    0x0800221c   0x0800221c   0x00000028   Code   RO          904    i.RCC_Delay         stm32f1xx_hal_rcc.o
    0x08002244   0x08002244   0x00000002   Code   RO          235    i.SVC_Handler       stm32f1xx_it.o
    0x08002246   0x08002246   0x00000008   Code   RO          236    i.SysTick_Handler   stm32f1xx_it.o
    0x0800224e   0x0800224e   0x00000014   Code   RO         1071    i.UART_DMAAbortOnError  stm32f1xx_hal_uart.o
    0x08002262   0x08002262   0x00000020   Code   RO         1081    i.UART_EndRxTransfer  stm32f1xx_hal_uart.o
    0x08002282   0x08002282   0x00000020   Code   RO         1082    i.UART_EndTransmit_IT  stm32f1xx_hal_uart.o
    0x080022a2   0x080022a2   0x000000a0   Code   RO         1084    i.UART_Receive_IT   stm32f1xx_hal_uart.o
    0x08002342   0x08002342   0x00000002   PAD
    0x08002344   0x08002344   0x000000fc   Code   RO         1085    i.UART_SetConfig    stm32f1xx_hal_uart.o
    0x08002440   0x08002440   0x00000060   Code   RO         1086    i.UART_Transmit_IT  stm32f1xx_hal_uart.o
    0x080024a0   0x080024a0   0x00000024   Code   RO         2025    i.USART1_IRQHandler  usart.o
    0x080024c4   0x080024c4   0x00000004   Code   RO          237    i.UsageFault_Handler  stm32f1xx_it.o
    0x080024c8   0x080024c8   0x00000020   Code   RO         2671    i.__0printf         mc_w.l(printfa.o)
    0x080024e8   0x080024e8   0x00000010   Code   RO          586    i.__NVIC_GetPriorityGrouping  stm32f1xx_hal_cortex.o
    0x080024f8   0x080024f8   0x00000028   Code   RO          587    i.__NVIC_SetPriority  stm32f1xx_hal_cortex.o
    0x08002520   0x08002520   0x0000000e   Code   RO         2760    i.__scatterload_copy  mc_w.l(handlers.o)
    0x0800252e   0x0800252e   0x00000002   Code   RO         2761    i.__scatterload_null  mc_w.l(handlers.o)
    0x08002530   0x08002530   0x0000000e   Code   RO         2762    i.__scatterload_zeroinit  mc_w.l(handlers.o)
    0x0800253e   0x0800253e   0x00000002   PAD
    0x08002540   0x08002540   0x00000184   Code   RO         2678    i._fp_digits        mc_w.l(printfa.o)
    0x080026c4   0x080026c4   0x000006b4   Code   RO         2679    i._printf_core      mc_w.l(printfa.o)
    0x08002d78   0x08002d78   0x00000024   Code   RO         2680    i._printf_post_padding  mc_w.l(printfa.o)
    0x08002d9c   0x08002d9c   0x0000002e   Code   RO         2681    i._printf_pre_padding  mc_w.l(printfa.o)
    0x08002dca   0x08002dca   0x0000005a   Code   RO         2231    i.atk_max30102_fifo_read  atk_max30102.o
    0x08002e24   0x08002e24   0x0000009a   Code   RO         2232    i.atk_max30102_get_heart  atk_max30102.o
    0x08002ebe   0x08002ebe   0x00000002   PAD
    0x08002ec0   0x08002ec0   0x000000e8   Code   RO         2233    i.atk_max30102_get_spo2  atk_max30102.o
    0x08002fa8   0x08002fa8   0x0000006a   Code   RO         2234    i.atk_max30102_get_temp  atk_max30102.o
    0x08003012   0x08003012   0x00000002   PAD
    0x08003014   0x08003014   0x000000cc   Code   RO         2235    i.atk_max30102_init  atk_max30102.o
    0x080030e0   0x080030e0   0x0000005a   Code   RO         2236    i.atk_max30102_read_byte  atk_max30102.o
    0x0800313a   0x0800313a   0x00000078   Code   RO         2237    i.atk_max30102_read_nbytes  atk_max30102.o
    0x080031b2   0x080031b2   0x00000012   Code   RO         2238    i.atk_max30102_reset  atk_max30102.o
    0x080031c4   0x080031c4   0x0000004e   Code   RO         2239    i.atk_max30102_write_byte  atk_max30102.o
    0x08003212   0x08003212   0x00000002   PAD
    0x08003214   0x08003214   0x0000000c   Code   RO         1980    i.delay_init        delay.o
    0x08003220   0x08003220   0x00000012   Code   RO         1981    i.delay_ms          delay.o
    0x08003232   0x08003232   0x00000002   PAD
    0x08003234   0x08003234   0x00000048   Code   RO         1982    i.delay_us          delay.o
    0x0800327c   0x0800327c   0x00000168   Code   RO          341    i.demo_run          demo.o
    0x080033e4   0x080033e4   0x0000001c   Code   RO         2029    i.fputc             usart.o
    0x08003400   0x08003400   0x00000050   Code   RO         2155    i.iic_ack           myiic.o
    0x08003450   0x08003450   0x0000000a   Code   RO         2156    i.iic_delay         myiic.o
    0x0800345a   0x0800345a   0x00000002   PAD
    0x0800345c   0x0800345c   0x00000078   Code   RO         2157    i.iic_init          myiic.o
    0x080034d4   0x080034d4   0x00000040   Code   RO         2158    i.iic_nack          myiic.o
    0x08003514   0x08003514   0x0000005c   Code   RO         2159    i.iic_read_byte     myiic.o
    0x08003570   0x08003570   0x0000006c   Code   RO         2160    i.iic_send_byte     myiic.o
    0x080035dc   0x080035dc   0x0000004c   Code   RO         2161    i.iic_start         myiic.o
    0x08003628   0x08003628   0x00000040   Code   RO         2162    i.iic_stop          myiic.o
    0x08003668   0x08003668   0x00000064   Code   RO         2163    i.iic_wait_ack      myiic.o
    0x080036cc   0x080036cc   0x00000020   Code   RO         2325    i.ir_max30102_fir   atk_max30102_math.o
    0x080036ec   0x080036ec   0x00000054   Code   RO         2100    i.led_init          led.o
    0x08003740   0x08003740   0x0000002c   Code   RO           13    i.main              main.o
    0x0800376c   0x0800376c   0x00000040   Code   RO         2326    i.max30102_fir_init  atk_max30102_math.o
    0x080037ac   0x080037ac   0x00000020   Code   RO         2327    i.red_max30102_fir  atk_max30102_math.o
    0x080037cc   0x080037cc   0x00000108   Code   RO           14    i.show_mesg         main.o
    0x080038d4   0x080038d4   0x00000066   Code   RO         1912    i.sys_stm32_clock_init  sys.o
    0x0800393a   0x0800393a   0x00000002   PAD
    0x0800393c   0x0800393c   0x00000038   Code   RO         2030    i.usart_init        usart.o
    0x08003974   0x08003974   0x00000018   Data   RO          306    .constdata          system_stm32f1xx.o
    0x0800398c   0x0800398c   0x00000074   Data   RO         2329    .constdata          atk_max30102_math.o
    0x08003a00   0x08003a00   0x00000020   Data   RO         2758    Region$$Table       anon$$obj.o


    Execution Region RW_IRAM1 (Exec base: 0x20000000, Load base: 0x08003a20, Size: 0x00000af0, Max: 0x00005000, ABSOLUTE)

    Exec Addr    Load Addr    Size         Type   Attr      Idx    E Section Name        Object

    0x20000000   0x08003a20   0x00000004   Data   RW          307    .data               system_stm32f1xx.o
    0x20000004   0x08003a24   0x00000010   Data   RW          343    .data               demo.o
    0x20000014   0x08003a34   0x00000009   Data   RW          422    .data               stm32f1xx_hal.o
    0x2000001d   0x08003a3d   0x00000003   PAD
    0x20000020   0x08003a40   0x00000004   Data   RW         1983    .data               delay.o
    0x20000024   0x08003a44   0x00000007   Data   RW         2032    .data               usart.o
    0x2000002b   0x08003a4b   0x00000001   Data   RW         2241    .data               atk_max30102.o
    0x2000002c   0x08003a4c   0x00000008   Data   RW         2330    .data               atk_max30102_math.o
    0x20000034        -       0x000004b0   Zero   RW          342    .bss                demo.o
    0x200004e4        -       0x00000108   Zero   RW         2031    .bss                usart.o
    0x200005ec        -       0x00000100   Zero   RW         2328    .bss                atk_max30102_math.o
    0x200006ec   0x08003a54   0x00000004   PAD
    0x200006f0        -       0x00000400   Zero   RW            1    STACK               startup_stm32f103xb.o


==============================================================================

Image component sizes


      Code (inc. data)   RO Data    RW Data    ZI Data      Debug   Object Name

      1128         34          0          1          0       9573   atk_max30102.o
       128         44        116          8        256       3072   atk_max30102_math.o
       102         10          0          4          0       2107   delay.o
       360        132          0         16       1200      16882   demo.o
        84          8          0          0          0        987   led.o
       308        206          0          0          0     393551   main.o
       714         42          0          0          0       5726   myiic.o
        28          4        236          0       1024        968   startup_stm32f103xb.o
       154         32          0          9          0       6299   stm32f1xx_hal.o
       304         22          0          0          0      29911   stm32f1xx_hal_cortex.o
       176          4          0          0          0       1231   stm32f1xx_hal_dma.o
       876         38          0          0          0       4947   stm32f1xx_hal_gpio.o
      1784        110          0          0          0       6560   stm32f1xx_hal_rcc.o
      1162         10          0          0          0       8523   stm32f1xx_hal_uart.o
        32          0          0          0          0       4482   stm32f1xx_it.o
       102          0          0          0          0        775   sys.o
         0          0         24          4          0        954   system_stm32f1xx.o
       436         54          0          7        264       5369   usart.o

    ----------------------------------------------------------------------
      7902        750        408         52       2748     501917   Object Totals
         0          0         32          0          0          0   (incl. Generated)
        24          0          0          3          4          0   (incl. Padding)

    ----------------------------------------------------------------------

      Code (inc. data)   RO Data    RW Data    ZI Data      Debug   Library Member Name

      2274          0          0          0          0      21506   arm_fir_f32.o
        28          0          0          0          0       1059   arm_fir_init_f32.o
         0          0          0          0          0          0   entry.o
         0          0          0          0          0          0   entry10a.o
         0          0          0          0          0          0   entry11a.o
         4          0          0          0          0          0   entry12b.o
         8          4          0          0          0          0   entry2.o
         4          0          0          0          0          0   entry5.o
         0          0          0          0          0          0   entry7b.o
         0          0          0          0          0          0   entry8b.o
         8          4          0          0          0          0   entry9a.o
        30          0          0          0          0          0   handlers.o
        36          8          0          0          0         68   init.o
         0          0          0          0          0          0   iusefp.o
        30          0          0          0          0         68   llshl.o
        36          0          0          0          0         68   llsshr.o
        32          0          0          0          0         68   llushr.o
        36          0          0          0          0        108   memseta.o
      2218         90          0          0          0        464   printfa.o
        44          0          0          0          0         80   uidiv.o
        98          0          0          0          0         92   uldiv.o
        48          0          0          0          0         68   cdrcmple.o
        20          0          0          0          0         68   cfcmple.o
        20          0          0          0          0         68   cfrcmple.o
       334          0          0          0          0        148   dadd.o
       222          0          0          0          0        100   ddiv.o
       186          0          0          0          0        176   depilogue.o
        48          0          0          0          0         68   dfixul.o
       228          0          0          0          0         96   dmul.o
        38          0          0          0          0         68   f2d.o
       176          0          0          0          0        140   fadd.o
       124          0          0          0          0         88   fdiv.o
       110          0          0          0          0        168   fepilogue.o
        18          0          0          0          0         68   fflti.o
        10          0          0          0          0         68   ffltui.o
       100          0          0          0          0         76   fmul.o

    ----------------------------------------------------------------------
      6570        106          0          0          0      25049   Library Totals
         2          0          0          0          0          0   (incl. Padding)

    ----------------------------------------------------------------------

      Code (inc. data)   RO Data    RW Data    ZI Data      Debug   Library Name

      2302          0          0          0          0      22565   arm_cortexM3l_math.lib
      2584        106          0          0          0       1016   mc_w.l
      1682          0          0          0          0       1468   mf_w.l

    ----------------------------------------------------------------------
      6570        106          0          0          0      25049   Library Totals

    ----------------------------------------------------------------------

==============================================================================


      Code (inc. data)   RO Data    RW Data    ZI Data      Debug   

     14472        856        408         52       2748     521814   Grand Totals
     14472        856        408         52       2748     521814   ELF Image Totals
     14472        856        408         52          0          0   ROM Totals

==============================================================================

    Total RO  Size (Code + RO Data)                14880 (  14.53kB)
    Total RW  Size (RW Data + ZI Data)              2800 (   2.73kB)
    Total ROM Size (Code + RO Data + RW Data)      14932 (  14.58kB)

==============================================================================

