Component: ARM Compiler 5.06 update 7 (build 960) Tool: armlink [4d3601]

==============================================================================

Section Cross References

    startup_stm32f103xb.o(STACK) refers (Special) to heapauxi.o(.text) for __use_two_region_memory
    startup_stm32f103xb.o(HEAP) refers (Special) to heapauxi.o(.text) for __use_two_region_memory
    startup_stm32f103xb.o(RESET) refers (Special) to heapauxi.o(.text) for __use_two_region_memory
    startup_stm32f103xb.o(RESET) refers to startup_stm32f103xb.o(STACK) for __initial_sp
    startup_stm32f103xb.o(RESET) refers to startup_stm32f103xb.o(.text) for Reset_Handler
    startup_stm32f103xb.o(RESET) refers to stm32f1xx_it.o(i.NMI_Handler) for NMI_Handler
    startup_stm32f103xb.o(RESET) refers to stm32f1xx_it.o(i.HardFault_Handler) for HardFault_Handler
    startup_stm32f103xb.o(RESET) refers to stm32f1xx_it.o(i.MemManage_Handler) for MemManage_Handler
    startup_stm32f103xb.o(RESET) refers to stm32f1xx_it.o(i.BusFault_Handler) for BusFault_Handler
    startup_stm32f103xb.o(RESET) refers to stm32f1xx_it.o(i.UsageFault_Handler) for UsageFault_Handler
    startup_stm32f103xb.o(RESET) refers to stm32f1xx_it.o(i.SVC_Handler) for SVC_Handler
    startup_stm32f103xb.o(RESET) refers to stm32f1xx_it.o(i.DebugMon_Handler) for DebugMon_Handler
    startup_stm32f103xb.o(RESET) refers to stm32f1xx_it.o(i.PendSV_Handler) for PendSV_Handler
    startup_stm32f103xb.o(RESET) refers to stm32f1xx_it.o(i.SysTick_Handler) for SysTick_Handler
    startup_stm32f103xb.o(RESET) refers to usart.o(i.USART1_IRQHandler) for USART1_IRQHandler
    startup_stm32f103xb.o(.text) refers (Special) to heapauxi.o(.text) for __use_two_region_memory
    startup_stm32f103xb.o(.text) refers to __main.o(!!!main) for __main
    startup_stm32f103xb.o(.text) refers to startup_stm32f103xb.o(HEAP) for Heap_Mem
    startup_stm32f103xb.o(.text) refers to startup_stm32f103xb.o(STACK) for Stack_Mem
    main.o(i.main) refers to stm32f1xx_hal.o(i.HAL_Init) for HAL_Init
    main.o(i.main) refers to sys.o(i.sys_stm32_clock_init) for sys_stm32_clock_init
    main.o(i.main) refers to delay.o(i.delay_init) for delay_init
    main.o(i.main) refers to usart.o(i.usart_init) for usart_init
    main.o(i.main) refers to led.o(i.led_init) for led_init
    main.o(i.main) refers to key.o(i.key_init) for key_init
    main.o(i.main) refers to main.o(i.show_mesg) for show_mesg
    main.o(i.main) refers to demo.o(i.demo_run) for demo_run
    main.o(i.show_mesg) refers to noretval__2printf.o(.text) for __2printf
    stm32f1xx_it.o(i.SysTick_Handler) refers to stm32f1xx_hal.o(i.HAL_IncTick) for HAL_IncTick
    system_stm32f1xx.o(i.SystemCoreClockUpdate) refers to system_stm32f1xx.o(.data) for SystemCoreClock
    system_stm32f1xx.o(i.SystemCoreClockUpdate) refers to system_stm32f1xx.o(.constdata) for AHBPrescTable
    demo.o(i.demo_run) refers to _printf_percent.o(.ARM.Collect$$_printf_percent$$00000000) for _printf_percent
    demo.o(i.demo_run) refers to _printf_f.o(.ARM.Collect$$_printf_percent$$00000003) for _printf_f
    demo.o(i.demo_run) refers to printf1.o(x$fpl$printf1) for _printf_fp_dec
    demo.o(i.demo_run) refers to noretval__2printf.o(.text) for __2printf
    demo.o(i.demo_run) refers to delay.o(i.delay_ms) for delay_ms
    demo.o(i.demo_run) refers to atk_aht20.o(i.atk_aht20_init) for atk_aht20_init
    demo.o(i.demo_run) refers to atk_aht20.o(i.atk_aht20_read_data) for atk_aht20_read_data
    demo.o(i.demo_run) refers to f2d.o(x$fpl$f2d) for __aeabi_f2d
    stm32f1xx_hal.o(i.HAL_DeInit) refers to stm32f1xx_hal.o(i.HAL_MspDeInit) for HAL_MspDeInit
    stm32f1xx_hal.o(i.HAL_Delay) refers to stm32f1xx_hal.o(i.HAL_GetTick) for HAL_GetTick
    stm32f1xx_hal.o(i.HAL_Delay) refers to stm32f1xx_hal.o(.data) for uwTickFreq
    stm32f1xx_hal.o(i.HAL_GetTick) refers to stm32f1xx_hal.o(.data) for uwTick
    stm32f1xx_hal.o(i.HAL_GetTickFreq) refers to stm32f1xx_hal.o(.data) for uwTickFreq
    stm32f1xx_hal.o(i.HAL_GetTickPrio) refers to stm32f1xx_hal.o(.data) for uwTickPrio
    stm32f1xx_hal.o(i.HAL_IncTick) refers to stm32f1xx_hal.o(.data) for uwTick
    stm32f1xx_hal.o(i.HAL_Init) refers to stm32f1xx_hal_cortex.o(i.HAL_NVIC_SetPriorityGrouping) for HAL_NVIC_SetPriorityGrouping
    stm32f1xx_hal.o(i.HAL_Init) refers to stm32f1xx_hal.o(i.HAL_InitTick) for HAL_InitTick
    stm32f1xx_hal.o(i.HAL_Init) refers to stm32f1xx_hal.o(i.HAL_MspInit) for HAL_MspInit
    stm32f1xx_hal.o(i.HAL_InitTick) refers to stm32f1xx_hal_cortex.o(i.HAL_SYSTICK_Config) for HAL_SYSTICK_Config
    stm32f1xx_hal.o(i.HAL_InitTick) refers to stm32f1xx_hal_cortex.o(i.HAL_NVIC_SetPriority) for HAL_NVIC_SetPriority
    stm32f1xx_hal.o(i.HAL_InitTick) refers to stm32f1xx_hal.o(.data) for uwTickFreq
    stm32f1xx_hal.o(i.HAL_InitTick) refers to system_stm32f1xx.o(.data) for SystemCoreClock
    stm32f1xx_hal.o(i.HAL_SetTickFreq) refers to stm32f1xx_hal.o(i.HAL_InitTick) for HAL_InitTick
[...]
    Removing stm32f1xx_hal_adc_ex.o(i.HAL_ADCEx_MultiModeGetValue), (36 bytes).
    Removing stm32f1xx_hal_adc_ex.o(i.HAL_ADCEx_MultiModeStart_DMA), (276 bytes).
    Removing stm32f1xx_hal_adc_ex.o(i.HAL_ADCEx_MultiModeStop_DMA), (140 bytes).
    Removing sys.o(.rev16_text), (4 bytes).
    Removing sys.o(.revsh_text), (4 bytes).
    Removing sys.o(.rrx_text), (6 bytes).
    Removing sys.o(i.sys_intx_disable), (4 bytes).
    Removing sys.o(i.sys_intx_enable), (4 bytes).
    Removing sys.o(i.sys_msr_msp), (10 bytes).
    Removing sys.o(i.sys_nvic_set_vector_table), (16 bytes).
    Removing sys.o(i.sys_soft_reset), (68 bytes).
    Removing sys.o(i.sys_standby), (52 bytes).
    Removing sys.o(i.sys_wfi_set), (4 bytes).
    Removing delay.o(.rev16_text), (4 bytes).
    Removing delay.o(.revsh_text), (4 bytes).
    Removing delay.o(.rrx_text), (6 bytes).
    Removing delay.o(i.HAL_Delay), (12 bytes).
    Removing usart.o(.rev16_text), (4 bytes).
    Removing usart.o(.revsh_text), (4 bytes).
    Removing usart.o(.rrx_text), (6 bytes).
    Removing usart.o(i._sys_command_string), (6 bytes).
    Removing usart.o(i._ttywrch), (4 bytes).
    Removing led.o(.rev16_text), (4 bytes).
    Removing led.o(.revsh_text), (4 bytes).
    Removing led.o(.rrx_text), (6 bytes).
    Removing key.o(.rev16_text), (4 bytes).
    Removing key.o(.revsh_text), (4 bytes).
    Removing key.o(.rrx_text), (6 bytes).
    Removing key.o(i.key_scan), (136 bytes).
    Removing key.o(.data), (1 bytes).
    Removing myiic.o(.rev16_text), (4 bytes).
    Removing myiic.o(.revsh_text), (4 bytes).
    Removing myiic.o(.rrx_text), (6 bytes).
    Removing atk_aht20.o(.rev16_text), (4 bytes).
    Removing atk_aht20.o(.revsh_text), (4 bytes).
    Removing atk_aht20.o(.rrx_text), (6 bytes).

270 unused section(s) (total 19323 bytes) removed from the image.

==============================================================================

Image Symbol Table

    Local Symbols

    Symbol Name                              Value     Ov Type        Size  Object(Section)

    ../clib/angel/boardlib.s                 0x00000000   Number         0  boardinit3.o ABSOLUTE
    ../clib/angel/boardlib.s                 0x00000000   Number         0  boardinit2.o ABSOLUTE
    ../clib/angel/boardlib.s                 0x00000000   Number         0  boardinit1.o ABSOLUTE
    ../clib/angel/boardlib.s                 0x00000000   Number         0  boardshut.o ABSOLUTE
    ../clib/angel/handlers.s                 0x00000000   Number         0  __scatter_zi.o ABSOLUTE
    ../clib/angel/handlers.s                 0x00000000   Number         0  __scatter_copy.o ABSOLUTE
    ../clib/angel/kernel.s                   0x00000000   Number         0  rtexit.o ABSOLUTE
    ../clib/angel/kernel.s                   0x00000000   Number         0  __rtentry2.o ABSOLUTE
    ../clib/angel/kernel.s                   0x00000000   Number         0  __rtentry4.o ABSOLUTE
    ../clib/angel/kernel.s                   0x00000000   Number         0  __rtentry.o ABSOLUTE
    ../clib/angel/kernel.s                   0x00000000   Number         0  rtexit2.o ABSOLUTE
    ../clib/angel/rt.s                       0x00000000   Number         0  rt_raise.o ABSOLUTE
    ../clib/angel/rt.s                       0x00000000   Number         0  rt_locale.o ABSOLUTE
    ../clib/angel/rt.s                       0x00000000   Number         0  rt_locale_intlibspace.o ABSOLUTE
    ../clib/angel/scatter.s                  0x00000000   Number         0  __scatter.o ABSOLUTE
    ../clib/angel/startup.s                  0x00000000   Number         0  __main.o ABSOLUTE
    ../clib/angel/sys.s                      0x00000000   Number         0  libspace.o ABSOLUTE
    ../clib/angel/sys.s                      0x00000000   Number         0  sys_stackheap_outer.o ABSOLUTE
    ../clib/angel/sys.s                      0x00000000   Number         0  use_no_semi_2.o ABSOLUTE
    ../clib/angel/sys.s                      0x00000000   Number         0  use_no_semi.o ABSOLUTE
    ../clib/armsys.c                         0x00000000   Number         0  argv_veneer.o ABSOLUTE
    ../clib/armsys.c                         0x00000000   Number         0  _get_argv_nomalloc.o ABSOLUTE
    ../clib/armsys.c                         0x00000000   Number         0  argv_veneer.o ABSOLUTE
    ../clib/armsys.c                         0x00000000   Number         0  no_argv.o ABSOLUTE
    ../clib/bigflt.c                         0x00000000   Number         0  bigflt0.o ABSOLUTE
    ../clib/btod.s                           0x00000000   Number         0  btod.o ABSOLUTE
    ../clib/heapalloc.c                      0x00000000   Number         0  hrguard.o ABSOLUTE
    ../clib/heapaux.c                        0x00000000   Number         0  heapauxi.o ABSOLUTE
    ../clib/libinit.s                        0x00000000   Number         0  libinit.o ABSOLUTE
    ../clib/libinit.s                        0x00000000   Number         0  libinit2.o ABSOLUTE
    ../clib/libinit.s                        0x00000000   Number         0  libshutdown.o ABSOLUTE
    ../clib/libinit.s                        0x00000000   Number         0  libshutdown2.o ABSOLUTE
    ../clib/locale.s                         0x00000000   Number         0  lc_numeric_c.o ABSOLUTE
    ../clib/longlong.s                       0x00000000   Number         0  lludiv10.o ABSOLUTE
    ../clib/memcpset.s                       0x00000000   Number         0  strcmpv7m.o ABSOLUTE
    ../clib/memcpset.s                       0x00000000   Number         0  rt_memclr_w.o ABSOLUTE
    ../clib/misc.s                           0x00000000   Number         0  printf_stubs.o ABSOLUTE
    ../clib/printf.c                         0x00000000   Number         0  __printf_flags_wp.o ABSOLUTE
    ../clib/printf.c                         0x00000000   Number         0  __2printf.o ABSOLUTE
    ../clib/printf.c                         0x00000000   Number         0  _printf_fp_dec.o ABSOLUTE
    ../clib/printf.c                         0x00000000   Number         0  __printf.o ABSOLUTE
    ../clib/printf.c                         0x00000000   Number         0  _printf_char_file.o ABSOLUTE
    ../clib/printf.c                         0x00000000   Number         0  __printf_flags.o ABSOLUTE
    ../clib/printf.c                         0x00000000   Number         0  noretval__2printf.o ABSOLUTE
    ../clib/printf.c                         0x00000000   Number         0  __printf_flags_ss_wp.o ABSOLUTE
    ../clib/printf.c                         0x00000000   Number         0  __printf_nopercent.o ABSOLUTE
    ../clib/printf.c                         0x00000000   Number         0  __printf_wp.o ABSOLUTE
    ../clib/printf.c                         0x00000000   Number         0  __printf_ss.o ABSOLUTE
    ../clib/printf.c                         0x00000000   Number         0  __printf_flags_ss.o ABSOLUTE
    ../clib/printf.c                         0x00000000   Number         0  _printf_char_common.o ABSOLUTE
    ../clib/printf.c                         0x00000000   Number         0  __printf_ss_wp.o ABSOLUTE
    ../clib/printf.c                         0x00000000   Number         0  _printf_fp_infnan.o ABSOLUTE
    ../clib/printf_percent.s                 0x00000000   Number         0  _printf_percent.o ABSOLUTE
    ../clib/printf_percent.s                 0x00000000   Number         0  _printf_f.o ABSOLUTE
    ../clib/printf_percent.s                 0x00000000   Number         0  _printf_percent_end.o ABSOLUTE
    ../clib/signal.c                         0x00000000   Number         0  defsig_rtmem_inner.o ABSOLUTE
    ../clib/signal.c                         0x00000000   Number         0  defsig_rtmem_formal.o ABSOLUTE
    ../clib/signal.c                         0x00000000   Number         0  __raise.o ABSOLUTE
    ../clib/signal.c                         0x00000000   Number         0  defsig_general.o ABSOLUTE
    ../clib/signal.c                         0x00000000   Number         0  defsig_abrt_inner.o ABSOLUTE
    ../clib/signal.c                         0x00000000   Number         0  defsig_exit.o ABSOLUTE
    ../clib/signal.c                         0x00000000   Number         0  defsig_rtred_inner.o ABSOLUTE
    ../clib/signal.c                         0x00000000   Number         0  defsig_stak_inner.o ABSOLUTE
    ../clib/signal.c                         0x00000000   Number         0  defsig_pvfn_inner.o ABSOLUTE
    ../clib/signal.c                         0x00000000   Number         0  defsig_cppl_inner.o ABSOLUTE
    ../clib/signal.c                         0x00000000   Number         0  defsig_segv_inner.o ABSOLUTE
    ../clib/signal.c                         0x00000000   Number         0  defsig_other.o ABSOLUTE
    ../clib/signal.c                         0x00000000   Number         0  defsig_rtmem_outer.o ABSOLUTE
    ../clib/signal.c                         0x00000000   Number         0  defsig_fpe_inner.o ABSOLUTE
    ../clib/signal.s                         0x00000000   Number         0  defsig.o ABSOLUTE
    ../clib/stdio.c                          0x00000000   Number         0  ferror_locked.o ABSOLUTE
    ../clib/stdio.c                          0x00000000   Number         0  ferror.o ABSOLUTE
    ../clib/stdlib.c                         0x00000000   Number         0  exit.o ABSOLUTE
    ../fplib/dretinf.s                       0x00000000   Number         0  dretinf.o ABSOLUTE
    ../fplib/f2d.s                           0x00000000   Number         0  f2d.o ABSOLUTE
    ../fplib/faddsub.s                       0x00000000   Number         0  faddsub_clz.o ABSOLUTE
    ../fplib/fdiv.s                          0x00000000   Number         0  fdiv.o ABSOLUTE
    ../fplib/fflt.s                          0x00000000   Number         0  fflt_clz.o ABSOLUTE
    ../fplib/fmul.s                          0x00000000   Number         0  fmul.o ABSOLUTE
    ../fplib/fnaninf.s                       0x00000000   Number         0  fnaninf.o ABSOLUTE
    ../fplib/fpinit.s                        0x00000000   Number         0  fpinit.o ABSOLUTE
    ../fplib/fretinf.s                       0x00000000   Number         0  fretinf.o ABSOLUTE
    ../fplib/istatus.s                       0x00000000   Number         0  istatus.o ABSOLUTE
    ../fplib/printf1.s                       0x00000000   Number         0  printf1.o ABSOLUTE
    ../fplib/usenofp.s                       0x00000000   Number         0  usenofp.o ABSOLUTE
    ../mathlib/fpclassify.c                  0x00000000   Number         0  fpclassify.o ABSOLUTE
    ..\..\Drivers\BSP\ATK_AHT20\atk_aht20.c  0x00000000   Number         0  atk_aht20.o ABSOLUTE
    ..\..\Drivers\BSP\IIC\myiic.c            0x00000000   Number         0  myiic.o ABSOLUTE
    ..\..\Drivers\BSP\KEY\key.c              0x00000000   Number         0  key.o ABSOLUTE
    ..\..\Drivers\BSP\LED\led.c              0x00000000   Number         0  led.o ABSOLUTE
    ..\..\Drivers\CMSIS\Device\ST\STM32F1xx\Source\Templates\arm\startup_stm32f103xb.s 0x00000000   Number         0  startup_stm32f103xb.o ABSOLUTE
    ..\..\Drivers\CMSIS\Device\ST\STM32F1xx\Source\Templates\system_stm32f1xx.c 0x00000000   Number         0  system_stm32f1xx.o ABSOLUTE
    ..\..\Drivers\STM32F1xx_HAL_Driver\Src\stm32f1xx_hal.c 0x00000000   Number         0  stm32f1xx_hal.o ABSOLUTE
    ..\..\Drivers\STM32F1xx_HAL_Driver\Src\stm32f1xx_hal_adc.c 0x00000000   Number         0  stm32f1xx_hal_adc.o ABSOLUTE
    ..\..\Drivers\STM32F1xx_HAL_Driver\Src\stm32f1xx_hal_adc_ex.c 0x00000000   Number         0  stm32f1xx_hal_adc_ex.o ABSOLUTE
    ..\..\Drivers\STM32F1xx_HAL_Driver\Src\stm32f1xx_hal_cortex.c 0x00000000   Number         0  stm32f1xx_hal_cortex.o ABSOLUTE
    ..\..\Drivers\STM32F1xx_HAL_Driver\Src\stm32f1xx_hal_dma.c 0x00000000   Number         0  stm32f1xx_hal_dma.o ABSOLUTE
    ..\..\Drivers\STM32F1xx_HAL_Driver\Src\stm32f1xx_hal_gpio.c 0x00000000   Number         0  stm32f1xx_hal_gpio.o ABSOLUTE
    ..\..\Drivers\STM32F1xx_HAL_Driver\Src\stm32f1xx_hal_gpio_ex.c 0x00000000   Number         0  stm32f1xx_hal_gpio_ex.o ABSOLUTE
    ..\..\Drivers\STM32F1xx_HAL_Driver\Src\stm32f1xx_hal_rcc.c 0x00000000   Number         0  stm32f1xx_hal_rcc.o ABSOLUTE
    ..\..\Drivers\STM32F1xx_HAL_Driver\Src\stm32f1xx_hal_rcc_ex.c 0x00000000   Number         0  stm32f1xx_hal_rcc_ex.o ABSOLUTE
    ..\..\Drivers\STM32F1xx_HAL_Driver\Src\stm32f1xx_hal_uart.c 0x00000000   Number         0  stm32f1xx_hal_uart.o ABSOLUTE
    ..\..\Drivers\STM32F1xx_HAL_Driver\Src\stm32f1xx_hal_usart.c 0x00000000   Number         0  stm32f1xx_hal_usart.o ABSOLUTE
    ..\..\Drivers\SYSTEM\delay\delay.c       0x00000000   Number         0  delay.o ABSOLUTE
    ..\..\Drivers\SYSTEM\sys\sys.c           0x00000000   Number         0  sys.o ABSOLUTE
    ..\..\Drivers\SYSTEM\usart\usart.c       0x00000000   Number         0  usart.o ABSOLUTE
    ..\..\Users\demo.c                       0x00000000   Number         0  demo.o ABSOLUTE
    ..\..\Users\main.c                       0x00000000   Number         0  main.o ABSOLUTE
    ..\..\Users\stm32f1xx_it.c               0x00000000   Number         0  stm32f1xx_it.o ABSOLUTE
    ..\\..\\Drivers\\BSP\\ATK_AHT20\\atk_aht20.c 0x00000000   Number         0  atk_aht20.o ABSOLUTE
    ..\\..\\Drivers\\BSP\\IIC\\myiic.c       0x00000000   Number         0  myiic.o ABSOLUTE
    ..\\..\\Drivers\\BSP\\KEY\\key.c         0x00000000   Number         0  key.o ABSOLUTE
    ..\\..\\Drivers\\BSP\\LED\\led.c         0x00000000   Number         0  led.o ABSOLUTE
    ..\\..\\Drivers\\CMSIS\\Device\\ST\\STM32F1xx\\Source\\Templates\\system_stm32f1xx.c 0x00000000   Number         0  system_stm32f1xx.o ABSOLUTE
    ..\\..\\Drivers\\STM32F1xx_HAL_Driver\\Src\\stm32f1xx_hal.c 0x00000000   Number         0  stm32f1xx_hal.o ABSOLUTE
    ..\\..\\Drivers\\STM32F1xx_HAL_Driver\\Src\\stm32f1xx_hal_adc.c 0x00000000   Number         0  stm32f1xx_hal_adc.o ABSOLUTE
    ..\\..\\Drivers\\STM32F1xx_HAL_Driver\\Src\\stm32f1xx_hal_adc_ex.c 0x00000000   Number         0  stm32f1xx_hal_adc_ex.o ABSOLUTE
    ..\\..\\Drivers\\STM32F1xx_HAL_Driver\\Src\\stm32f1xx_hal_cortex.c 0x00000000   Number         0  stm32f1xx_hal_cortex.o ABSOLUTE
    ..\\..\\Drivers\\STM32F1xx_HAL_Driver\\Src\\stm32f1xx_hal_dma.c 0x00000000   Number         0  stm32f1xx_hal_dma.o ABSOLUTE
    ..\\..\\Drivers\\STM32F1xx_HAL_Driver\\Src\\stm32f1xx_hal_gpio.c 0x00000000   Number         0  stm32f1xx_hal_gpio.o ABSOLUTE
    ..\\..\\Drivers\\STM32F1xx_HAL_Driver\\Src\\stm32f1xx_hal_gpio_ex.c 0x00000000   Number         0  stm32f1xx_hal_gpio_ex.o ABSOLUTE
    ..\\..\\Drivers\\STM32F1xx_HAL_Driver\\Src\\stm32f1xx_hal_rcc.c 0x00000000   Number         0  stm32f1xx_hal_rcc.o ABSOLUTE
    ..\\..\\Drivers\\STM32F1xx_HAL_Driver\\Src\\stm32f1xx_hal_rcc_ex.c 0x00000000   Number         0  stm32f1xx_hal_rcc_ex.o ABSOLUTE
    ..\\..\\Drivers\\STM32F1xx_HAL_Driver\\Src\\stm32f1xx_hal_uart.c 0x00000000   Number         0  stm32f1xx_hal_uart.o ABSOLUTE
    ..\\..\\Drivers\\STM32F1xx_HAL_Driver\\Src\\stm32f1xx_hal_usart.c 0x00000000   Number         0  stm32f1xx_hal_usart.o ABSOLUTE
    ..\\..\\Drivers\\SYSTEM\\delay\\delay.c  0x00000000   Number         0  delay.o ABSOLUTE
    ..\\..\\Drivers\\SYSTEM\\sys\\sys.c      0x00000000   Number         0  sys.o ABSOLUTE
    ..\\..\\Drivers\\SYSTEM\\usart\\usart.c  0x00000000   Number         0  usart.o ABSOLUTE
    ..\\..\\Users\\demo.c                    0x00000000   Number         0  demo.o ABSOLUTE
    ..\\..\\Users\\main.c                    0x00000000   Number         0  main.o ABSOLUTE
    ..\\..\\Users\\stm32f1xx_it.c            0x00000000   Number         0  stm32f1xx_it.o ABSOLUTE
    dc.s                                     0x00000000   Number         0  dc.o ABSOLUTE
    RESET                                    0x08000000   Section      236  startup_stm32f103xb.o(RESET)
    !!!main                                  0x080000ec   Section        8  __main.o(!!!main)
    !!!scatter                               0x080000f4   Section       52  __scatter.o(!!!scatter)
    !!handler_copy                           0x08000128   Section       26  __scatter_copy.o(!!handler_copy)
    !!handler_zi                             0x08000144   Section       28  __scatter_zi.o(!!handler_zi)
    .ARM.Collect$$_printf_percent$$00000000  0x08000160   Section        0  _printf_percent.o(.ARM.Collect$$_printf_percent$$00000000)
    .ARM.Collect$$_printf_percent$$00000003  0x08000160   Section        6  _printf_f.o(.ARM.Collect$$_printf_percent$$00000003)
    .ARM.Collect$$_printf_percent$$00000017  0x08000166   Section        4  _printf_percent_end.o(.ARM.Collect$$_printf_percent$$00000017)
    .ARM.Collect$$libinit$$00000000          0x0800016a   Section        2  libinit.o(.ARM.Collect$$libinit$$00000000)
    .ARM.Collect$$libinit$$00000002          0x0800016c   Section        0  libinit2.o(.ARM.Collect$$libinit$$00000002)
    .ARM.Collect$$libinit$$00000004          0x0800016c   Section        0  libinit2.o(.ARM.Collect$$libinit$$00000004)
    .ARM.Collect$$libinit$$0000000A          0x0800016c   Section        0  libinit2.o(.ARM.Collect$$libinit$$0000000A)
    .ARM.Collect$$libinit$$0000000C          0x0800016c   Section        0  libinit2.o(.ARM.Collect$$libinit$$0000000C)
    .ARM.Collect$$libinit$$0000000E          0x0800016c   Section        0  libinit2.o(.ARM.Collect$$libinit$$0000000E)
    .ARM.Collect$$libinit$$0000000F          0x0800016c   Section        6  libinit2.o(.ARM.Collect$$libinit$$0000000F)
    .ARM.Collect$$libinit$$00000011          0x08000172   Section        0  libinit2.o(.ARM.Collect$$libinit$$00000011)
    .ARM.Collect$$libinit$$00000013          0x08000172   Section        0  libinit2.o(.ARM.Collect$$libinit$$00000013)
    .ARM.Collect$$libinit$$00000015          0x08000172   Section        0  libinit2.o(.ARM.Collect$$libinit$$00000015)
    .ARM.Collect$$libinit$$00000016          0x08000172   Section       10  libinit2.o(.ARM.Collect$$libinit$$00000016)
    .ARM.Collect$$libinit$$00000017          0x0800017c   Section        0  libinit2.o(.ARM.Collect$$libinit$$00000017)
    .ARM.Collect$$libinit$$00000019          0x0800017c   Section        0  libinit2.o(.ARM.Collect$$libinit$$00000019)
    .ARM.Collect$$libinit$$0000001B          0x0800017c   Section        0  libinit2.o(.ARM.Collect$$libinit$$0000001B)
    .ARM.Collect$$libinit$$0000001D          0x0800017c   Section        0  libinit2.o(.ARM.Collect$$libinit$$0000001D)
    .ARM.Collect$$libinit$$0000001F          0x0800017c   Section        0  libinit2.o(.ARM.Collect$$libinit$$0000001F)
    .ARM.Collect$$libinit$$00000021          0x0800017c   Section        0  libinit2.o(.ARM.Collect$$libinit$$00000021)
    .ARM.Collect$$libinit$$00000023          0x0800017c   Section        0  libinit2.o(.ARM.Collect$$libinit$$00000023)
    .ARM.Collect$$libinit$$00000025          0x0800017c   Section        0  libinit2.o(.ARM.Collect$$libinit$$00000025)
    .ARM.Collect$$libinit$$0000002C          0x0800017c   Section        0  libinit2.o(.ARM.Collect$$libinit$$0000002C)
    .ARM.Collect$$libinit$$0000002E          0x0800017c   Section        0  libinit2.o(.ARM.Collect$$libinit$$0000002E)
    .ARM.Collect$$libinit$$00000030          0x0800017c   Section        0  libinit2.o(.ARM.Collect$$libinit$$00000030)
    .ARM.Collect$$libinit$$00000032          0x0800017c   Section        0  libinit2.o(.ARM.Collect$$libinit$$00000032)
    .ARM.Collect$$libinit$$00000033          0x0800017c   Section        2  libinit2.o(.ARM.Collect$$libinit$$00000033)
    .ARM.Collect$$libshutdown$$00000000      0x0800017e   Section        2  libshutdown.o(.ARM.Collect$$libshutdown$$00000000)
    .ARM.Collect$$libshutdown$$00000002      0x08000180   Section        0  libshutdown2.o(.ARM.Collect$$libshutdown$$00000002)
    .ARM.Collect$$libshutdown$$00000004      0x08000180   Section        0  libshutdown2.o(.ARM.Collect$$libshutdown$$00000004)
    .ARM.Collect$$libshutdown$$00000006      0x08000180   Section        0  libshutdown2.o(.ARM.Collect$$libshutdown$$00000006)
    .ARM.Collect$$libshutdown$$00000009      0x08000180   Section        0  libshutdown2.o(.ARM.Collect$$libshutdown$$00000009)
    .ARM.Collect$$libshutdown$$0000000C      0x08000180   Section        0  libshutdown2.o(.ARM.Collect$$libshutdown$$0000000C)
    .ARM.Collect$$libshutdown$$0000000E      0x08000180   Section        0  libshutdown2.o(.ARM.Collect$$libshutdown$$0000000E)
    .ARM.Collect$$libshutdown$$00000011      0x08000180   Section        0  libshutdown2.o(.ARM.Collect$$libshutdown$$00000011)
    .ARM.Collect$$libshutdown$$00000012      0x08000180   Section        2  libshutdown2.o(.ARM.Collect$$libshutdown$$00000012)
    .ARM.Collect$$rtentry$$00000000          0x08000182   Section        0  __rtentry.o(.ARM.Collect$$rtentry$$00000000)
    .ARM.Collect$$rtentry$$00000002          0x08000182   Section        0  __rtentry2.o(.ARM.Collect$$rtentry$$00000002)
    .ARM.Collect$$rtentry$$00000004          0x08000182   Section        6  __rtentry4.o(.ARM.Collect$$rtentry$$00000004)
    .ARM.Collect$$rtentry$$00000009          0x08000188   Section        0  __rtentry2.o(.ARM.Collect$$rtentry$$00000009)
    .ARM.Collect$$rtentry$$0000000A          0x08000188   Section        4  __rtentry2.o(.ARM.Collect$$rtentry$$0000000A)
    .ARM.Collect$$rtentry$$0000000C          0x0800018c   Section        0  __rtentry2.o(.ARM.Collect$$rtentry$$0000000C)
    .ARM.Collect$$rtentry$$0000000D          0x0800018c   Section        8  __rtentry2.o(.ARM.Collect$$rtentry$$0000000D)
    .ARM.Collect$$rtexit$$00000000           0x08000194   Section        2  rtexit.o(.ARM.Collect$$rtexit$$00000000)
    .ARM.Collect$$rtexit$$00000002           0x08000196   Section        0  rtexit2.o(.ARM.Collect$$rtexit$$00000002)
    .ARM.Collect$$rtexit$$00000003           0x08000196   Section        4  rtexit2.o(.ARM.Collect$$rtexit$$00000003)
    .ARM.Collect$$rtexit$$00000004           0x0800019a   Section        6  rtexit2.o(.ARM.Collect$$rtexit$$00000004)
    .text                                    0x080001a0   Section       52  startup_stm32f103xb.o(.text)
    .text                                    0x080001d4   Section        2  use_no_semi_2.o(.text)
    .text                                    0x080001d8   Section        0  noretval__2printf.o(.text)
    .text                                    0x080001f0   Section        0  __printf_wp.o(.text)
    .text                                    0x080002fe   Section       78  rt_memclr_w.o(.text)
    .text                                    0x0800034c   Section        0  heapauxi.o(.text)
    .text                                    0x08000352   Section        2  use_no_semi.o(.text)
    .text                                    0x08000354   Section        0  _printf_fp_dec.o(.text)
    _fp_digits                               0x08000357   Thumb Code   432  _printf_fp_dec.o(.text)
    .text                                    0x08000774   Section        0  _printf_char_file.o(.text)
    .text                                    0x08000798   Section        8  rt_locale_intlibspace.o(.text)
    .text                                    0x080007a0   Section      138  lludiv10.o(.text)
    .text                                    0x0800082c   Section        0  _printf_char_common.o(.text)
    _printf_input_char                       0x0800082d   Thumb Code    10  _printf_char_common.o(.text)
    .text                                    0x0800085c   Section        0  _printf_fp_infnan.o(.text)
    .text                                    0x080008dc   Section        0  bigflt0.o(.text)
    .text                                    0x080009c0   Section        0  ferror.o(.text)
    .text                                    0x080009c8   Section        8  libspace.o(.text)
    .text                                    0x080009d0   Section       74  sys_stackheap_outer.o(.text)
    .text                                    0x08000a1a   Section        0  exit.o(.text)
    .text                                    0x08000a2c   Section      128  strcmpv7m.o(.text)
    CL$$btod_d2e                             0x08000aac   Section       62  btod.o(CL$$btod_d2e)
    CL$$btod_d2e_denorm_low                  0x08000aea   Section       70  btod.o(CL$$btod_d2e_denorm_low)
    CL$$btod_d2e_norm_op1                    0x08000b30   Section       96  btod.o(CL$$btod_d2e_norm_op1)
    CL$$btod_div_common                      0x08000b90   Section      824  btod.o(CL$$btod_div_common)
    CL$$btod_e2e                             0x08000ec8   Section      220  btod.o(CL$$btod_e2e)
    CL$$btod_ediv                            0x08000fa4   Section       42  btod.o(CL$$btod_ediv)
    CL$$btod_emul                            0x08000fce   Section       42  btod.o(CL$$btod_emul)
    CL$$btod_mult_common                     0x08000ff8   Section      580  btod.o(CL$$btod_mult_common)
    i.BusFault_Handler                       0x0800123c   Section        0  stm32f1xx_it.o(i.BusFault_Handler)
    i.DebugMon_Handler                       0x08001240   Section        0  stm32f1xx_it.o(i.DebugMon_Handler)
    i.HAL_DMA_Abort_IT                       0x08001244   Section        0  stm32f1xx_hal_dma.o(i.HAL_DMA_Abort_IT)
    i.HAL_GPIO_Init                          0x080012f4   Section        0  stm32f1xx_hal_gpio.o(i.HAL_GPIO_Init)
    i.HAL_GPIO_ReadPin                       0x08001614   Section        0  stm32f1xx_hal_gpio.o(i.HAL_GPIO_ReadPin)
    i.HAL_GPIO_WritePin                      0x08001624   Section        0  stm32f1xx_hal_gpio.o(i.HAL_GPIO_WritePin)
    i.HAL_GetTick                            0x08001630   Section        0  stm32f1xx_hal.o(i.HAL_GetTick)
    i.HAL_IncTick                            0x0800163c   Section        0  stm32f1xx_hal.o(i.HAL_IncTick)
    i.HAL_Init                               0x08001654   Section        0  stm32f1xx_hal.o(i.HAL_Init)
    i.HAL_InitTick                           0x0800167c   Section        0  stm32f1xx_hal.o(i.HAL_InitTick)
    i.HAL_MspInit                            0x080016c8   Section        0  stm32f1xx_hal.o(i.HAL_MspInit)
    i.HAL_NVIC_EnableIRQ                     0x080016ca   Section        0  stm32f1xx_hal_cortex.o(i.HAL_NVIC_EnableIRQ)
    i.HAL_NVIC_SetPriority                   0x080016ea   Section        0  stm32f1xx_hal_cortex.o(i.HAL_NVIC_SetPriority)
    i.HAL_NVIC_SetPriorityGrouping           0x08001768   Section        0  stm32f1xx_hal_cortex.o(i.HAL_NVIC_SetPriorityGrouping)
    i.HAL_RCC_ClockConfig                    0x08001790   Section        0  stm32f1xx_hal_rcc.o(i.HAL_RCC_ClockConfig)
    i.HAL_RCC_GetHCLKFreq                    0x0800191c   Section        0  stm32f1xx_hal_rcc.o(i.HAL_RCC_GetHCLKFreq)
    i.HAL_RCC_GetPCLK1Freq                   0x08001928   Section        0  stm32f1xx_hal_rcc.o(i.HAL_RCC_GetPCLK1Freq)
    i.HAL_RCC_GetPCLK2Freq                   0x08001948   Section        0  stm32f1xx_hal_rcc.o(i.HAL_RCC_GetPCLK2Freq)
    i.HAL_RCC_GetSysClockFreq                0x08001968   Section        0  stm32f1xx_hal_rcc.o(i.HAL_RCC_GetSysClockFreq)
    i.HAL_RCC_OscConfig                      0x080019fc   Section        0  stm32f1xx_hal_rcc.o(i.HAL_RCC_OscConfig)
    i.HAL_SYSTICK_Config                     0x08001e60   Section        0  stm32f1xx_hal_cortex.o(i.HAL_SYSTICK_Config)
    i.HAL_UART_ErrorCallback                 0x08001e94   Section        0  stm32f1xx_hal_uart.o(i.HAL_UART_ErrorCallback)
    i.HAL_UART_IRQHandler                    0x08001e98   Section        0  stm32f1xx_hal_uart.o(i.HAL_UART_IRQHandler)
    i.HAL_UART_Init                          0x08001fec   Section        0  stm32f1xx_hal_uart.o(i.HAL_UART_Init)
    i.HAL_UART_MspInit                       0x08002060   Section        0  usart.o(i.HAL_UART_MspInit)
    i.HAL_UART_Receive_IT                    0x08002114   Section        0  stm32f1xx_hal_uart.o(i.HAL_UART_Receive_IT)
    i.HAL_UART_RxCpltCallback                0x08002184   Section        0  usart.o(i.HAL_UART_RxCpltCallback)
    i.HAL_UART_TxCpltCallback                0x0800220c   Section        0  stm32f1xx_hal_uart.o(i.HAL_UART_TxCpltCallback)
    i.HardFault_Handler                      0x0800220e   Section        0  stm32f1xx_it.o(i.HardFault_Handler)
    i.MemManage_Handler                      0x08002212   Section        0  stm32f1xx_it.o(i.MemManage_Handler)
    i.NMI_Handler                            0x08002216   Section        0  stm32f1xx_it.o(i.NMI_Handler)
    i.PendSV_Handler                         0x08002218   Section        0  stm32f1xx_it.o(i.PendSV_Handler)
    i.RCC_Delay                              0x0800221c   Section        0  stm32f1xx_hal_rcc.o(i.RCC_Delay)
    RCC_Delay                                0x0800221d   Thumb Code    36  stm32f1xx_hal_rcc.o(i.RCC_Delay)
    i.SVC_Handler                            0x08002244   Section        0  stm32f1xx_it.o(i.SVC_Handler)
    i.SysTick_Handler                        0x08002246   Section        0  stm32f1xx_it.o(i.SysTick_Handler)
    i.UART_DMAAbortOnError                   0x0800224e   Section        0  stm32f1xx_hal_uart.o(i.UART_DMAAbortOnError)
    UART_DMAAbortOnError                     0x0800224f   Thumb Code    20  stm32f1xx_hal_uart.o(i.UART_DMAAbortOnError)
    i.UART_EndRxTransfer                     0x08002262   Section        0  stm32f1xx_hal_uart.o(i.UART_EndRxTransfer)
    UART_EndRxTransfer                       0x08002263   Thumb Code    32  stm32f1xx_hal_uart.o(i.UART_EndRxTransfer)
    i.UART_EndTransmit_IT                    0x08002282   Section        0  stm32f1xx_hal_uart.o(i.UART_EndTransmit_IT)
    UART_EndTransmit_IT                      0x08002283   Thumb Code    32  stm32f1xx_hal_uart.o(i.UART_EndTransmit_IT)
    i.UART_Receive_IT                        0x080022a2   Section        0  stm32f1xx_hal_uart.o(i.UART_Receive_IT)
    UART_Receive_IT                          0x080022a3   Thumb Code   160  stm32f1xx_hal_uart.o(i.UART_Receive_IT)
    i.UART_SetConfig                         0x08002344   Section        0  stm32f1xx_hal_uart.o(i.UART_SetConfig)
    UART_SetConfig                           0x08002345   Thumb Code   248  stm32f1xx_hal_uart.o(i.UART_SetConfig)
    i.UART_Transmit_IT                       0x08002440   Section        0  stm32f1xx_hal_uart.o(i.UART_Transmit_IT)
    UART_Transmit_IT                         0x08002441   Thumb Code    96  stm32f1xx_hal_uart.o(i.UART_Transmit_IT)
    i.USART1_IRQHandler                      0x080024a0   Section        0  usart.o(i.USART1_IRQHandler)
    i.UsageFault_Handler                     0x080024c4   Section        0  stm32f1xx_it.o(i.UsageFault_Handler)
    i.__ARM_fpclassify                       0x080024c8   Section        0  fpclassify.o(i.__ARM_fpclassify)
    i.__NVIC_GetPriorityGrouping             0x080024f0   Section        0  stm32f1xx_hal_cortex.o(i.__NVIC_GetPriorityGrouping)
    __NVIC_GetPriorityGrouping               0x080024f1   Thumb Code    10  stm32f1xx_hal_cortex.o(i.__NVIC_GetPriorityGrouping)
    i.__NVIC_SetPriority                     0x08002500   Section        0  stm32f1xx_hal_cortex.o(i.__NVIC_SetPriority)
    __NVIC_SetPriority                       0x08002501   Thumb Code    32  stm32f1xx_hal_cortex.o(i.__NVIC_SetPriority)
    i._is_digit                              0x08002528   Section        0  __printf_wp.o(i._is_digit)
    i._sys_exit                              0x08002536   Section        0  usart.o(i._sys_exit)
    i.atk_aht20_check                        0x0800253a   Section        0  atk_aht20.o(i.atk_aht20_check)
    i.atk_aht20_init                         0x08002550   Section        0  atk_aht20.o(i.atk_aht20_init)
    i.atk_aht20_read_data                    0x08002580   Section        0  atk_aht20.o(i.atk_aht20_read_data)
    i.atk_aht20_read_nbytes                  0x08002650   Section        0  atk_aht20.o(i.atk_aht20_read_nbytes)
    i.atk_aht20_read_status                  0x08002696   Section        0  atk_aht20.o(i.atk_aht20_read_status)
    i.atk_aht20_write_nbytes                 0x080026a6   Section        0  atk_aht20.o(i.atk_aht20_write_nbytes)
    i.delay_init                             0x0800270c   Section        0  delay.o(i.delay_init)
    i.delay_ms                               0x08002718   Section        0  delay.o(i.delay_ms)
    i.delay_us                               0x0800272c   Section        0  delay.o(i.delay_us)
    i.demo_run                               0x08002774   Section        0  demo.o(i.demo_run)
    i.fputc                                  0x08002804   Section        0  usart.o(i.fputc)
    i.iic_ack                                0x08002820   Section        0  myiic.o(i.iic_ack)
    i.iic_delay                              0x08002870   Section        0  myiic.o(i.iic_delay)
    iic_delay                                0x08002871   Thumb Code    10  myiic.o(i.iic_delay)
    i.iic_init                               0x0800287c   Section        0  myiic.o(i.iic_init)
    i.iic_nack                               0x080028f4   Section        0  myiic.o(i.iic_nack)
    i.iic_read_byte                          0x08002934   Section        0  myiic.o(i.iic_read_byte)
    i.iic_send_byte                          0x08002990   Section        0  myiic.o(i.iic_send_byte)
    i.iic_start                              0x080029fc   Section        0  myiic.o(i.iic_start)
    i.iic_stop                               0x08002a48   Section        0  myiic.o(i.iic_stop)
    i.iic_wait_ack                           0x08002a88   Section        0  myiic.o(i.iic_wait_ack)
    i.key_init                               0x08002aec   Section        0  key.o(i.key_init)
    i.led_init                               0x08002b70   Section        0  led.o(i.led_init)
    i.main                                   0x08002bc4   Section        0  main.o(i.main)
    i.show_mesg                              0x08002bf4   Section        0  main.o(i.show_mesg)
    i.sys_stm32_clock_init                   0x08002c7c   Section        0  sys.o(i.sys_stm32_clock_init)
    i.usart_init                             0x08002ce4   Section        0  usart.o(i.usart_init)
    locale$$code                             0x08002d1c   Section       44  lc_numeric_c.o(locale$$code)
    x$fpl$dretinf                            0x08002d48   Section       12  dretinf.o(x$fpl$dretinf)
    x$fpl$f2d                                0x08002d54   Section       86  f2d.o(x$fpl$f2d)
    x$fpl$fadd                               0x08002dac   Section      196  faddsub_clz.o(x$fpl$fadd)
    _fadd1                                   0x08002dbb   Thumb Code     0  faddsub_clz.o(x$fpl$fadd)
    x$fpl$fdiv                               0x08002e70   Section      388  fdiv.o(x$fpl$fdiv)
    _fdiv1                                   0x08002e71   Thumb Code     0  fdiv.o(x$fpl$fdiv)
    x$fpl$ffltu                              0x08002ff4   Section       38  fflt_clz.o(x$fpl$ffltu)
    x$fpl$fmul                               0x0800301c   Section      258  fmul.o(x$fpl$fmul)
    x$fpl$fnaninf                            0x0800311e   Section      140  fnaninf.o(x$fpl$fnaninf)
    x$fpl$fretinf                            0x080031aa   Section       10  fretinf.o(x$fpl$fretinf)
    x$fpl$fsub                               0x080031b4   Section      234  faddsub_clz.o(x$fpl$fsub)
    _fsub1                                   0x080031c3   Thumb Code     0  faddsub_clz.o(x$fpl$fsub)
    x$fpl$printf1                            0x0800329e   Section        4  printf1.o(x$fpl$printf1)
    .constdata                               0x080032a2   Section       24  system_stm32f1xx.o(.constdata)
    x$fpl$usenofp                            0x080032a2   Section        0  usenofp.o(x$fpl$usenofp)
    .constdata                               0x080032bc   Section      148  bigflt0.o(.constdata)
    tenpwrs_x                                0x080032bc   Data          60  bigflt0.o(.constdata)
    tenpwrs_i                                0x080032f8   Data          64  bigflt0.o(.constdata)
    locale$$data                             0x08003370   Section       28  lc_numeric_c.o(locale$$data)
    __lcnum_c_name                           0x08003374   Data           2  lc_numeric_c.o(locale$$data)
    __lcnum_c_start                          0x0800337c   Data           0  lc_numeric_c.o(locale$$data)
    __lcnum_c_point                          0x08003388   Data           0  lc_numeric_c.o(locale$$data)
    __lcnum_c_thousands                      0x0800338a   Data           0  lc_numeric_c.o(locale$$data)
    __lcnum_c_grouping                       0x0800338b   Data           0  lc_numeric_c.o(locale$$data)
    __lcnum_c_end                            0x0800338c   Data           0  lc_numeric_c.o(locale$$data)
    .data                                    0x20000000   Section        4  system_stm32f1xx.o(.data)
    .data                                    0x20000004   Section        9  stm32f1xx_hal.o(.data)
    .data                                    0x20000010   Section        4  delay.o(.data)
    g_fac_us                                 0x20000010   Data           4  delay.o(.data)
    .data                                    0x20000014   Section        7  usart.o(.data)
    .bss                                     0x2000001c   Section      264  usart.o(.bss)
    .bss                                     0x20000124   Section       96  libspace.o(.bss)
    HEAP                                     0x20000188   Section        0  startup_stm32f103xb.o(HEAP)
    STACK                                    0x20000188   Section     1024  startup_stm32f103xb.o(STACK)
    Heap_Mem                                 0x20000188   Data           0  startup_stm32f103xb.o(HEAP)
    Stack_Mem                                0x20000188   Data        1024  startup_stm32f103xb.o(STACK)
    __initial_sp                             0x20000588   Data           0  startup_stm32f103xb.o(STACK)

    Global Symbols

    Symbol Name                              Value     Ov Type        Size  Object(Section)

    BuildAttributes$$THM_ISAv4$P$D$K$B$S$PE$A:L22UL41UL21$X:L11$S22US41US21$IEEE1$IW$USESV6$~STKCKD$USESV7$~SHL$OTIME$ROPI$IEEEJ$EBA8$UX$STANDARDLIB$REQ8$PRES8$EABIv2 0x00000000   Number         0  anon$$obj.o ABSOLUTE
    __ARM_use_no_argv                        0x00000000   Number         0  main.o ABSOLUTE
    _printf_flags                            0x00000000   Number         0  printf_stubs.o ABSOLUTE
    _printf_return_value                     0x00000000   Number         0  printf_stubs.o ABSOLUTE
    _printf_sizespec                         0x00000000   Number         0  printf_stubs.o ABSOLUTE
    _printf_widthprec                        0x00000000   Number         0  printf_stubs.o ABSOLUTE
    __ARM_exceptions_init                     - Undefined Weak Reference
    __alloca_initialize                       - Undefined Weak Reference
    __arm_fini_                               - Undefined Weak Reference
    __arm_preinit_                            - Undefined Weak Reference
    __cpp_initialize__aeabi_                  - Undefined Weak Reference
    __cxa_finalize                            - Undefined Weak Reference
    __sigvec_lookup                           - Undefined Weak Reference
    _atexit_init                              - Undefined Weak Reference
    _call_atexit_fns                          - Undefined Weak Reference
    _clock_init                               - Undefined Weak Reference
    _fp_trap_init                             - Undefined Weak Reference
    _fp_trap_shutdown                         - Undefined Weak Reference
    _get_lc_collate                           - Undefined Weak Reference
    _get_lc_ctype                             - Undefined Weak Reference
    _get_lc_monetary                          - Undefined Weak Reference
    _get_lc_time                              - Undefined Weak Reference
    _getenv_init                              - Undefined Weak Reference
    _handle_redirection                       - Undefined Weak Reference
    _init_alloc                               - Undefined Weak Reference
    _init_user_alloc                          - Undefined Weak Reference
    _initio                                   - Undefined Weak Reference
    _mutex_acquire                            - Undefined Weak Reference
    _mutex_release                            - Undefined Weak Reference
    _printf_post_padding                      - Undefined Weak Reference
    _printf_pre_padding                       - Undefined Weak Reference
    _rand_init                                - Undefined Weak Reference
    _signal_finish                            - Undefined Weak Reference
    _signal_init                              - Undefined Weak Reference
    _terminate_alloc                          - Undefined Weak Reference
    _terminate_user_alloc                     - Undefined Weak Reference
    _terminateio                              - Undefined Weak Reference
    __Vectors_Size                           0x000000ec   Number         0  startup_stm32f103xb.o ABSOLUTE
    __Vectors                                0x08000000   Data           4  startup_stm32f103xb.o(RESET)
    __Vectors_End                            0x080000ec   Data           0  startup_stm32f103xb.o(RESET)
    __main                                   0x080000ed   Thumb Code     8  __main.o(!!!main)
    __scatterload                            0x080000f5   Thumb Code     0  __scatter.o(!!!scatter)
    __scatterload_rt2                        0x080000f5   Thumb Code    44  __scatter.o(!!!scatter)
    __scatterload_rt2_thumb_only             0x080000f5   Thumb Code     0  __scatter.o(!!!scatter)
    __scatterload_null                       0x08000103   Thumb Code     0  __scatter.o(!!!scatter)
    __scatterload_copy                       0x08000129   Thumb Code    26  __scatter_copy.o(!!handler_copy)
    __scatterload_zeroinit                   0x08000145   Thumb Code    28  __scatter_zi.o(!!handler_zi)
    _printf_f                                0x08000161   Thumb Code     0  _printf_f.o(.ARM.Collect$$_printf_percent$$00000003)
    _printf_percent                          0x08000161   Thumb Code     0  _printf_percent.o(.ARM.Collect$$_printf_percent$$00000000)
    _printf_percent_end                      0x08000167   Thumb Code     0  _printf_percent_end.o(.ARM.Collect$$_printf_percent$$00000017)
    __rt_lib_init                            0x0800016b   Thumb Code     0  libinit.o(.ARM.Collect$$libinit$$00000000)
    __rt_lib_init_fp_1                       0x0800016d   Thumb Code     0  libinit2.o(.ARM.Collect$$libinit$$00000002)
    __rt_lib_init_heap_1                     0x0800016d   Thumb Code     0  libinit2.o(.ARM.Collect$$libinit$$0000000A)
    __rt_lib_init_lc_common                  0x0800016d   Thumb Code     0  libinit2.o(.ARM.Collect$$libinit$$0000000F)
    __rt_lib_init_preinit_1                  0x0800016d   Thumb Code     0  libinit2.o(.ARM.Collect$$libinit$$00000004)
    __rt_lib_init_rand_1                     0x0800016d   Thumb Code     0  libinit2.o(.ARM.Collect$$libinit$$0000000E)
    __rt_lib_init_user_alloc_1               0x0800016d   Thumb Code     0  libinit2.o(.ARM.Collect$$libinit$$0000000C)
    __rt_lib_init_lc_collate_1               0x08000173   Thumb Code     0  libinit2.o(.ARM.Collect$$libinit$$00000011)
    __rt_lib_init_lc_ctype_1                 0x08000173   Thumb Code     0  libinit2.o(.ARM.Collect$$libinit$$00000013)
    __rt_lib_init_lc_monetary_1              0x08000173   Thumb Code     0  libinit2.o(.ARM.Collect$$libinit$$00000015)
    __rt_lib_init_lc_numeric_2               0x08000173   Thumb Code     0  libinit2.o(.ARM.Collect$$libinit$$00000016)
    __rt_lib_init_alloca_1                   0x0800017d   Thumb Code     0  libinit2.o(.ARM.Collect$$libinit$$0000002E)
    __rt_lib_init_argv_1                     0x0800017d   Thumb Code     0  libinit2.o(.ARM.Collect$$libinit$$0000002C)
    __rt_lib_init_atexit_1                   0x0800017d   Thumb Code     0  libinit2.o(.ARM.Collect$$libinit$$0000001B)
    __rt_lib_init_clock_1                    0x0800017d   Thumb Code     0  libinit2.o(.ARM.Collect$$libinit$$00000021)
    __rt_lib_init_cpp_1                      0x0800017d   Thumb Code     0  libinit2.o(.ARM.Collect$$libinit$$00000032)
    __rt_lib_init_exceptions_1               0x0800017d   Thumb Code     0  libinit2.o(.ARM.Collect$$libinit$$00000030)
    __rt_lib_init_fp_trap_1                  0x0800017d   Thumb Code     0  libinit2.o(.ARM.Collect$$libinit$$0000001F)
    __rt_lib_init_getenv_1                   0x0800017d   Thumb Code     0  libinit2.o(.ARM.Collect$$libinit$$00000023)
    __rt_lib_init_lc_numeric_1               0x0800017d   Thumb Code     0  libinit2.o(.ARM.Collect$$libinit$$00000017)
    __rt_lib_init_lc_time_1                  0x0800017d   Thumb Code     0  libinit2.o(.ARM.Collect$$libinit$$00000019)
    __rt_lib_init_return                     0x0800017d   Thumb Code     0  libinit2.o(.ARM.Collect$$libinit$$00000033)
    __rt_lib_init_signal_1                   0x0800017d   Thumb Code     0  libinit2.o(.ARM.Collect$$libinit$$0000001D)
    __rt_lib_init_stdio_1                    0x0800017d   Thumb Code     0  libinit2.o(.ARM.Collect$$libinit$$00000025)
    __rt_lib_shutdown                        0x0800017f   Thumb Code     0  libshutdown.o(.ARM.Collect$$libshutdown$$00000000)
    __rt_lib_shutdown_cpp_1                  0x08000181   Thumb Code     0  libshutdown2.o(.ARM.Collect$$libshutdown$$00000004)
    __rt_lib_shutdown_fini_1                 0x08000181   Thumb Code     0  libshutdown2.o(.ARM.Collect$$libshutdown$$00000002)
    __rt_lib_shutdown_fp_trap_1              0x08000181   Thumb Code     0  libshutdown2.o(.ARM.Collect$$libshutdown$$00000009)
    __rt_lib_shutdown_heap_1                 0x08000181   Thumb Code     0  libshutdown2.o(.ARM.Collect$$libshutdown$$00000011)
    __rt_lib_shutdown_return                 0x08000181   Thumb Code     0  libshutdown2.o(.ARM.Collect$$libshutdown$$00000012)
    __rt_lib_shutdown_signal_1               0x08000181   Thumb Code     0  libshutdown2.o(.ARM.Collect$$libshutdown$$0000000C)
    __rt_lib_shutdown_stdio_1                0x08000181   Thumb Code     0  libshutdown2.o(.ARM.Collect$$libshutdown$$00000006)
    __rt_lib_shutdown_user_alloc_1           0x08000181   Thumb Code     0  libshutdown2.o(.ARM.Collect$$libshutdown$$0000000E)
    __rt_entry                               0x08000183   Thumb Code     0  __rtentry.o(.ARM.Collect$$rtentry$$00000000)
    __rt_entry_presh_1                       0x08000183   Thumb Code     0  __rtentry2.o(.ARM.Collect$$rtentry$$00000002)
    __rt_entry_sh                            0x08000183   Thumb Code     0  __rtentry4.o(.ARM.Collect$$rtentry$$00000004)
    __rt_entry_li                            0x08000189   Thumb Code     0  __rtentry2.o(.ARM.Collect$$rtentry$$0000000A)
    __rt_entry_postsh_1                      0x08000189   Thumb Code     0  __rtentry2.o(.ARM.Collect$$rtentry$$00000009)
    __rt_entry_main                          0x0800018d   Thumb Code     0  __rtentry2.o(.ARM.Collect$$rtentry$$0000000D)
    __rt_entry_postli_1                      0x0800018d   Thumb Code     0  __rtentry2.o(.ARM.Collect$$rtentry$$0000000C)
    __rt_exit                                0x08000195   Thumb Code     0  rtexit.o(.ARM.Collect$$rtexit$$00000000)
    __rt_exit_ls                             0x08000197   Thumb Code     0  rtexit2.o(.ARM.Collect$$rtexit$$00000003)
    __rt_exit_prels_1                        0x08000197   Thumb Code     0  rtexit2.o(.ARM.Collect$$rtexit$$00000002)
    __rt_exit_exit                           0x0800019b   Thumb Code     0  rtexit2.o(.ARM.Collect$$rtexit$$00000004)
    Reset_Handler                            0x080001a1   Thumb Code     4  startup_stm32f103xb.o(.text)
    ADC1_2_IRQHandler                        0x080001b7   Thumb Code     0  startup_stm32f103xb.o(.text)
    CAN1_RX1_IRQHandler                      0x080001b7   Thumb Code     0  startup_stm32f103xb.o(.text)
    CAN1_SCE_IRQHandler                      0x080001b7   Thumb Code     0  startup_stm32f103xb.o(.text)
    DMA1_Channel1_IRQHandler                 0x080001b7   Thumb Code     0  startup_stm32f103xb.o(.text)
    DMA1_Channel2_IRQHandler                 0x080001b7   Thumb Code     0  startup_stm32f103xb.o(.text)
    DMA1_Channel3_IRQHandler                 0x080001b7   Thumb Code     0  startup_stm32f103xb.o(.text)
    DMA1_Channel4_IRQHandler                 0x080001b7   Thumb Code     0  startup_stm32f103xb.o(.text)
    DMA1_Channel5_IRQHandler                 0x080001b7   Thumb Code     0  startup_stm32f103xb.o(.text)
    DMA1_Channel6_IRQHandler                 0x080001b7   Thumb Code     0  startup_stm32f103xb.o(.text)
    DMA1_Channel7_IRQHandler                 0x080001b7   Thumb Code     0  startup_stm32f103xb.o(.text)
    EXTI0_IRQHandler                         0x080001b7   Thumb Code     0  startup_stm32f103xb.o(.text)
    EXTI15_10_IRQHandler                     0x080001b7   Thumb Code     0  startup_stm32f103xb.o(.text)
    EXTI1_IRQHandler                         0x080001b7   Thumb Code     0  startup_stm32f103xb.o(.text)
    EXTI2_IRQHandler                         0x080001b7   Thumb Code     0  startup_stm32f103xb.o(.text)
    EXTI3_IRQHandler                         0x080001b7   Thumb Code     0  startup_stm32f103xb.o(.text)
    EXTI4_IRQHandler                         0x080001b7   Thumb Code     0  startup_stm32f103xb.o(.text)
    EXTI9_5_IRQHandler                       0x080001b7   Thumb Code     0  startup_stm32f103xb.o(.text)
    FLASH_IRQHandler                         0x080001b7   Thumb Code     0  startup_stm32f103xb.o(.text)
    I2C1_ER_IRQHandler                       0x080001b7   Thumb Code     0  startup_stm32f103xb.o(.text)
    I2C1_EV_IRQHandler                       0x080001b7   Thumb Code     0  startup_stm32f103xb.o(.text)
    I2C2_ER_IRQHandler                       0x080001b7   Thumb Code     0  startup_stm32f103xb.o(.text)
    I2C2_EV_IRQHandler                       0x080001b7   Thumb Code     0  startup_stm32f103xb.o(.text)
    PVD_IRQHandler                           0x080001b7   Thumb Code     0  startup_stm32f103xb.o(.text)
    RCC_IRQHandler                           0x080001b7   Thumb Code     0  startup_stm32f103xb.o(.text)
    RTC_Alarm_IRQHandler                     0x080001b7   Thumb Code     0  startup_stm32f103xb.o(.text)
    RTC_IRQHandler                           0x080001b7   Thumb Code     0  startup_stm32f103xb.o(.text)
    SPI1_IRQHandler                          0x080001b7   Thumb Code     0  startup_stm32f103xb.o(.text)
    SPI2_IRQHandler                          0x080001b7   Thumb Code     0  startup_stm32f103xb.o(.text)
    TAMPER_IRQHandler                        0x080001b7   Thumb Code     0  startup_stm32f103xb.o(.text)
    TIM1_BRK_IRQHandler                      0x080001b7   Thumb Code     0  startup_stm32f103xb.o(.text)
    TIM1_CC_IRQHandler                       0x080001b7   Thumb Code     0  startup_stm32f103xb.o(.text)
    TIM1_TRG_COM_IRQHandler                  0x080001b7   Thumb Code     0  startup_stm32f103xb.o(.text)
    TIM1_UP_IRQHandler                       0x080001b7   Thumb Code     0  startup_stm32f103xb.o(.text)
    TIM2_IRQHandler                          0x080001b7   Thumb Code     0  startup_stm32f103xb.o(.text)
    TIM3_IRQHandler                          0x080001b7   Thumb Code     0  startup_stm32f103xb.o(.text)
    TIM4_IRQHandler                          0x080001b7   Thumb Code     0  startup_stm32f103xb.o(.text)
    USART2_IRQHandler                        0x080001b7   Thumb Code     0  startup_stm32f103xb.o(.text)
    USART3_IRQHandler                        0x080001b7   Thumb Code     0  startup_stm32f103xb.o(.text)
    USBWakeUp_IRQHandler                     0x080001b7   Thumb Code     0  startup_stm32f103xb.o(.text)
    USB_HP_CAN1_TX_IRQHandler                0x080001b7   Thumb Code     0  startup_stm32f103xb.o(.text)
    USB_LP_CAN1_RX0_IRQHandler               0x080001b7   Thumb Code     0  startup_stm32f103xb.o(.text)
    WWDG_IRQHandler                          0x080001b7   Thumb Code     0  startup_stm32f103xb.o(.text)
    __user_initial_stackheap                 0x080001b9   Thumb Code     0  startup_stm32f103xb.o(.text)
    __use_no_semihosting                     0x080001d5   Thumb Code     2  use_no_semi_2.o(.text)
    __2printf                                0x080001d9   Thumb Code    20  noretval__2printf.o(.text)
    __printf                                 0x080001f1   Thumb Code   270  __printf_wp.o(.text)
    __aeabi_memclr4                          0x080002ff   Thumb Code     0  rt_memclr_w.o(.text)
    __aeabi_memclr8                          0x080002ff   Thumb Code     0  rt_memclr_w.o(.text)
    __rt_memclr_w                            0x080002ff   Thumb Code    78  rt_memclr_w.o(.text)
    _memset_w                                0x08000303   Thumb Code     0  rt_memclr_w.o(.text)
    __use_two_region_memory                  0x0800034d   Thumb Code     2  heapauxi.o(.text)
    __rt_heap_escrow$2region                 0x0800034f   Thumb Code     2  heapauxi.o(.text)
    __rt_heap_expand$2region                 0x08000351   Thumb Code     2  heapauxi.o(.text)
    __semihosting$guard                      0x08000353   Thumb Code     0  use_no_semi.o(.text)
    __use_no_semihosting_swi                 0x08000353   Thumb Code     2  use_no_semi.o(.text)
    __lib_sel_fp_printf                      0x08000355   Thumb Code     2  _printf_fp_dec.o(.text)
    _printf_fp_dec_real                      0x08000507   Thumb Code   620  _printf_fp_dec.o(.text)
    _printf_char_file                        0x08000775   Thumb Code    32  _printf_char_file.o(.text)
    __rt_locale                              0x08000799   Thumb Code     8  rt_locale_intlibspace.o(.text)
    _ll_udiv10                               0x080007a1   Thumb Code   138  lludiv10.o(.text)
    _printf_char_common                      0x08000837   Thumb Code    32  _printf_char_common.o(.text)
    _printf_fp_infnan                        0x0800085d   Thumb Code   112  _printf_fp_infnan.o(.text)
    _btod_etento                             0x080008dd   Thumb Code   224  bigflt0.o(.text)
    ferror                                   0x080009c1   Thumb Code     8  ferror.o(.text)
    __user_libspace                          0x080009c9   Thumb Code     8  libspace.o(.text)
    __user_perproc_libspace                  0x080009c9   Thumb Code     0  libspace.o(.text)
    __user_perthread_libspace                0x080009c9   Thumb Code     0  libspace.o(.text)
    __user_setup_stackheap                   0x080009d1   Thumb Code    74  sys_stackheap_outer.o(.text)
    exit                                     0x08000a1b   Thumb Code    18  exit.o(.text)
    strcmp                                   0x08000a2d   Thumb Code   128  strcmpv7m.o(.text)
    _btod_d2e                                0x08000aad   Thumb Code    62  btod.o(CL$$btod_d2e)
    _d2e_denorm_low                          0x08000aeb   Thumb Code    70  btod.o(CL$$btod_d2e_denorm_low)
    _d2e_norm_op1                            0x08000b31   Thumb Code    96  btod.o(CL$$btod_d2e_norm_op1)
    __btod_div_common                        0x08000b91   Thumb Code   696  btod.o(CL$$btod_div_common)
    _e2e                                     0x08000ec9   Thumb Code   220  btod.o(CL$$btod_e2e)
    _btod_ediv                               0x08000fa5   Thumb Code    42  btod.o(CL$$btod_ediv)
    _btod_emul                               0x08000fcf   Thumb Code    42  btod.o(CL$$btod_emul)
    __btod_mult_common                       0x08000ff9   Thumb Code   580  btod.o(CL$$btod_mult_common)
    BusFault_Handler                         0x0800123d   Thumb Code     4  stm32f1xx_it.o(i.BusFault_Handler)
    DebugMon_Handler                         0x08001241   Thumb Code     2  stm32f1xx_it.o(i.DebugMon_Handler)
    HAL_DMA_Abort_IT                         0x08001245   Thumb Code   172  stm32f1xx_hal_dma.o(i.HAL_DMA_Abort_IT)
    HAL_GPIO_Init                            0x080012f5   Thumb Code   766  stm32f1xx_hal_gpio.o(i.HAL_GPIO_Init)
    HAL_GPIO_ReadPin                         0x08001615   Thumb Code    16  stm32f1xx_hal_gpio.o(i.HAL_GPIO_ReadPin)
    HAL_GPIO_WritePin                        0x08001625   Thumb Code    12  stm32f1xx_hal_gpio.o(i.HAL_GPIO_WritePin)
    HAL_GetTick                              0x08001631   Thumb Code     6  stm32f1xx_hal.o(i.HAL_GetTick)
    HAL_IncTick                              0x0800163d   Thumb Code    16  stm32f1xx_hal.o(i.HAL_IncTick)
    HAL_Init                                 0x08001655   Thumb Code    34  stm32f1xx_hal.o(i.HAL_Init)
    HAL_InitTick                             0x0800167d   Thumb Code    64  stm32f1xx_hal.o(i.HAL_InitTick)
    HAL_MspInit                              0x080016c9   Thumb Code     2  stm32f1xx_hal.o(i.HAL_MspInit)
    HAL_NVIC_EnableIRQ                       0x080016cb   Thumb Code    32  stm32f1xx_hal_cortex.o(i.HAL_NVIC_EnableIRQ)
    HAL_NVIC_SetPriority                     0x080016eb   Thumb Code   124  stm32f1xx_hal_cortex.o(i.HAL_NVIC_SetPriority)
    HAL_NVIC_SetPriorityGrouping             0x08001769   Thumb Code    32  stm32f1xx_hal_cortex.o(i.HAL_NVIC_SetPriorityGrouping)
    HAL_RCC_ClockConfig                      0x08001791   Thumb Code   376  stm32f1xx_hal_rcc.o(i.HAL_RCC_ClockConfig)
    HAL_RCC_GetHCLKFreq                      0x0800191d   Thumb Code     6  stm32f1xx_hal_rcc.o(i.HAL_RCC_GetHCLKFreq)
    HAL_RCC_GetPCLK1Freq                     0x08001929   Thumb Code    22  stm32f1xx_hal_rcc.o(i.HAL_RCC_GetPCLK1Freq)
    HAL_RCC_GetPCLK2Freq                     0x08001949   Thumb Code    22  stm32f1xx_hal_rcc.o(i.HAL_RCC_GetPCLK2Freq)
    HAL_RCC_GetSysClockFreq                  0x08001969   Thumb Code   116  stm32f1xx_hal_rcc.o(i.HAL_RCC_GetSysClockFreq)
    HAL_RCC_OscConfig                        0x080019fd   Thumb Code  1114  stm32f1xx_hal_rcc.o(i.HAL_RCC_OscConfig)
    HAL_SYSTICK_Config                       0x08001e61   Thumb Code    52  stm32f1xx_hal_cortex.o(i.HAL_SYSTICK_Config)
    HAL_UART_ErrorCallback                   0x08001e95   Thumb Code     2  stm32f1xx_hal_uart.o(i.HAL_UART_ErrorCallback)
    HAL_UART_IRQHandler                      0x08001e99   Thumb Code   334  stm32f1xx_hal_uart.o(i.HAL_UART_IRQHandler)
    HAL_UART_Init                            0x08001fed   Thumb Code   114  stm32f1xx_hal_uart.o(i.HAL_UART_Init)
    HAL_UART_MspInit                         0x08002061   Thumb Code   168  usart.o(i.HAL_UART_MspInit)
    HAL_UART_Receive_IT                      0x08002115   Thumb Code   112  stm32f1xx_hal_uart.o(i.HAL_UART_Receive_IT)
    HAL_UART_RxCpltCallback                  0x08002185   Thumb Code   120  usart.o(i.HAL_UART_RxCpltCallback)
    HAL_UART_TxCpltCallback                  0x0800220d   Thumb Code     2  stm32f1xx_hal_uart.o(i.HAL_UART_TxCpltCallback)
    HardFault_Handler                        0x0800220f   Thumb Code     4  stm32f1xx_it.o(i.HardFault_Handler)
    MemManage_Handler                        0x08002213   Thumb Code     4  stm32f1xx_it.o(i.MemManage_Handler)
    NMI_Handler                              0x08002217   Thumb Code     2  stm32f1xx_it.o(i.NMI_Handler)
    PendSV_Handler                           0x08002219   Thumb Code     2  stm32f1xx_it.o(i.PendSV_Handler)
    SVC_Handler                              0x08002245   Thumb Code     2  stm32f1xx_it.o(i.SVC_Handler)
    SysTick_Handler                          0x08002247   Thumb Code     8  stm32f1xx_it.o(i.SysTick_Handler)
    USART1_IRQHandler                        0x080024a1   Thumb Code    26  usart.o(i.USART1_IRQHandler)
    UsageFault_Handler                       0x080024c5   Thumb Code     4  stm32f1xx_it.o(i.UsageFault_Handler)
    __ARM_fpclassify                         0x080024c9   Thumb Code    40  fpclassify.o(i.__ARM_fpclassify)
    _is_digit                                0x08002529   Thumb Code    14  __printf_wp.o(i._is_digit)
    _sys_exit                                0x08002537   Thumb Code     4  usart.o(i._sys_exit)
    atk_aht20_check                          0x0800253b   Thumb Code    22  atk_aht20.o(i.atk_aht20_check)
    atk_aht20_init                           0x08002551   Thumb Code    42  atk_aht20.o(i.atk_aht20_init)
    atk_aht20_read_data                      0x08002581   Thumb Code   192  atk_aht20.o(i.atk_aht20_read_data)
    atk_aht20_read_nbytes                    0x08002651   Thumb Code    70  atk_aht20.o(i.atk_aht20_read_nbytes)
    atk_aht20_read_status                    0x08002697   Thumb Code    16  atk_aht20.o(i.atk_aht20_read_status)
    atk_aht20_write_nbytes                   0x080026a7   Thumb Code   102  atk_aht20.o(i.atk_aht20_write_nbytes)
    delay_init                               0x0800270d   Thumb Code     6  delay.o(i.delay_init)
    delay_ms                                 0x08002719   Thumb Code    18  delay.o(i.delay_ms)
    delay_us                                 0x0800272d   Thumb Code    68  delay.o(i.delay_us)
    demo_run                                 0x08002775   Thumb Code    88  demo.o(i.demo_run)
    fputc                                    0x08002805   Thumb Code    24  usart.o(i.fputc)
    iic_ack                                  0x08002821   Thumb Code    76  myiic.o(i.iic_ack)
    iic_init                                 0x0800287d   Thumb Code   112  myiic.o(i.iic_init)
    iic_nack                                 0x080028f5   Thumb Code    58  myiic.o(i.iic_nack)
    iic_read_byte                            0x08002935   Thumb Code    88  myiic.o(i.iic_read_byte)
    iic_send_byte                            0x08002991   Thumb Code   102  myiic.o(i.iic_send_byte)
    iic_start                                0x080029fd   Thumb Code    72  myiic.o(i.iic_start)
    iic_stop                                 0x08002a49   Thumb Code    58  myiic.o(i.iic_stop)
    iic_wait_ack                             0x08002a89   Thumb Code    96  myiic.o(i.iic_wait_ack)
    key_init                                 0x08002aed   Thumb Code   120  key.o(i.key_init)
    led_init                                 0x08002b71   Thumb Code    76  led.o(i.led_init)
    main                                     0x08002bc5   Thumb Code    48  main.o(i.main)
    show_mesg                                0x08002bf5   Thumb Code    46  main.o(i.show_mesg)
    sys_stm32_clock_init                     0x08002c7d   Thumb Code   102  sys.o(i.sys_stm32_clock_init)
    usart_init                               0x08002ce5   Thumb Code    44  usart.o(i.usart_init)
    _get_lc_numeric                          0x08002d1d   Thumb Code    44  lc_numeric_c.o(locale$$code)
    __fpl_dretinf                            0x08002d49   Thumb Code    12  dretinf.o(x$fpl$dretinf)
    __aeabi_f2d                              0x08002d55   Thumb Code     0  f2d.o(x$fpl$f2d)
    _f2d                                     0x08002d55   Thumb Code    86  f2d.o(x$fpl$f2d)
    __aeabi_fadd                             0x08002dad   Thumb Code     0  faddsub_clz.o(x$fpl$fadd)
    _fadd                                    0x08002dad   Thumb Code   196  faddsub_clz.o(x$fpl$fadd)
    __aeabi_fdiv                             0x08002e71   Thumb Code     0  fdiv.o(x$fpl$fdiv)
    _fdiv                                    0x08002e71   Thumb Code   384  fdiv.o(x$fpl$fdiv)
    __aeabi_ui2f                             0x08002ff5   Thumb Code     0  fflt_clz.o(x$fpl$ffltu)
    _ffltu                                   0x08002ff5   Thumb Code    38  fflt_clz.o(x$fpl$ffltu)
    __aeabi_fmul                             0x0800301d   Thumb Code     0  fmul.o(x$fpl$fmul)
    _fmul                                    0x0800301d   Thumb Code   258  fmul.o(x$fpl$fmul)
    __fpl_fnaninf                            0x0800311f   Thumb Code   140  fnaninf.o(x$fpl$fnaninf)
    __fpl_fretinf                            0x080031ab   Thumb Code    10  fretinf.o(x$fpl$fretinf)
    __aeabi_fsub                             0x080031b5   Thumb Code     0  faddsub_clz.o(x$fpl$fsub)
    _fsub                                    0x080031b5   Thumb Code   234  faddsub_clz.o(x$fpl$fsub)
    _printf_fp_dec                           0x0800329f   Thumb Code     4  printf1.o(x$fpl$printf1)
    AHBPrescTable                            0x080032a2   Data          16  system_stm32f1xx.o(.constdata)
    __I$use$fp                               0x080032a2   Number         0  usenofp.o(x$fpl$usenofp)
    APBPrescTable                            0x080032b2   Data           8  system_stm32f1xx.o(.constdata)
    Region$$Table$$Base                      0x08003350   Number         0  anon$$obj.o(Region$$Table)
    Region$$Table$$Limit                     0x08003370   Number         0  anon$$obj.o(Region$$Table)
    SystemCoreClock                          0x20000000   Data           4  system_stm32f1xx.o(.data)
    uwTick                                   0x20000004   Data           4  stm32f1xx_hal.o(.data)
    uwTickPrio                               0x20000008   Data           4  stm32f1xx_hal.o(.data)
    uwTickFreq                               0x2000000c   Data           1  stm32f1xx_hal.o(.data)
    __stdout                                 0x20000014   Data           4  usart.o(.data)
    g_usart_rx_sta                           0x20000018   Data           2  usart.o(.data)
    g_rx_buffer                              0x2000001a   Data           1  usart.o(.data)
    g_usart_rx_buf                           0x2000001c   Data         200  usart.o(.bss)
    g_uart1_handle                           0x200000e4   Data          64  usart.o(.bss)
    __libspace_start                         0x20000124   Data          96  libspace.o(.bss)
    __temporary_stack_top$libspace           0x20000184   Data           0  libspace.o(.bss)



==============================================================================

Memory Map of the image

  Image Entry point : 0x080000ed

  Load Region LR_IROM1 (Base: 0x08000000, Size: 0x000033a8, Max: 0x00010000, ABSOLUTE)

    Execution Region ER_IROM1 (Exec base: 0x08000000, Load base: 0x08000000, Size: 0x0000338c, Max: 0x00010000, ABSOLUTE)

    Exec Addr    Load Addr    Size         Type   Attr      Idx    E Section Name        Object

    0x08000000   0x08000000   0x000000ec   Data   RO            3    RESET               startup_stm32f103xb.o
    0x080000ec   0x080000ec   0x00000008   Code   RO         2290  * !!!main             c_w.l(__main.o)
    0x080000f4   0x080000f4   0x00000034   Code   RO         2527    !!!scatter          c_w.l(__scatter.o)
    0x08000128   0x08000128   0x0000001a   Code   RO         2529    !!handler_copy      c_w.l(__scatter_copy.o)
    0x08000142   0x08000142   0x00000002   PAD
    0x08000144   0x08000144   0x0000001c   Code   RO         2531    !!handler_zi        c_w.l(__scatter_zi.o)
    0x08000160   0x08000160   0x00000000   Code   RO         2285    .ARM.Collect$$_printf_percent$$00000000  c_w.l(_printf_percent.o)
    0x08000160   0x08000160   0x00000006   Code   RO         2284    .ARM.Collect$$_printf_percent$$00000003  c_w.l(_printf_f.o)
    0x08000166   0x08000166   0x00000004   Code   RO         2321    .ARM.Collect$$_printf_percent$$00000017  c_w.l(_printf_percent_end.o)
    0x0800016a   0x0800016a   0x00000002   Code   RO         2407    .ARM.Collect$$libinit$$00000000  c_w.l(libinit.o)
    0x0800016c   0x0800016c   0x00000000   Code   RO         2409    .ARM.Collect$$libinit$$00000002  c_w.l(libinit2.o)
    0x0800016c   0x0800016c   0x00000000   Code   RO         2411    .ARM.Collect$$libinit$$00000004  c_w.l(libinit2.o)
    0x0800016c   0x0800016c   0x00000000   Code   RO         2414    .ARM.Collect$$libinit$$0000000A  c_w.l(libinit2.o)
    0x0800016c   0x0800016c   0x00000000   Code   RO         2416    .ARM.Collect$$libinit$$0000000C  c_w.l(libinit2.o)
    0x0800016c   0x0800016c   0x00000000   Code   RO         2418    .ARM.Collect$$libinit$$0000000E  c_w.l(libinit2.o)
    0x0800016c   0x0800016c   0x00000006   Code   RO         2419    .ARM.Collect$$libinit$$0000000F  c_w.l(libinit2.o)
    0x08000172   0x08000172   0x00000000   Code   RO         2421    .ARM.Collect$$libinit$$00000011  c_w.l(libinit2.o)
    0x08000172   0x08000172   0x00000000   Code   RO         2423    .ARM.Collect$$libinit$$00000013  c_w.l(libinit2.o)
    0x08000172   0x08000172   0x00000000   Code   RO         2425    .ARM.Collect$$libinit$$00000015  c_w.l(libinit2.o)
    0x08000172   0x08000172   0x0000000a   Code   RO         2426    .ARM.Collect$$libinit$$00000016  c_w.l(libinit2.o)
    0x0800017c   0x0800017c   0x00000000   Code   RO         2427    .ARM.Collect$$libinit$$00000017  c_w.l(libinit2.o)
    0x0800017c   0x0800017c   0x00000000   Code   RO         2429    .ARM.Collect$$libinit$$00000019  c_w.l(libinit2.o)
    0x0800017c   0x0800017c   0x00000000   Code   RO         2431    .ARM.Collect$$libinit$$0000001B  c_w.l(libinit2.o)
    0x0800017c   0x0800017c   0x00000000   Code   RO         2433    .ARM.Collect$$libinit$$0000001D  c_w.l(libinit2.o)
    0x0800017c   0x0800017c   0x00000000   Code   RO         2435    .ARM.Collect$$libinit$$0000001F  c_w.l(libinit2.o)
    0x0800017c   0x0800017c   0x00000000   Code   RO         2437    .ARM.Collect$$libinit$$00000021  c_w.l(libinit2.o)
    0x0800017c   0x0800017c   0x00000000   Code   RO         2439    .ARM.Collect$$libinit$$00000023  c_w.l(libinit2.o)
    0x0800017c   0x0800017c   0x00000000   Code   RO         2441    .ARM.Collect$$libinit$$00000025  c_w.l(libinit2.o)
    0x0800017c   0x0800017c   0x00000000   Code   RO         2445    .ARM.Collect$$libinit$$0000002C  c_w.l(libinit2.o)
    0x0800017c   0x0800017c   0x00000000   Code   RO         2447    .ARM.Collect$$libinit$$0000002E  c_w.l(libinit2.o)
    0x0800017c   0x0800017c   0x00000000   Code   RO         2449    .ARM.Collect$$libinit$$00000030  c_w.l(libinit2.o)
    0x0800017c   0x0800017c   0x00000000   Code   RO         2451    .ARM.Collect$$libinit$$00000032  c_w.l(libinit2.o)
    0x0800017c   0x0800017c   0x00000002   Code   RO         2452    .ARM.Collect$$libinit$$00000033  c_w.l(libinit2.o)
    0x0800017e   0x0800017e   0x00000002   Code   RO         2478    .ARM.Collect$$libshutdown$$00000000  c_w.l(libshutdown.o)
    0x08000180   0x08000180   0x00000000   Code   RO         2486    .ARM.Collect$$libshutdown$$00000002  c_w.l(libshutdown2.o)
    0x08000180   0x08000180   0x00000000   Code   RO         2488    .ARM.Collect$$libshutdown$$00000004  c_w.l(libshutdown2.o)
    0x08000180   0x08000180   0x00000000   Code   RO         2490    .ARM.Collect$$libshutdown$$00000006  c_w.l(libshutdown2.o)
    0x08000180   0x08000180   0x00000000   Code   RO         2493    .ARM.Collect$$libshutdown$$00000009  c_w.l(libshutdown2.o)
    0x08000180   0x08000180   0x00000000   Code   RO         2496    .ARM.Collect$$libshutdown$$0000000C  c_w.l(libshutdown2.o)
    0x08000180   0x08000180   0x00000000   Code   RO         2498    .ARM.Collect$$libshutdown$$0000000E  c_w.l(libshutdown2.o)
    0x08000180   0x08000180   0x00000000   Code   RO         2501    .ARM.Collect$$libshutdown$$00000011  c_w.l(libshutdown2.o)
    0x08000180   0x08000180   0x00000002   Code   RO         2502    .ARM.Collect$$libshutdown$$00000012  c_w.l(libshutdown2.o)
    0x08000182   0x08000182   0x00000000   Code   RO         2316    .ARM.Collect$$rtentry$$00000000  c_w.l(__rtentry.o)
    0x08000182   0x08000182   0x00000000   Code   RO         2330    .ARM.Collect$$rtentry$$00000002  c_w.l(__rtentry2.o)
    0x08000182   0x08000182   0x00000006   Code   RO         2342    .ARM.Collect$$rtentry$$00000004  c_w.l(__rtentry4.o)
    0x08000188   0x08000188   0x00000000   Code   RO         2332    .ARM.Collect$$rtentry$$00000009  c_w.l(__rtentry2.o)
    0x08000188   0x08000188   0x00000004   Code   RO         2333    .ARM.Collect$$rtentry$$0000000A  c_w.l(__rtentry2.o)
    0x0800018c   0x0800018c   0x00000000   Code   RO         2335    .ARM.Collect$$rtentry$$0000000C  c_w.l(__rtentry2.o)
    0x0800018c   0x0800018c   0x00000008   Code   RO         2336    .ARM.Collect$$rtentry$$0000000D  c_w.l(__rtentry2.o)
    0x08000194   0x08000194   0x00000002   Code   RO         2453    .ARM.Collect$$rtexit$$00000000  c_w.l(rtexit.o)
    0x08000196   0x08000196   0x00000000   Code   RO         2460    .ARM.Collect$$rtexit$$00000002  c_w.l(rtexit2.o)
    0x08000196   0x08000196   0x00000004   Code   RO         2461    .ARM.Collect$$rtexit$$00000003  c_w.l(rtexit2.o)
    0x0800019a   0x0800019a   0x00000006   Code   RO         2462    .ARM.Collect$$rtexit$$00000004  c_w.l(rtexit2.o)
    0x080001a0   0x080001a0   0x00000034   Code   RO            4    .text               startup_stm32f103xb.o
    0x080001d4   0x080001d4   0x00000002   Code   RO         2256    .text               c_w.l(use_no_semi_2.o)
    0x080001d6   0x080001d6   0x00000002   PAD
    0x080001d8   0x080001d8   0x00000018   Code   RO         2260    .text               c_w.l(noretval__2printf.o)
    0x080001f0   0x080001f0   0x0000010e   Code   RO         2272    .text               c_w.l(__printf_wp.o)
    0x080002fe   0x080002fe   0x0000004e   Code   RO         2286    .text               c_w.l(rt_memclr_w.o)
    0x0800034c   0x0800034c   0x00000006   Code   RO         2288    .text               c_w.l(heapauxi.o)
    0x08000352   0x08000352   0x00000002   Code   RO         2314    .text               c_w.l(use_no_semi.o)
    0x08000354   0x08000354   0x0000041e   Code   RO         2317    .text               c_w.l(_printf_fp_dec.o)
    0x08000772   0x08000772   0x00000002   PAD
    0x08000774   0x08000774   0x00000024   Code   RO         2319    .text               c_w.l(_printf_char_file.o)
    0x08000798   0x08000798   0x00000008   Code   RO         2347    .text               c_w.l(rt_locale_intlibspace.o)
    0x080007a0   0x080007a0   0x0000008a   Code   RO         2349    .text               c_w.l(lludiv10.o)
    0x0800082a   0x0800082a   0x00000002   PAD
    0x0800082c   0x0800082c   0x00000030   Code   RO         2351    .text               c_w.l(_printf_char_common.o)
    0x0800085c   0x0800085c   0x00000080   Code   RO         2353    .text               c_w.l(_printf_fp_infnan.o)
    0x080008dc   0x080008dc   0x000000e4   Code   RO         2355    .text               c_w.l(bigflt0.o)
    0x080009c0   0x080009c0   0x00000008   Code   RO         2380    .text               c_w.l(ferror.o)
    0x080009c8   0x080009c8   0x00000008   Code   RO         2391    .text               c_w.l(libspace.o)
    0x080009d0   0x080009d0   0x0000004a   Code   RO         2394    .text               c_w.l(sys_stackheap_outer.o)
    0x08000a1a   0x08000a1a   0x00000012   Code   RO         2398    .text               c_w.l(exit.o)
    0x08000a2c   0x08000a2c   0x00000080   Code   RO         2400    .text               c_w.l(strcmpv7m.o)
    0x08000aac   0x08000aac   0x0000003e   Code   RO         2358    CL$$btod_d2e        c_w.l(btod.o)
    0x08000aea   0x08000aea   0x00000046   Code   RO         2360    CL$$btod_d2e_denorm_low  c_w.l(btod.o)
    0x08000b30   0x08000b30   0x00000060   Code   RO         2359    CL$$btod_d2e_norm_op1  c_w.l(btod.o)
    0x08000b90   0x08000b90   0x00000338   Code   RO         2368    CL$$btod_div_common  c_w.l(btod.o)
    0x08000ec8   0x08000ec8   0x000000dc   Code   RO         2365    CL$$btod_e2e        c_w.l(btod.o)
    0x08000fa4   0x08000fa4   0x0000002a   Code   RO         2362    CL$$btod_ediv       c_w.l(btod.o)
    0x08000fce   0x08000fce   0x0000002a   Code   RO         2361    CL$$btod_emul       c_w.l(btod.o)
    0x08000ff8   0x08000ff8   0x00000244   Code   RO         2367    CL$$btod_mult_common  c_w.l(btod.o)
    0x0800123c   0x0800123c   0x00000004   Code   RO          232    i.BusFault_Handler  stm32f1xx_it.o
    0x08001240   0x08001240   0x00000002   Code   RO          233    i.DebugMon_Handler  stm32f1xx_it.o
    0x08001242   0x08001242   0x00000002   PAD
    0x08001244   0x08001244   0x000000b0   Code   RO          672    i.HAL_DMA_Abort_IT  stm32f1xx_hal_dma.o
    0x080012f4   0x080012f4   0x00000320   Code   RO          768    i.HAL_GPIO_Init     stm32f1xx_hal_gpio.o
    0x08001614   0x08001614   0x00000010   Code   RO          770    i.HAL_GPIO_ReadPin  stm32f1xx_hal_gpio.o
    0x08001624   0x08001624   0x0000000c   Code   RO          772    i.HAL_GPIO_WritePin  stm32f1xx_hal_gpio.o
    0x08001630   0x08001630   0x0000000c   Code   RO          385    i.HAL_GetTick       stm32f1xx_hal.o
    0x0800163c   0x0800163c   0x00000018   Code   RO          391    i.HAL_IncTick       stm32f1xx_hal.o
    0x08001654   0x08001654   0x00000028   Code   RO          392    i.HAL_Init          stm32f1xx_hal.o
    0x0800167c   0x0800167c   0x0000004c   Code   RO          393    i.HAL_InitTick      stm32f1xx_hal.o
    0x080016c8   0x080016c8   0x00000002   Code   RO          395    i.HAL_MspInit       stm32f1xx_hal.o
    0x080016ca   0x080016ca   0x00000020   Code   RO          550    i.HAL_NVIC_EnableIRQ  stm32f1xx_hal_cortex.o
    0x080016ea   0x080016ea   0x0000007c   Code   RO          556    i.HAL_NVIC_SetPriority  stm32f1xx_hal_cortex.o
    0x08001766   0x08001766   0x00000002   PAD
    0x08001768   0x08001768   0x00000028   Code   RO          557    i.HAL_NVIC_SetPriorityGrouping  stm32f1xx_hal_cortex.o
    0x08001790   0x08001790   0x0000018c   Code   RO          868    i.HAL_RCC_ClockConfig  stm32f1xx_hal_rcc.o
    0x0800191c   0x0800191c   0x0000000c   Code   RO          873    i.HAL_RCC_GetHCLKFreq  stm32f1xx_hal_rcc.o
    0x08001928   0x08001928   0x00000020   Code   RO          875    i.HAL_RCC_GetPCLK1Freq  stm32f1xx_hal_rcc.o
    0x08001948   0x08001948   0x00000020   Code   RO          876    i.HAL_RCC_GetPCLK2Freq  stm32f1xx_hal_rcc.o
    0x08001968   0x08001968   0x00000094   Code   RO          877    i.HAL_RCC_GetSysClockFreq  stm32f1xx_hal_rcc.o
    0x080019fc   0x080019fc   0x00000464   Code   RO          880    i.HAL_RCC_OscConfig  stm32f1xx_hal_rcc.o
    0x08001e60   0x08001e60   0x00000034   Code   RO          561    i.HAL_SYSTICK_Config  stm32f1xx_hal_cortex.o
    0x08001e94   0x08001e94   0x00000002   Code   RO         1031    i.HAL_UART_ErrorCallback  stm32f1xx_hal_uart.o
    0x08001e96   0x08001e96   0x00000002   PAD
    0x08001e98   0x08001e98   0x00000154   Code   RO         1034    i.HAL_UART_IRQHandler  stm32f1xx_hal_uart.o
    0x08001fec   0x08001fec   0x00000072   Code   RO         1035    i.HAL_UART_Init     stm32f1xx_hal_uart.o
    0x0800205e   0x0800205e   0x00000002   PAD
    0x08002060   0x08002060   0x000000b4   Code   RO         2000    i.HAL_UART_MspInit  usart.o
    0x08002114   0x08002114   0x00000070   Code   RO         1040    i.HAL_UART_Receive_IT  stm32f1xx_hal_uart.o
    0x08002184   0x08002184   0x00000088   Code   RO         2001    i.HAL_UART_RxCpltCallback  usart.o
    0x0800220c   0x0800220c   0x00000002   Code   RO         1046    i.HAL_UART_TxCpltCallback  stm32f1xx_hal_uart.o
    0x0800220e   0x0800220e   0x00000004   Code   RO          234    i.HardFault_Handler  stm32f1xx_it.o
    0x08002212   0x08002212   0x00000004   Code   RO          235    i.MemManage_Handler  stm32f1xx_it.o
    0x08002216   0x08002216   0x00000002   Code   RO          236    i.NMI_Handler       stm32f1xx_it.o
    0x08002218   0x08002218   0x00000002   Code   RO          237    i.PendSV_Handler    stm32f1xx_it.o
    0x0800221a   0x0800221a   0x00000002   PAD
    0x0800221c   0x0800221c   0x00000028   Code   RO          881    i.RCC_Delay         stm32f1xx_hal_rcc.o
    0x08002244   0x08002244   0x00000002   Code   RO          238    i.SVC_Handler       stm32f1xx_it.o
    0x08002246   0x08002246   0x00000008   Code   RO          239    i.SysTick_Handler   stm32f1xx_it.o
    0x0800224e   0x0800224e   0x00000014   Code   RO         1048    i.UART_DMAAbortOnError  stm32f1xx_hal_uart.o
    0x08002262   0x08002262   0x00000020   Code   RO         1058    i.UART_EndRxTransfer  stm32f1xx_hal_uart.o
    0x08002282   0x08002282   0x00000020   Code   RO         1059    i.UART_EndTransmit_IT  stm32f1xx_hal_uart.o
    0x080022a2   0x080022a2   0x000000a0   Code   RO         1061    i.UART_Receive_IT   stm32f1xx_hal_uart.o
    0x08002342   0x08002342   0x00000002   PAD
    0x08002344   0x08002344   0x000000fc   Code   RO         1062    i.UART_SetConfig    stm32f1xx_hal_uart.o
    0x08002440   0x08002440   0x00000060   Code   RO         1063    i.UART_Transmit_IT  stm32f1xx_hal_uart.o
    0x080024a0   0x080024a0   0x00000024   Code   RO         2002    i.USART1_IRQHandler  usart.o
    0x080024c4   0x080024c4   0x00000004   Code   RO          240    i.UsageFault_Handler  stm32f1xx_it.o
    0x080024c8   0x080024c8   0x00000028   Code   RO         2389    i.__ARM_fpclassify  m_ws.l(fpclassify.o)
    0x080024f0   0x080024f0   0x00000010   Code   RO          563    i.__NVIC_GetPriorityGrouping  stm32f1xx_hal_cortex.o
    0x08002500   0x08002500   0x00000028   Code   RO          564    i.__NVIC_SetPriority  stm32f1xx_hal_cortex.o
    0x08002528   0x08002528   0x0000000e   Code   RO         2274    i._is_digit         c_w.l(__printf_wp.o)
    0x08002536   0x08002536   0x00000004   Code   RO         2004    i._sys_exit         usart.o
    0x0800253a   0x0800253a   0x00000016   Code   RO         2203    i.atk_aht20_check   atk_aht20.o
    0x08002550   0x08002550   0x00000030   Code   RO         2204    i.atk_aht20_init    atk_aht20.o
    0x08002580   0x08002580   0x000000d0   Code   RO         2205    i.atk_aht20_read_data  atk_aht20.o
    0x08002650   0x08002650   0x00000046   Code   RO         2206    i.atk_aht20_read_nbytes  atk_aht20.o
    0x08002696   0x08002696   0x00000010   Code   RO         2207    i.atk_aht20_read_status  atk_aht20.o
    0x080026a6   0x080026a6   0x00000066   Code   RO         2208    i.atk_aht20_write_nbytes  atk_aht20.o
    0x0800270c   0x0800270c   0x0000000c   Code   RO         1957    i.delay_init        delay.o
    0x08002718   0x08002718   0x00000012   Code   RO         1958    i.delay_ms          delay.o
    0x0800272a   0x0800272a   0x00000002   PAD
    0x0800272c   0x0800272c   0x00000048   Code   RO         1959    i.delay_us          delay.o
    0x08002774   0x08002774   0x00000090   Code   RO          344    i.demo_run          demo.o
    0x08002804   0x08002804   0x0000001c   Code   RO         2006    i.fputc             usart.o
    0x08002820   0x08002820   0x00000050   Code   RO         2132    i.iic_ack           myiic.o
    0x08002870   0x08002870   0x0000000a   Code   RO         2133    i.iic_delay         myiic.o
    0x0800287a   0x0800287a   0x00000002   PAD
    0x0800287c   0x0800287c   0x00000078   Code   RO         2134    i.iic_init          myiic.o
    0x080028f4   0x080028f4   0x00000040   Code   RO         2135    i.iic_nack          myiic.o
    0x08002934   0x08002934   0x0000005c   Code   RO         2136    i.iic_read_byte     myiic.o
    0x08002990   0x08002990   0x0000006c   Code   RO         2137    i.iic_send_byte     myiic.o
    0x080029fc   0x080029fc   0x0000004c   Code   RO         2138    i.iic_start         myiic.o
    0x08002a48   0x08002a48   0x00000040   Code   RO         2139    i.iic_stop          myiic.o
    0x08002a88   0x08002a88   0x00000064   Code   RO         2140    i.iic_wait_ack      myiic.o
    0x08002aec   0x08002aec   0x00000084   Code   RO         2101    i.key_init          key.o
    0x08002b70   0x08002b70   0x00000054   Code   RO         2077    i.led_init          led.o
    0x08002bc4   0x08002bc4   0x00000030   Code   RO           13    i.main              main.o
    0x08002bf4   0x08002bf4   0x00000088   Code   RO           14    i.show_mesg         main.o
    0x08002c7c   0x08002c7c   0x00000066   Code   RO         1889    i.sys_stm32_clock_init  sys.o
    0x08002ce2   0x08002ce2   0x00000002   PAD
    0x08002ce4   0x08002ce4   0x00000038   Code   RO         2007    i.usart_init        usart.o
    0x08002d1c   0x08002d1c   0x0000002c   Code   RO         2385    locale$$code        c_w.l(lc_numeric_c.o)
    0x08002d48   0x08002d48   0x0000000c   Code   RO         2322    x$fpl$dretinf       fz_ws.l(dretinf.o)
    0x08002d54   0x08002d54   0x00000056   Code   RO         2292    x$fpl$f2d           fz_ws.l(f2d.o)
    0x08002daa   0x08002daa   0x00000002   PAD
    0x08002dac   0x08002dac   0x000000c4   Code   RO         2294    x$fpl$fadd          fz_ws.l(faddsub_clz.o)
    0x08002e70   0x08002e70   0x00000184   Code   RO         2301    x$fpl$fdiv          fz_ws.l(fdiv.o)
    0x08002ff4   0x08002ff4   0x00000026   Code   RO         2304    x$fpl$ffltu         fz_ws.l(fflt_clz.o)
    0x0800301a   0x0800301a   0x00000002   PAD
    0x0800301c   0x0800301c   0x00000102   Code   RO         2310    x$fpl$fmul          fz_ws.l(fmul.o)
    0x0800311e   0x0800311e   0x0000008c   Code   RO         2324    x$fpl$fnaninf       fz_ws.l(fnaninf.o)
    0x080031aa   0x080031aa   0x0000000a   Code   RO         2326    x$fpl$fretinf       fz_ws.l(fretinf.o)
    0x080031b4   0x080031b4   0x000000ea   Code   RO         2296    x$fpl$fsub          fz_ws.l(faddsub_clz.o)
    0x0800329e   0x0800329e   0x00000004   Code   RO         2312    x$fpl$printf1       fz_ws.l(printf1.o)
    0x080032a2   0x080032a2   0x00000000   Code   RO         2328    x$fpl$usenofp       fz_ws.l(usenofp.o)
    0x080032a2   0x080032a2   0x00000018   Data   RO          309    .constdata          system_stm32f1xx.o
    0x080032ba   0x080032ba   0x00000002   PAD
    0x080032bc   0x080032bc   0x00000094   Data   RO         2356    .constdata          c_w.l(bigflt0.o)
    0x08003350   0x08003350   0x00000020   Data   RO         2525    Region$$Table       anon$$obj.o
    0x08003370   0x08003370   0x0000001c   Data   RO         2384    locale$$data        c_w.l(lc_numeric_c.o)


    Execution Region RW_IRAM1 (Exec base: 0x20000000, Load base: 0x0800338c, Size: 0x00000588, Max: 0x00005000, ABSOLUTE)

    Exec Addr    Load Addr    Size         Type   Attr      Idx    E Section Name        Object

    0x20000000   0x0800338c   0x00000004   Data   RW          310    .data               system_stm32f1xx.o
    0x20000004   0x08003390   0x00000009   Data   RW          399    .data               stm32f1xx_hal.o
    0x2000000d   0x08003399   0x00000003   PAD
    0x20000010   0x0800339c   0x00000004   Data   RW         1960    .data               delay.o
    0x20000014   0x080033a0   0x00000007   Data   RW         2009    .data               usart.o
    0x2000001b   0x080033a7   0x00000001   PAD
    0x2000001c        -       0x00000108   Zero   RW         2008    .bss                usart.o
    0x20000124        -       0x00000060   Zero   RW         2392    .bss                c_w.l(libspace.o)
    0x20000184   0x080033a7   0x00000004   PAD
    0x20000188        -       0x00000000   Zero   RW            2    HEAP                startup_stm32f103xb.o
    0x20000188        -       0x00000400   Zero   RW            1    STACK               startup_stm32f103xb.o


==============================================================================

Image component sizes


      Code (inc. data)   RO Data    RW Data    ZI Data      Debug   Object Name

       466         22          0          0          0       4530   atk_aht20.o
       102         10          0          4          0       1979   delay.o
       144         56          0          0          0        547   demo.o
       132         12          0          0          0       1007   key.o
        84          8          0          0          0        923   led.o
       184         90          0          0          0     393271   main.o
       714         42          0          0          0       5406   myiic.o
        52         18        236          0       1024        948   startup_stm32f103xb.o
       154         32          0          9          0       6043   stm32f1xx_hal.o
       304         22          0          0          0      29687   stm32f1xx_hal_cortex.o
       176          4          0          0          0       1167   stm32f1xx_hal_dma.o
       828         34          0          0          0       3463   stm32f1xx_hal_gpio.o
      1784        110          0          0          0       6304   stm32f1xx_hal_rcc.o
      1162         10          0          0          0       8139   stm32f1xx_hal_uart.o
        32          0          0          0          0       4194   stm32f1xx_it.o
       102          0          0          0          0        743   sys.o
         0          0         24          4          0        890   system_stm32f1xx.o
       440         54          0          7        264       5649   usart.o

    ----------------------------------------------------------------------
      6878        524        294         28       1288     474890   Object Totals
         0          0         32          0          0          0   (incl. Generated)
        18          0          2          4          0          0   (incl. Padding)

    ----------------------------------------------------------------------

      Code (inc. data)   RO Data    RW Data    ZI Data      Debug   Library Member Name

         8          0          0          0          0         68   __main.o
       284          0          0          0          0        156   __printf_wp.o
         0          0          0          0          0          0   __rtentry.o
        12          0          0          0          0          0   __rtentry2.o
         6          0          0          0          0          0   __rtentry4.o
        52          8          0          0          0          0   __scatter.o
        26          0          0          0          0          0   __scatter_copy.o
        28          0          0          0          0          0   __scatter_zi.o
        48          6          0          0          0         96   _printf_char_common.o
        36          4          0          0          0         80   _printf_char_file.o
         6          0          0          0          0          0   _printf_f.o
      1054          0          0          0          0        216   _printf_fp_dec.o
       128         16          0          0          0         84   _printf_fp_infnan.o
         0          0          0          0          0          0   _printf_percent.o
         4          0          0          0          0          0   _printf_percent_end.o
       228          4        148          0          0         96   bigflt0.o
      1936        128          0          0          0        672   btod.o
        18          0          0          0          0         80   exit.o
         8          0          0          0          0         68   ferror.o
         6          0          0          0          0        152   heapauxi.o
        44         10         28          0          0         76   lc_numeric_c.o
         2          0          0          0          0          0   libinit.o
        18          0          0          0          0          0   libinit2.o
         2          0          0          0          0          0   libshutdown.o
         2          0          0          0          0          0   libshutdown2.o
         8          4          0          0         96         68   libspace.o
       138          0          0          0          0         80   lludiv10.o
        24          4          0          0          0         84   noretval__2printf.o
         8          4          0          0          0         68   rt_locale_intlibspace.o
        78          0          0          0          0         80   rt_memclr_w.o
         2          0          0          0          0          0   rtexit.o
        10          0          0          0          0          0   rtexit2.o
       128          0          0          0          0         68   strcmpv7m.o
        74          0          0          0          0         80   sys_stackheap_outer.o
         2          0          0          0          0         68   use_no_semi.o
         2          0          0          0          0         68   use_no_semi_2.o
        12          0          0          0          0         68   dretinf.o
        86          4          0          0          0         84   f2d.o
       430          8          0          0          0        168   faddsub_clz.o
       388         76          0          0          0         96   fdiv.o
        38          0          0          0          0         68   fflt_clz.o
       258          4          0          0          0         84   fmul.o
       140          4          0          0          0         84   fnaninf.o
        10          0          0          0          0         68   fretinf.o
         4          0          0          0          0         68   printf1.o
         0          0          0          0          0          0   usenofp.o
        40          0          0          0          0         68   fpclassify.o

    ----------------------------------------------------------------------
      5848        284        176          0        100       3364   Library Totals
        12          0          0          0          4          0   (incl. Padding)

    ----------------------------------------------------------------------

      Code (inc. data)   RO Data    RW Data    ZI Data      Debug   Library Name

      4430        188        176          0         96       2508   c_w.l
      1366         96          0          0          0        788   fz_ws.l
        40          0          0          0          0         68   m_ws.l

    ----------------------------------------------------------------------
      5848        284        176          0        100       3364   Library Totals

    ----------------------------------------------------------------------

==============================================================================


      Code (inc. data)   RO Data    RW Data    ZI Data      Debug   

     12726        808        470         28       1388     472842   Grand Totals
     12726        808        470         28       1388     472842   ELF Image Totals
     12726        808        470         28          0          0   ROM Totals

==============================================================================

    Total RO  Size (Code + RO Data)                13196 (  12.89kB)
    Total RW  Size (RW Data + ZI Data)              1416 (   1.38kB)
    Total ROM Size (Code + RO Data + RW Data)      13224 (  12.91kB)

==============================================================================

